#
# There is insufficient memory for the Java Runtime Environment to continue.
# Native memory allocation (mmap) failed to map 12582912 bytes. Error detail: G1 virtual space
# Possible reasons:
#   The system is out of physical RAM or swap space
#   This process is running with CompressedOops enabled, and the Java Heap may be blocking the growth of the native heap
# Possible solutions:
#   Reduce memory load on the system
#   Increase physical memory or swap space
#   Check if swap backing store is full
#   Decrease Java heap size (-Xmx/-Xms)
#   Decrease number of Java threads
#   Decrease Java thread stack sizes (-Xss)
#   Set larger code cache with -XX:ReservedCodeCacheSize=
#   JVM is running with Unscaled Compressed Oops mode in which the Java heap is
#     placed in the first 4GB address space. The Java Heap base address is the
#     maximum limit for the native heap growth. Please use -XX:HeapBaseMinAddress
#     to set the Java Heap base and to place the Java Heap above 4GB virtual address.
# This output file may be truncated or incomplete.
#
#  Out of Memory Error (os_windows.cpp:3898), pid=22268, tid=21708
#
# JRE version: OpenJDK Runtime Environment (21.0.6) (build 21.0.6+-13391695-b895.109)
# Java VM: OpenJDK 64-Bit Server VM (21.0.6+-13391695-b895.109, mixed mode, tiered, compressed oops, compressed class ptrs, g1 gc, windows-amd64)
# No core dump will be written. Minidumps are not enabled by default on client versions of Windows
#

---------------  S U M M A R Y ------------

Command Line: --add-opens=java.base/java.lang=ALL-UNNAMED --add-opens=java.base/java.lang.invoke=ALL-UNNAMED --add-opens=java.base/java.util=ALL-UNNAMED --add-opens=java.prefs/java.util.prefs=ALL-UNNAMED --add-exports=jdk.compiler/com.sun.tools.javac.api=ALL-UNNAMED --add-exports=jdk.compiler/com.sun.tools.javac.util=ALL-UNNAMED --add-opens=java.base/java.util=ALL-UNNAMED --add-opens=java.prefs/java.util.prefs=ALL-UNNAMED --add-opens=java.base/java.nio.charset=ALL-UNNAMED --add-opens=java.base/java.net=ALL-UNNAMED --add-opens=java.base/java.util.concurrent.atomic=ALL-UNNAMED --add-opens=java.xml/javax.xml.namespace=ALL-UNNAMED -Xmx2048m -Dfile.encoding=UTF-8 -Duser.country=US -Duser.language=en -Duser.variant -javaagent:C:\Users\Asus\Downloads\gradle\gradle-9.0.0\wrapper\dists\gradle-8.13-bin\5xuhj0ry160q40clulazy9h7d\gradle-8.13\lib\agents\gradle-instrumentation-agent-8.13.jar org.gradle.launcher.daemon.bootstrap.GradleDaemon 8.13

Host: Intel(R) Core(TM) i7-10510U CPU @ 1.80GHz, 8 cores, 7G,  Windows 11 , 64 bit Build 26100 (10.0.26100.7705)
Time: Fri Feb 27 14:35:41 2026 SE Asia Standard Time elapsed time: 12.545846 seconds (0d 0h 0m 12s)

---------------  T H R E A D  ---------------

Current thread (0x000001fc7f3ffb80):  VMThread "VM Thread"          [id=21708, stack(0x0000005f4b100000,0x0000005f4b200000) (1024K)]

Stack: [0x0000005f4b100000,0x0000005f4b200000]
Native frames: (J=compiled Java code, j=interpreted, Vv=VM code, C=native code)
V  [jvm.dll+0x6d0639]
V  [jvm.dll+0x85eb03]
V  [jvm.dll+0x86105e]
V  [jvm.dll+0x861743]
V  [jvm.dll+0x27e6e6]
V  [jvm.dll+0x6ccfd5]
V  [jvm.dll+0x6c0a8a]
V  [jvm.dll+0x35537b]
V  [jvm.dll+0x35cfd6]
V  [jvm.dll+0x3aef86]
V  [jvm.dll+0x3af258]
V  [jvm.dll+0x327a2c]
V  [jvm.dll+0x327ab7]
V  [jvm.dll+0x36d93c]
V  [jvm.dll+0x36c0ee]
V  [jvm.dll+0x327181]
V  [jvm.dll+0x36b7f0]
V  [jvm.dll+0x8674c8]
V  [jvm.dll+0x868844]
V  [jvm.dll+0x868d80]
V  [jvm.dll+0x869013]
V  [jvm.dll+0x806ed8]
V  [jvm.dll+0x6cef0d]
C  [ucrtbase.dll+0x37b0]
C  [KERNEL32.DLL+0x2e8d7]
C  [ntdll.dll+0x8c40c]

VM_Operation (0x0000005f4c9f3c20): G1CollectForAllocation, mode: safepoint, requested by thread 0x000001fc079e8640


---------------  P R O C E S S  ---------------

Threads class SMR info:
_java_thread_list=0x000001fc084a0990, length=38, elements={
0x000001fc69d2b0f0, 0x000001fc7f5e3f60, 0x000001fc7f5e55d0, 0x000001fc7f5f0590,
0x000001fc7f5e69a0, 0x000001fc7f5f4c00, 0x000001fc7f5f5260, 0x000001fc7f5f58c0,
0x000001fc7f5fe0a0, 0x000001fc7f690210, 0x000001fc7f8f08e0, 0x000001fc07854aa0,
0x000001fc079361c0, 0x000001fc07abc9a0, 0x000001fc07a62490, 0x000001fc07a63b00,
0x000001fc07a9f1a0, 0x000001fc079e8640, 0x000001fc078d9e20, 0x000001fc078da4b0,
0x000001fc078d8a70, 0x000001fc078d9790, 0x000001fc078dab40, 0x000001fc078db1d0,
0x000001fc078d9100, 0x000001fc078db860, 0x000001fc078dbef0, 0x000001fc0861d610,
0x000001fc0861b540, 0x000001fc0861a190, 0x000001fc0861bbd0, 0x000001fc0861c260,
0x000001fc0861cf80, 0x000001fc0861aeb0, 0x000001fc0861c8f0, 0x000001fc0861dca0,
0x000001fc097c26c0, 0x000001fc08a5f6b0
}

Java Threads: ( => current thread )
  0x000001fc69d2b0f0 JavaThread "main"                              [_thread_blocked, id=19120, stack(0x0000005f4aa00000,0x0000005f4ab00000) (1024K)]
  0x000001fc7f5e3f60 JavaThread "Reference Handler"          daemon [_thread_blocked, id=18024, stack(0x0000005f4b200000,0x0000005f4b300000) (1024K)]
  0x000001fc7f5e55d0 JavaThread "Finalizer"                  daemon [_thread_blocked, id=21096, stack(0x0000005f4b300000,0x0000005f4b400000) (1024K)]
  0x000001fc7f5f0590 JavaThread "Signal Dispatcher"          daemon [_thread_blocked, id=16312, stack(0x0000005f4b400000,0x0000005f4b500000) (1024K)]
  0x000001fc7f5e69a0 JavaThread "Attach Listener"            daemon [_thread_blocked, id=10488, stack(0x0000005f4b500000,0x0000005f4b600000) (1024K)]
  0x000001fc7f5f4c00 JavaThread "Service Thread"             daemon [_thread_blocked, id=15220, stack(0x0000005f4b600000,0x0000005f4b700000) (1024K)]
  0x000001fc7f5f5260 JavaThread "Monitor Deflation Thread"   daemon [_thread_blocked, id=21404, stack(0x0000005f4b700000,0x0000005f4b800000) (1024K)]
  0x000001fc7f5f58c0 JavaThread "C2 CompilerThread0"         daemon [_thread_blocked, id=5748, stack(0x0000005f4b800000,0x0000005f4b900000) (1024K)]
  0x000001fc7f5fe0a0 JavaThread "C1 CompilerThread0"         daemon [_thread_blocked, id=21004, stack(0x0000005f4b900000,0x0000005f4ba00000) (1024K)]
  0x000001fc7f690210 JavaThread "Common-Cleaner"             daemon [_thread_blocked, id=22196, stack(0x0000005f4ba00000,0x0000005f4bb00000) (1024K)]
  0x000001fc7f8f08e0 JavaThread "Notification Thread"        daemon [_thread_blocked, id=18320, stack(0x0000005f4bb00000,0x0000005f4bc00000) (1024K)]
  0x000001fc07854aa0 JavaThread "Daemon health stats"               [_thread_blocked, id=20780, stack(0x0000005f4c400000,0x0000005f4c500000) (1024K)]
  0x000001fc079361c0 JavaThread "Incoming local TCP Connector on port 51554"        [_thread_in_native, id=20504, stack(0x0000005f4bc00000,0x0000005f4bd00000) (1024K)]
  0x000001fc07abc9a0 JavaThread "Daemon periodic checks"            [_thread_blocked, id=16248, stack(0x0000005f4c500000,0x0000005f4c600000) (1024K)]
  0x000001fc07a62490 JavaThread "Daemon"                            [_thread_blocked, id=9808, stack(0x0000005f4c600000,0x0000005f4c700000) (1024K)]
  0x000001fc07a63b00 JavaThread "Handler for socket connection from /127.0.0.1:51554 to /127.0.0.1:51555"        [_thread_in_native, id=2232, stack(0x0000005f4c700000,0x0000005f4c800000) (1024K)]
  0x000001fc07a9f1a0 JavaThread "Cancel handler"                    [_thread_blocked, id=144, stack(0x0000005f4c800000,0x0000005f4c900000) (1024K)]
  0x000001fc079e8640 JavaThread "Daemon worker"                     [_thread_blocked, id=13496, stack(0x0000005f4c900000,0x0000005f4ca00000) (1024K)]
  0x000001fc078d9e20 JavaThread "Asynchronous log dispatcher for DefaultDaemonConnection: socket connection from /127.0.0.1:51554 to /127.0.0.1:51555"        [_thread_blocked, id=6716, stack(0x0000005f4ca00000,0x0000005f4cb00000) (1024K)]
  0x000001fc078da4b0 JavaThread "Stdin handler"                     [_thread_blocked, id=18736, stack(0x0000005f4cb00000,0x0000005f4cc00000) (1024K)]
  0x000001fc078d8a70 JavaThread "Daemon client event forwarder"        [_thread_blocked, id=8392, stack(0x0000005f4cc00000,0x0000005f4cd00000) (1024K)]
  0x000001fc078d9790 JavaThread "Cache worker for journal cache (C:\Users\Asus\Downloads\gradle\gradle-9.0.0\caches\journal-1)"        [_thread_blocked, id=3032, stack(0x0000005f4ce00000,0x0000005f4cf00000) (1024K)]
  0x000001fc078dab40 JavaThread "File lock request listener"        [_thread_in_native, id=10716, stack(0x0000005f4cf00000,0x0000005f4d000000) (1024K)]
  0x000001fc078db1d0 JavaThread "Cache worker for file hash cache (C:\Users\Asus\Downloads\gradle\gradle-9.0.0\caches\8.13\fileHashes)"        [_thread_blocked, id=13560, stack(0x0000005f4d000000,0x0000005f4d100000) (1024K)]
  0x000001fc078d9100 JavaThread "Cache worker for file hash cache (D:\Dicoding\Belajar Fundamental Aplikasi Android\GPT\15. Latihan SQLite\.gradle\8.13\fileHashes)"        [_thread_blocked, id=1452, stack(0x0000005f4d200000,0x0000005f4d300000) (1024K)]
  0x000001fc078db860 JavaThread "Cache worker for Build Output Cleanup Cache (D:\Dicoding\Belajar Fundamental Aplikasi Android\GPT\15. Latihan SQLite\.gradle\buildOutputCleanup)"        [_thread_blocked, id=20652, stack(0x0000005f4d300000,0x0000005f4d400000) (1024K)]
  0x000001fc078dbef0 JavaThread "File watcher server"        daemon [_thread_in_native, id=21528, stack(0x0000005f4d100000,0x0000005f4d200000) (1024K)]
  0x000001fc0861d610 JavaThread "File watcher consumer"      daemon [_thread_blocked, id=22404, stack(0x0000005f4d400000,0x0000005f4d500000) (1024K)]
  0x000001fc0861b540 JavaThread "jar transforms"                    [_thread_blocked, id=15756, stack(0x0000005f4d600000,0x0000005f4d700000) (1024K)]
  0x000001fc0861a190 JavaThread "jar transforms Thread 2"           [_thread_blocked, id=15888, stack(0x0000005f4d700000,0x0000005f4d800000) (1024K)]
  0x000001fc0861bbd0 JavaThread "jar transforms Thread 3"           [_thread_blocked, id=20888, stack(0x0000005f4d800000,0x0000005f4d900000) (1024K)]
  0x000001fc0861c260 JavaThread "jar transforms Thread 4"           [_thread_blocked, id=1360, stack(0x0000005f4d900000,0x0000005f4da00000) (1024K)]
  0x000001fc0861cf80 JavaThread "jar transforms Thread 5"           [_thread_blocked, id=14844, stack(0x0000005f4da00000,0x0000005f4db00000) (1024K)]
  0x000001fc0861aeb0 JavaThread "jar transforms Thread 6"           [_thread_blocked, id=20772, stack(0x0000005f4db00000,0x0000005f4dc00000) (1024K)]
  0x000001fc0861c8f0 JavaThread "jar transforms Thread 7"           [_thread_blocked, id=21888, stack(0x0000005f4dc00000,0x0000005f4dd00000) (1024K)]
  0x000001fc0861dca0 JavaThread "jar transforms Thread 8"           [_thread_blocked, id=14964, stack(0x0000005f4dd00000,0x0000005f4de00000) (1024K)]
  0x000001fc097c26c0 JavaThread "C2 CompilerThread1"         daemon [_thread_blocked, id=14252, stack(0x0000005f4d500000,0x0000005f4d600000) (1024K)]
  0x000001fc08a5f6b0 JavaThread "C2 CompilerThread2"         daemon [_thread_blocked, id=15392, stack(0x0000005f4de00000,0x0000005f4df00000) (1024K)]
Total: 38

Other Threads:
=>0x000001fc7f3ffb80 VMThread "VM Thread"                           [id=21708, stack(0x0000005f4b100000,0x0000005f4b200000) (1024K)]
  0x000001fc7f3be610 WatcherThread "VM Periodic Task Thread"        [id=15804, stack(0x0000005f4b000000,0x0000005f4b100000) (1024K)]
  0x000001fc69d84790 WorkerThread "GC Thread#0"                     [id=21000, stack(0x0000005f4ab00000,0x0000005f4ac00000) (1024K)]
  0x000001fc06040000 WorkerThread "GC Thread#1"                     [id=18600, stack(0x0000005f4be00000,0x0000005f4bf00000) (1024K)]
  0x000001fc060403a0 WorkerThread "GC Thread#2"                     [id=18332, stack(0x0000005f4bf00000,0x0000005f4c000000) (1024K)]
  0x000001fc06b59bb0 WorkerThread "GC Thread#3"                     [id=21572, stack(0x0000005f4bd00000,0x0000005f4be00000) (1024K)]
  0x000001fc06b59f50 WorkerThread "GC Thread#4"                     [id=22500, stack(0x0000005f4c000000,0x0000005f4c100000) (1024K)]
  0x000001fc06dc1e60 WorkerThread "GC Thread#5"                     [id=16492, stack(0x0000005f4c100000,0x0000005f4c200000) (1024K)]
  0x000001fc06dc1640 WorkerThread "GC Thread#6"                     [id=21960, stack(0x0000005f4c200000,0x0000005f4c300000) (1024K)]
  0x000001fc07965500 WorkerThread "GC Thread#7"                     [id=17364, stack(0x0000005f4c300000,0x0000005f4c400000) (1024K)]
  0x000001fc69d95680 ConcurrentGCThread "G1 Main Marker"            [id=17212, stack(0x0000005f4ac00000,0x0000005f4ad00000) (1024K)]
  0x000001fc69d96ed0 WorkerThread "G1 Conc#0"                       [id=10740, stack(0x0000005f4ad00000,0x0000005f4ae00000) (1024K)]
  0x000001fc079658a0 WorkerThread "G1 Conc#1"                       [id=16160, stack(0x0000005f4cd00000,0x0000005f4ce00000) (1024K)]
  0x000001fc7f28a530 ConcurrentGCThread "G1 Refine#0"               [id=14640, stack(0x0000005f4ae00000,0x0000005f4af00000) (1024K)]
  0x000001fc69dee3b0 ConcurrentGCThread "G1 Service"                [id=20948, stack(0x0000005f4af00000,0x0000005f4b000000) (1024K)]
Total: 15

Threads with active compile tasks:
C2 CompilerThread1  12569 3792   !   4       java.lang.ClassLoader::loadClass (121 bytes)
Total: 1

VM state: at safepoint (normal execution)

VM Mutex/Monitor currently owned by a thread:  ([mutex/lock_event])
[0x00007ff8eaede3a0] Threads_lock - owner thread: 0x000001fc7f3ffb80
[0x00007ff8eaede4a0] Heap_lock - owner thread: 0x000001fc079e8640

Heap address: 0x0000000080000000, size: 2048 MB, Compressed Oops mode: 32-bit

CDS archive(s) not mapped
Compressed class space mapped at: 0x0000000100000000-0x0000000140000000, reserved size: 1073741824
Narrow klass base: 0x0000000000000000, Narrow klass shift: 3, Narrow klass range: 0x140000000

GC Precious Log:
 CardTable entry size: 512
 Card Set container configuration: InlinePtr #cards 5 size 8 Array Of Cards #cards 12 size 40 Howl #buckets 4 coarsen threshold 1843 Howl Bitmap #cards 512 size 80 coarsen threshold 460 Card regions per heap region 1 cards per card region 2048
 CPUs: 8 total, 8 available
 Memory: 7990M
 Large Page Support: Disabled
 NUMA Support: Disabled
 Compressed Oops: Enabled (32-bit)
 Heap Region Size: 1M
 Heap Min Capacity: 8M
 Heap Initial Capacity: 126M
 Heap Max Capacity: 2G
 Pre-touch: Disabled
 Parallel Workers: 8
 Concurrent Workers: 2
 Concurrent Refinement Workers: 8
 Periodic GC: Disabled

Heap:
 garbage-first heap   total 113664K, used 62524K [0x0000000080000000, 0x0000000100000000)
  region size 1024K, 2 young (2048K), 2 survivors (2048K)
 Metaspace       used 41534K, committed 42624K, reserved 1114112K
  class space    used 5614K, committed 6144K, reserved 1048576K

Heap Regions: E=young(eden), S=young(survivor), O=old, HS=humongous(starts), HC=humongous(continues), CS=collection set, F=free, TAMS=top-at-mark-start, PB=parsable bottom
|   0|0x0000000080000000, 0x0000000080100000, 0x0000000080100000|100%|HS|  |TAMS 0x0000000080000000| PB 0x0000000080000000| Complete 
|   1|0x0000000080100000, 0x0000000080200000, 0x0000000080200000|100%|HC|  |TAMS 0x0000000080100000| PB 0x0000000080100000| Complete 
|   2|0x0000000080200000, 0x0000000080300000, 0x0000000080300000|100%|HC|  |TAMS 0x0000000080200000| PB 0x0000000080200000| Complete 
|   3|0x0000000080300000, 0x000000008030f1b8, 0x0000000080400000|  5%| O|  |TAMS 0x0000000080300000| PB 0x0000000080300000| Untracked 
|   4|0x0000000080400000, 0x0000000080500000, 0x0000000080500000|100%| O|  |TAMS 0x0000000080400000| PB 0x0000000080400000| Untracked 
|   5|0x0000000080500000, 0x0000000080600000, 0x0000000080600000|100%| O|  |TAMS 0x0000000080500000| PB 0x0000000080500000| Untracked 
|   6|0x0000000080600000, 0x0000000080700000, 0x0000000080700000|100%|HS|  |TAMS 0x0000000080600000| PB 0x0000000080600000| Complete 
|   7|0x0000000080700000, 0x0000000080800000, 0x0000000080800000|100%| O|  |TAMS 0x0000000080700000| PB 0x0000000080700000| Untracked 
|   8|0x0000000080800000, 0x0000000080900000, 0x0000000080900000|100%| O|  |TAMS 0x0000000080800000| PB 0x0000000080800000| Untracked 
|   9|0x0000000080900000, 0x0000000080a00000, 0x0000000080a00000|100%| O|  |TAMS 0x0000000080900000| PB 0x0000000080900000| Untracked 
|  10|0x0000000080a00000, 0x0000000080b00000, 0x0000000080b00000|100%| O|  |TAMS 0x0000000080a00000| PB 0x0000000080a00000| Untracked 
|  11|0x0000000080b00000, 0x0000000080c00000, 0x0000000080c00000|100%| O|  |TAMS 0x0000000080b00000| PB 0x0000000080b00000| Untracked 
|  12|0x0000000080c00000, 0x0000000080d00000, 0x0000000080d00000|100%| O|  |TAMS 0x0000000080c00000| PB 0x0000000080c00000| Untracked 
|  13|0x0000000080d00000, 0x0000000080e00000, 0x0000000080e00000|100%| O|  |TAMS 0x0000000080d00000| PB 0x0000000080d00000| Untracked 
|  14|0x0000000080e00000, 0x0000000080f00000, 0x0000000080f00000|100%| O|  |TAMS 0x0000000080e00000| PB 0x0000000080e00000| Untracked 
|  15|0x0000000080f00000, 0x0000000081000000, 0x0000000081000000|100%| O|  |TAMS 0x0000000080f00000| PB 0x0000000080f00000| Untracked 
|  16|0x0000000081000000, 0x0000000081100000, 0x0000000081100000|100%| O|  |TAMS 0x0000000081000000| PB 0x0000000081000000| Untracked 
|  17|0x0000000081100000, 0x0000000081200000, 0x0000000081200000|100%| O|  |TAMS 0x0000000081100000| PB 0x0000000081100000| Untracked 
|  18|0x0000000081200000, 0x0000000081300000, 0x0000000081300000|100%| O|  |TAMS 0x0000000081200000| PB 0x0000000081200000| Untracked 
|  19|0x0000000081300000, 0x0000000081400000, 0x0000000081400000|100%| O|  |TAMS 0x0000000081300000| PB 0x0000000081300000| Untracked 
|  20|0x0000000081400000, 0x0000000081500000, 0x0000000081500000|100%| O|  |TAMS 0x0000000081400000| PB 0x0000000081400000| Untracked 
|  21|0x0000000081500000, 0x0000000081600000, 0x0000000081600000|100%| O|  |TAMS 0x0000000081500000| PB 0x0000000081500000| Untracked 
|  22|0x0000000081600000, 0x0000000081700000, 0x0000000081700000|100%|HS|  |TAMS 0x0000000081600000| PB 0x0000000081600000| Complete 
|  23|0x0000000081700000, 0x0000000081800000, 0x0000000081800000|100%|HC|  |TAMS 0x0000000081700000| PB 0x0000000081700000| Complete 
|  24|0x0000000081800000, 0x0000000081900000, 0x0000000081900000|100%|HC|  |TAMS 0x0000000081800000| PB 0x0000000081800000| Complete 
|  25|0x0000000081900000, 0x0000000081a00000, 0x0000000081a00000|100%|HC|  |TAMS 0x0000000081900000| PB 0x0000000081900000| Complete 
|  26|0x0000000081a00000, 0x0000000081b00000, 0x0000000081b00000|100%|HC|  |TAMS 0x0000000081a00000| PB 0x0000000081a00000| Complete 
|  27|0x0000000081b00000, 0x0000000081c00000, 0x0000000081c00000|100%|HC|  |TAMS 0x0000000081b00000| PB 0x0000000081b00000| Complete 
|  28|0x0000000081c00000, 0x0000000081d00000, 0x0000000081d00000|100%|HS|  |TAMS 0x0000000081c00000| PB 0x0000000081c00000| Complete 
|  29|0x0000000081d00000, 0x0000000081e00000, 0x0000000081e00000|100%|HS|  |TAMS 0x0000000081d00000| PB 0x0000000081d00000| Complete 
|  30|0x0000000081e00000, 0x0000000081f00000, 0x0000000081f00000|100%|HC|  |TAMS 0x0000000081e00000| PB 0x0000000081e00000| Complete 
|  31|0x0000000081f00000, 0x0000000082000000, 0x0000000082000000|100%|HC|  |TAMS 0x0000000081f00000| PB 0x0000000081f00000| Complete 
|  32|0x0000000082000000, 0x0000000082100000, 0x0000000082100000|100%|HC|  |TAMS 0x0000000082000000| PB 0x0000000082000000| Complete 
|  33|0x0000000082100000, 0x0000000082200000, 0x0000000082200000|100%|HS|  |TAMS 0x0000000082100000| PB 0x0000000082100000| Complete 
|  34|0x0000000082200000, 0x0000000082300000, 0x0000000082300000|100%|HC|  |TAMS 0x0000000082200000| PB 0x0000000082200000| Complete 
|  35|0x0000000082300000, 0x0000000082400000, 0x0000000082400000|100%|HS|  |TAMS 0x0000000082300000| PB 0x0000000082300000| Complete 
|  36|0x0000000082400000, 0x0000000082500000, 0x0000000082500000|100%|HS|  |TAMS 0x0000000082400000| PB 0x0000000082400000| Complete 
|  37|0x0000000082500000, 0x0000000082600000, 0x0000000082600000|100%|HC|  |TAMS 0x0000000082500000| PB 0x0000000082500000| Complete 
|  38|0x0000000082600000, 0x0000000082700000, 0x0000000082700000|100%|HC|  |TAMS 0x0000000082600000| PB 0x0000000082600000| Complete 
|  39|0x0000000082700000, 0x0000000082800000, 0x0000000082800000|100%|HC|  |TAMS 0x0000000082700000| PB 0x0000000082700000| Complete 
|  40|0x0000000082800000, 0x0000000082900000, 0x0000000082900000|100%|HC|  |TAMS 0x0000000082800000| PB 0x0000000082800000| Complete 
|  41|0x0000000082900000, 0x0000000082a00000, 0x0000000082a00000|100%|HC|  |TAMS 0x0000000082900000| PB 0x0000000082900000| Complete 
|  42|0x0000000082a00000, 0x0000000082b00000, 0x0000000082b00000|100%|HS|  |TAMS 0x0000000082a00000| PB 0x0000000082a00000| Complete 
|  43|0x0000000082b00000, 0x0000000082c00000, 0x0000000082c00000|100%|HS|  |TAMS 0x0000000082b00000| PB 0x0000000082b00000| Complete 
|  44|0x0000000082c00000, 0x0000000082d00000, 0x0000000082d00000|100%|HC|  |TAMS 0x0000000082c00000| PB 0x0000000082c00000| Complete 
|  45|0x0000000082d00000, 0x0000000082e00000, 0x0000000082e00000|100%|HS|  |TAMS 0x0000000082d00000| PB 0x0000000082d00000| Complete 
|  46|0x0000000082e00000, 0x0000000082f00000, 0x0000000082f00000|100%| O|  |TAMS 0x0000000082e00000| PB 0x0000000082e00000| Untracked 
|  47|0x0000000082f00000, 0x0000000083000000, 0x0000000083000000|100%| O|  |TAMS 0x0000000082f00000| PB 0x0000000082f00000| Untracked 
|  48|0x0000000083000000, 0x0000000083100000, 0x0000000083100000|100%| O|  |TAMS 0x0000000083000000| PB 0x0000000083000000| Untracked 
|  49|0x0000000083100000, 0x0000000083200000, 0x0000000083200000|100%| O|  |TAMS 0x0000000083100000| PB 0x0000000083100000| Untracked 
|  50|0x0000000083200000, 0x0000000083300000, 0x0000000083300000|100%|HS|  |TAMS 0x0000000083200000| PB 0x0000000083200000| Complete 
|  51|0x0000000083300000, 0x0000000083400000, 0x0000000083400000|100%|HC|  |TAMS 0x0000000083300000| PB 0x0000000083300000| Complete 
|  52|0x0000000083400000, 0x0000000083500000, 0x0000000083500000|100%|HC|  |TAMS 0x0000000083400000| PB 0x0000000083400000| Complete 
|  53|0x0000000083500000, 0x0000000083600000, 0x0000000083600000|100%|HC|  |TAMS 0x0000000083500000| PB 0x0000000083500000| Complete 
|  54|0x0000000083600000, 0x0000000083700000, 0x0000000083700000|100%| O|  |TAMS 0x0000000083600000| PB 0x0000000083600000| Untracked 
|  55|0x0000000083700000, 0x0000000083700000, 0x0000000083800000|  0%| F|  |TAMS 0x0000000083700000| PB 0x0000000083700000| Untracked 
|  56|0x0000000083800000, 0x0000000083800000, 0x0000000083900000|  0%| F|  |TAMS 0x0000000083800000| PB 0x0000000083800000| Untracked 
|  57|0x0000000083900000, 0x0000000083900000, 0x0000000083a00000|  0%| F|  |TAMS 0x0000000083900000| PB 0x0000000083900000| Untracked 
|  58|0x0000000083a00000, 0x0000000083a00000, 0x0000000083b00000|  0%| F|  |TAMS 0x0000000083a00000| PB 0x0000000083a00000| Untracked 
|  59|0x0000000083b00000, 0x0000000083b00000, 0x0000000083c00000|  0%| F|  |TAMS 0x0000000083b00000| PB 0x0000000083b00000| Untracked 
|  60|0x0000000083c00000, 0x0000000083c00000, 0x0000000083d00000|  0%| F|  |TAMS 0x0000000083c00000| PB 0x0000000083c00000| Untracked 
|  61|0x0000000083d00000, 0x0000000083d00000, 0x0000000083e00000|  0%| F|  |TAMS 0x0000000083d00000| PB 0x0000000083d00000| Untracked 
|  62|0x0000000083e00000, 0x0000000083e00000, 0x0000000083f00000|  0%| F|  |TAMS 0x0000000083e00000| PB 0x0000000083e00000| Untracked 
|  63|0x0000000083f00000, 0x0000000083f00000, 0x0000000084000000|  0%| F|  |TAMS 0x0000000083f00000| PB 0x0000000083f00000| Untracked 
|  64|0x0000000084000000, 0x0000000084000000, 0x0000000084100000|  0%| F|  |TAMS 0x0000000084000000| PB 0x0000000084000000| Untracked 
|  65|0x0000000084100000, 0x0000000084100000, 0x0000000084200000|  0%| F|  |TAMS 0x0000000084100000| PB 0x0000000084100000| Untracked 
|  66|0x0000000084200000, 0x0000000084200000, 0x0000000084300000|  0%| F|  |TAMS 0x0000000084200000| PB 0x0000000084200000| Untracked 
|  67|0x0000000084300000, 0x0000000084300000, 0x0000000084400000|  0%| F|  |TAMS 0x0000000084300000| PB 0x0000000084300000| Untracked 
|  68|0x0000000084400000, 0x0000000084400000, 0x0000000084500000|  0%| F|  |TAMS 0x0000000084400000| PB 0x0000000084400000| Untracked 
|  69|0x0000000084500000, 0x0000000084500000, 0x0000000084600000|  0%| F|  |TAMS 0x0000000084500000| PB 0x0000000084500000| Untracked 
|  70|0x0000000084600000, 0x0000000084600000, 0x0000000084700000|  0%| F|  |TAMS 0x0000000084600000| PB 0x0000000084600000| Untracked 
|  71|0x0000000084700000, 0x0000000084700000, 0x0000000084800000|  0%| F|  |TAMS 0x0000000084700000| PB 0x0000000084700000| Untracked 
|  72|0x0000000084800000, 0x0000000084800000, 0x0000000084900000|  0%| F|  |TAMS 0x0000000084800000| PB 0x0000000084800000| Untracked 
|  73|0x0000000084900000, 0x0000000084900000, 0x0000000084a00000|  0%| F|  |TAMS 0x0000000084900000| PB 0x0000000084900000| Untracked 
|  74|0x0000000084a00000, 0x0000000084a00000, 0x0000000084b00000|  0%| F|  |TAMS 0x0000000084a00000| PB 0x0000000084a00000| Untracked 
|  75|0x0000000084b00000, 0x0000000084b00000, 0x0000000084c00000|  0%| F|  |TAMS 0x0000000084b00000| PB 0x0000000084b00000| Untracked 
|  76|0x0000000084c00000, 0x0000000084c00000, 0x0000000084d00000|  0%| F|  |TAMS 0x0000000084c00000| PB 0x0000000084c00000| Untracked 
|  77|0x0000000084d00000, 0x0000000084d00000, 0x0000000084e00000|  0%| F|  |TAMS 0x0000000084d00000| PB 0x0000000084d00000| Untracked 
|  78|0x0000000084e00000, 0x0000000084e00000, 0x0000000084f00000|  0%| F|  |TAMS 0x0000000084e00000| PB 0x0000000084e00000| Untracked 
|  79|0x0000000084f00000, 0x0000000084f00000, 0x0000000085000000|  0%| F|  |TAMS 0x0000000084f00000| PB 0x0000000084f00000| Untracked 
|  80|0x0000000085000000, 0x0000000085000000, 0x0000000085100000|  0%| F|  |TAMS 0x0000000085000000| PB 0x0000000085000000| Untracked 
|  81|0x0000000085100000, 0x0000000085100000, 0x0000000085200000|  0%| F|  |TAMS 0x0000000085100000| PB 0x0000000085100000| Untracked 
|  82|0x0000000085200000, 0x0000000085200000, 0x0000000085300000|  0%| F|  |TAMS 0x0000000085200000| PB 0x0000000085200000| Untracked 
|  83|0x0000000085300000, 0x0000000085300000, 0x0000000085400000|  0%| F|  |TAMS 0x0000000085300000| PB 0x0000000085300000| Untracked 
|  84|0x0000000085400000, 0x0000000085500000, 0x0000000085500000|100%| S|CS|TAMS 0x0000000085400000| PB 0x0000000085400000| Complete 
|  85|0x0000000085500000, 0x0000000085600000, 0x0000000085600000|100%| S|CS|TAMS 0x0000000085500000| PB 0x0000000085500000| Complete 
|  86|0x0000000085600000, 0x0000000085600000, 0x0000000085700000|  0%| F|  |TAMS 0x0000000085600000| PB 0x0000000085600000| Untracked 
|  87|0x0000000085700000, 0x0000000085700000, 0x0000000085800000|  0%| F|  |TAMS 0x0000000085700000| PB 0x0000000085700000| Untracked 
|  88|0x0000000085800000, 0x0000000085800000, 0x0000000085900000|  0%| F|  |TAMS 0x0000000085800000| PB 0x0000000085800000| Untracked 
|  89|0x0000000085900000, 0x0000000085900000, 0x0000000085a00000|  0%| F|  |TAMS 0x0000000085900000| PB 0x0000000085900000| Untracked 
|  90|0x0000000085a00000, 0x0000000085a00000, 0x0000000085b00000|  0%| F|  |TAMS 0x0000000085a00000| PB 0x0000000085a00000| Untracked 
|  91|0x0000000085b00000, 0x0000000085b00000, 0x0000000085c00000|  0%| F|  |TAMS 0x0000000085b00000| PB 0x0000000085b00000| Untracked 
|  92|0x0000000085c00000, 0x0000000085c00000, 0x0000000085d00000|  0%| F|  |TAMS 0x0000000085c00000| PB 0x0000000085c00000| Untracked 
|  93|0x0000000085d00000, 0x0000000085d00000, 0x0000000085e00000|  0%| F|  |TAMS 0x0000000085d00000| PB 0x0000000085d00000| Untracked 
|  94|0x0000000085e00000, 0x0000000085e00000, 0x0000000085f00000|  0%| F|  |TAMS 0x0000000085e00000| PB 0x0000000085e00000| Untracked 
|  95|0x0000000085f00000, 0x0000000085f00000, 0x0000000086000000|  0%| F|  |TAMS 0x0000000085f00000| PB 0x0000000085f00000| Untracked 
|  96|0x0000000086000000, 0x0000000086000000, 0x0000000086100000|  0%| F|  |TAMS 0x0000000086000000| PB 0x0000000086000000| Untracked 
|  97|0x0000000086100000, 0x0000000086100000, 0x0000000086200000|  0%| F|  |TAMS 0x0000000086100000| PB 0x0000000086100000| Untracked 
|  98|0x0000000086200000, 0x0000000086200000, 0x0000000086300000|  0%| F|  |TAMS 0x0000000086200000| PB 0x0000000086200000| Untracked 
|  99|0x0000000086300000, 0x0000000086300000, 0x0000000086400000|  0%| F|  |TAMS 0x0000000086300000| PB 0x0000000086300000| Untracked 
| 100|0x0000000086400000, 0x0000000086400000, 0x0000000086500000|  0%| F|  |TAMS 0x0000000086400000| PB 0x0000000086400000| Untracked 
| 101|0x0000000086500000, 0x0000000086500000, 0x0000000086600000|  0%| F|  |TAMS 0x0000000086500000| PB 0x0000000086500000| Untracked 
| 102|0x0000000086600000, 0x0000000086600000, 0x0000000086700000|  0%| F|  |TAMS 0x0000000086600000| PB 0x0000000086600000| Untracked 
| 103|0x0000000086700000, 0x0000000086700000, 0x0000000086800000|  0%| F|  |TAMS 0x0000000086700000| PB 0x0000000086700000| Untracked 
| 124|0x0000000087c00000, 0x0000000087c00000, 0x0000000087d00000|  0%| F|  |TAMS 0x0000000087c00000| PB 0x0000000087c00000| Untracked 
| 125|0x0000000087d00000, 0x0000000087d00000, 0x0000000087e00000|  0%| F|  |TAMS 0x0000000087d00000| PB 0x0000000087d00000| Untracked 
|2043|0x00000000ffb00000, 0x00000000ffc00000, 0x00000000ffc00000|100%| O|Cm|TAMS 0x00000000ffb00000| PB 0x00000000ffb00000| Complete 
|2044|0x00000000ffc00000, 0x00000000ffd00000, 0x00000000ffd00000|100%| O|  |TAMS 0x00000000ffc00000| PB 0x00000000ffc00000| Untracked 
|2045|0x00000000ffd00000, 0x00000000ffe00000, 0x00000000ffe00000|100%| O|  |TAMS 0x00000000ffd00000| PB 0x00000000ffd00000| Untracked 
|2046|0x00000000ffe00000, 0x00000000fff00000, 0x00000000fff00000|100%| O|  |TAMS 0x00000000ffe00000| PB 0x00000000ffe00000| Untracked 
|2047|0x00000000fff00000, 0x0000000100000000, 0x0000000100000000|100%| O|  |TAMS 0x00000000fff00000| PB 0x00000000fff00000| Untracked 

Card table byte_map: [0x000001fc7c5c0000,0x000001fc7c9c0000] _byte_map_base: 0x000001fc7c1c0000

Marking Bits: (CMBitMap*) 0x000001fc69d84da0
 Bits: [0x000001fc7c9c0000, 0x000001fc7e9c0000)

Polling page: 0x000001fc67b40000

Metaspace:

Usage:
  Non-class:     35.08 MB used.
      Class:      5.48 MB used.
       Both:     40.56 MB used.

Virtual space:
  Non-class space:       64.00 MB reserved,      35.62 MB ( 56%) committed,  1 nodes.
      Class space:        1.00 GB reserved,       6.00 MB ( <1%) committed,  1 nodes.
             Both:        1.06 GB reserved,      41.62 MB (  4%) committed. 

Chunk freelists:
   Non-Class:  11.86 MB
       Class:  10.04 MB
        Both:  21.90 MB

MaxMetaspaceSize: unlimited
CompressedClassSpaceSize: 1.00 GB
Initial GC threshold: 21.00 MB
Current GC threshold: 66.50 MB
CDS: off
 - commit_granule_bytes: 65536.
 - commit_granule_words: 8192.
 - virtual_space_node_default_size: 8388608.
 - enlarge_chunks_in_place: 1.
 - use_allocation_guard: 0.


Internal statistics:

num_allocs_failed_limit: 6.
num_arena_births: 1664.
num_arena_deaths: 0.
num_vsnodes_births: 2.
num_vsnodes_deaths: 0.
num_space_committed: 666.
num_space_uncommitted: 0.
num_chunks_returned_to_freelist: 6.
num_chunks_taken_from_freelist: 3207.
num_chunk_merges: 6.
num_chunk_splits: 1993.
num_chunks_enlarged: 1171.
num_inconsistent_stats: 0.

CodeHeap 'non-profiled nmethods': size=120000Kb used=2033Kb max_used=2033Kb free=117966Kb
 bounds [0x000001fc74950000, 0x000001fc74bc0000, 0x000001fc7be80000]
CodeHeap 'profiled nmethods': size=120000Kb used=6352Kb max_used=6527Kb free=113647Kb
 bounds [0x000001fc6ce80000, 0x000001fc6d4f0000, 0x000001fc743b0000]
CodeHeap 'non-nmethods': size=5760Kb used=1502Kb max_used=1582Kb free=4257Kb
 bounds [0x000001fc743b0000, 0x000001fc74620000, 0x000001fc74950000]
 total_blobs=3945 nmethods=3353 adapters=496
 compilation: enabled
              stopped_count=0, restarted_count=0
 full_count=0

Compilation events (20 events):
Event: 11.251 Thread 0x000001fc7f5fe0a0 3921       3       java.util.StringJoiner::add (110 bytes)
Event: 11.252 Thread 0x000001fc7f5fe0a0 nmethod 3921 0x000001fc6cf0b390 code [0x000001fc6cf0b5e0, 0x000001fc6cf0c028]
Event: 11.253 Thread 0x000001fc7f5fe0a0 3922       3       java.lang.ClassValue$Entry::isPromise (14 bytes)
Event: 11.253 Thread 0x000001fc7f5fe0a0 nmethod 3922 0x000001fc6d2f4010 code [0x000001fc6d2f41a0, 0x000001fc6d2f4300]
Event: 11.253 Thread 0x000001fc7f5fe0a0 3923       3       java.lang.Class::privateGetPublicMethods (224 bytes)
Event: 11.254 Thread 0x000001fc7f5fe0a0 nmethod 3923 0x000001fc6d0b1a90 code [0x000001fc6d0b1d60, 0x000001fc6d0b2a08]
Event: 11.255 Thread 0x000001fc7f5fe0a0 3924       3       org.codehaus.groovy.reflection.CachedClass::getInterfaces (11 bytes)
Event: 11.255 Thread 0x000001fc7f5fe0a0 nmethod 3924 0x000001fc6cfe6790 code [0x000001fc6cfe6940, 0x000001fc6cfe6c00]
Event: 11.256 Thread 0x000001fc7f5fe0a0 3925       3       org.codehaus.groovy.util.ReferenceType$1::createReference (11 bytes)
Event: 11.256 Thread 0x000001fc7f5fe0a0 nmethod 3925 0x000001fc6cfe5d10 code [0x000001fc6cfe5ee0, 0x000001fc6cfe6340]
Event: 11.256 Thread 0x000001fc7f5fe0a0 3926       3       org.codehaus.groovy.util.ReferenceType$SoftRef::<init> (12 bytes)
Event: 11.256 Thread 0x000001fc7f5fe0a0 nmethod 3926 0x000001fc6cf15590 code [0x000001fc6cf15760, 0x000001fc6cf15af8]
Event: 11.259 Thread 0x000001fc7f5fe0a0 3927       3       java.util.LinkedList$ListItr::hasNext (20 bytes)
Event: 11.259 Thread 0x000001fc08a5f6b0 3928       4       java.lang.invoke.LambdaForm$MH/0x0000000100000800::invoke (8 bytes)
Event: 11.259 Thread 0x000001fc7f5fe0a0 nmethod 3927 0x000001fc6d030690 code [0x000001fc6d030840, 0x000001fc6d0309b0]
Event: 11.259 Thread 0x000001fc7f5fe0a0 3930       3       org.codehaus.groovy.util.ReferenceManager$1::afterReferenceCreation (57 bytes)
Event: 11.259 Thread 0x000001fc7f5fe0a0 nmethod 3930 0x000001fc6cf14b90 code [0x000001fc6cf14d80, 0x000001fc6cf15188]
Event: 11.259 Thread 0x000001fc7f5fe0a0 3929       3       java.util.concurrent.atomic.AtomicInteger::<init> (5 bytes)
Event: 11.259 Thread 0x000001fc08a5f6b0 nmethod 3928 0x000001fc74976390 code [0x000001fc74976520, 0x000001fc749765c8]
Event: 11.260 Thread 0x000001fc7f5fe0a0 nmethod 3929 0x000001fc6cee5a10 code [0x000001fc6cee5bc0, 0x000001fc6cee5d88]

GC Heap History (20 events):
Event: 0.898 GC heap after
{Heap after GC invocations=1 (full 0):
 garbage-first heap   total 129024K, used 1535K [0x0000000080000000, 0x0000000100000000)
  region size 1024K, 2 young (2048K), 2 survivors (2048K)
 Metaspace       used 7653K, committed 7808K, reserved 1114112K
  class space    used 685K, committed 768K, reserved 1048576K
}
Event: 2.095 GC heap before
{Heap before GC invocations=1 (full 0):
 garbage-first heap   total 129024K, used 40447K [0x0000000080000000, 0x0000000100000000)
  region size 1024K, 38 young (38912K), 2 survivors (2048K)
 Metaspace       used 12186K, committed 12352K, reserved 1114112K
  class space    used 1283K, committed 1344K, reserved 1048576K
}
Event: 2.123 GC heap after
{Heap after GC invocations=2 (full 0):
 garbage-first heap   total 129024K, used 10772K [0x0000000080000000, 0x0000000100000000)
  region size 1024K, 5 young (5120K), 5 survivors (5120K)
 Metaspace       used 12186K, committed 12352K, reserved 1114112K
  class space    used 1283K, committed 1344K, reserved 1048576K
}
Event: 3.576 GC heap before
{Heap before GC invocations=2 (full 0):
 garbage-first heap   total 129024K, used 66068K [0x0000000080000000, 0x0000000100000000)
  region size 1024K, 57 young (58368K), 5 survivors (5120K)
 Metaspace       used 14803K, committed 15040K, reserved 1114112K
  class space    used 1617K, committed 1728K, reserved 1048576K
}
Event: 3.587 GC heap after
{Heap after GC invocations=3 (full 0):
 garbage-first heap   total 129024K, used 17787K [0x0000000080000000, 0x0000000100000000)
  region size 1024K, 6 young (6144K), 6 survivors (6144K)
 Metaspace       used 14803K, committed 15040K, reserved 1114112K
  class space    used 1617K, committed 1728K, reserved 1048576K
}
Event: 5.226 GC heap before
{Heap before GC invocations=3 (full 0):
 garbage-first heap   total 129024K, used 39291K [0x0000000080000000, 0x0000000100000000)
  region size 1024K, 28 young (28672K), 6 survivors (6144K)
 Metaspace       used 21156K, committed 21504K, reserved 1114112K
  class space    used 2413K, committed 2560K, reserved 1048576K
}
Event: 5.238 GC heap after
{Heap after GC invocations=4 (full 0):
 garbage-first heap   total 129024K, used 20346K [0x0000000080000000, 0x0000000100000000)
  region size 1024K, 3 young (3072K), 3 survivors (3072K)
 Metaspace       used 21156K, committed 21504K, reserved 1114112K
  class space    used 2413K, committed 2560K, reserved 1048576K
}
Event: 6.223 GC heap before
{Heap before GC invocations=5 (full 0):
 garbage-first heap   total 71680K, used 59258K [0x0000000080000000, 0x0000000100000000)
  region size 1024K, 42 young (43008K), 3 survivors (3072K)
 Metaspace       used 27987K, committed 28544K, reserved 1114112K
  class space    used 3476K, committed 3776K, reserved 1048576K
}
Event: 6.228 GC heap after
{Heap after GC invocations=6 (full 0):
 garbage-first heap   total 71680K, used 22254K [0x0000000080000000, 0x0000000100000000)
  region size 1024K, 5 young (5120K), 5 survivors (5120K)
 Metaspace       used 27987K, committed 28544K, reserved 1114112K
  class space    used 3476K, committed 3776K, reserved 1048576K
}
Event: 7.694 GC heap before
{Heap before GC invocations=6 (full 0):
 garbage-first heap   total 71680K, used 56046K [0x0000000080000000, 0x0000000100000000)
  region size 1024K, 38 young (38912K), 5 survivors (5120K)
 Metaspace       used 32215K, committed 32960K, reserved 1114112K
  class space    used 4208K, committed 4544K, reserved 1048576K
}
Event: 7.700 GC heap after
{Heap after GC invocations=7 (full 0):
 garbage-first heap   total 71680K, used 24595K [0x0000000080000000, 0x0000000100000000)
  region size 1024K, 5 young (5120K), 5 survivors (5120K)
 Metaspace       used 32215K, committed 32960K, reserved 1114112K
  class space    used 4208K, committed 4544K, reserved 1048576K
}
Event: 8.592 GC heap before
{Heap before GC invocations=7 (full 0):
 garbage-first heap   total 71680K, used 44051K [0x0000000080000000, 0x0000000100000000)
  region size 1024K, 25 young (25600K), 5 survivors (5120K)
 Metaspace       used 35112K, committed 35968K, reserved 1114112K
  class space    used 4708K, committed 5120K, reserved 1048576K
}
Event: 8.599 GC heap after
{Heap after GC invocations=8 (full 0):
 garbage-first heap   total 71680K, used 25957K [0x0000000080000000, 0x0000000100000000)
  region size 1024K, 4 young (4096K), 4 survivors (4096K)
 Metaspace       used 35112K, committed 35968K, reserved 1114112K
  class space    used 4708K, committed 5120K, reserved 1048576K
}
Event: 9.846 GC heap before
{Heap before GC invocations=9 (full 0):
 garbage-first heap   total 71680K, used 69989K [0x0000000080000000, 0x0000000100000000)
  region size 1024K, 20 young (20480K), 4 survivors (4096K)
 Metaspace       used 36283K, committed 37248K, reserved 1114112K
  class space    used 4902K, committed 5376K, reserved 1048576K
}
Event: 9.856 GC heap after
{Heap after GC invocations=10 (full 0):
 garbage-first heap   total 81920K, used 60603K [0x0000000080000000, 0x0000000100000000)
  region size 1024K, 5 young (5120K), 5 survivors (5120K)
 Metaspace       used 36283K, committed 37248K, reserved 1114112K
  class space    used 4902K, committed 5376K, reserved 1048576K
}
Event: 10.439 GC heap before
{Heap before GC invocations=10 (full 0):
 garbage-first heap   total 81920K, used 71867K [0x0000000080000000, 0x0000000100000000)
  region size 1024K, 16 young (16384K), 5 survivors (5120K)
 Metaspace       used 37804K, committed 38784K, reserved 1114112K
  class space    used 5090K, committed 5568K, reserved 1048576K
}
Event: 10.443 GC heap after
{Heap after GC invocations=11 (full 0):
 garbage-first heap   total 81920K, used 60763K [0x0000000080000000, 0x0000000100000000)
  region size 1024K, 1 young (1024K), 1 survivors (1024K)
 Metaspace       used 37804K, committed 38784K, reserved 1114112K
  class space    used 5090K, committed 5568K, reserved 1048576K
}
Event: 10.971 GC heap before
{Heap before GC invocations=11 (full 0):
 garbage-first heap   total 81920K, used 74075K [0x0000000080000000, 0x0000000100000000)
  region size 1024K, 14 young (14336K), 1 survivors (1024K)
 Metaspace       used 39711K, committed 40640K, reserved 1114112K
  class space    used 5407K, committed 5888K, reserved 1048576K
}
Event: 10.973 GC heap after
{Heap after GC invocations=12 (full 0):
 garbage-first heap   total 81920K, used 61415K [0x0000000080000000, 0x0000000100000000)
  region size 1024K, 2 young (2048K), 2 survivors (2048K)
 Metaspace       used 39711K, committed 40640K, reserved 1114112K
  class space    used 5407K, committed 5888K, reserved 1048576K
}
Event: 11.279 GC heap before
{Heap before GC invocations=13 (full 0):
 garbage-first heap   total 104448K, used 71655K [0x0000000080000000, 0x0000000100000000)
  region size 1024K, 13 young (13312K), 2 survivors (2048K)
 Metaspace       used 41534K, committed 42624K, reserved 1114112K
  class space    used 5614K, committed 6144K, reserved 1048576K
}

Dll operation events (3 events):
Event: 0.024 Loaded shared library C:\Program Files\Android\Android Studio\jbr\bin\java.dll
Event: 0.034 Loaded shared library C:\Program Files\Android\Android Studio\jbr\bin\zip.dll
Event: 1.381 Loaded shared library C:\Program Files\Android\Android Studio\jbr\bin\verify.dll

Deoptimization events (20 events):
Event: 11.128 Thread 0x000001fc079e8640 Uncommon trap: trap_request=0xffffffc6 fr.pc=0x000001fc749bb4f0 relative=0x0000000000000510
Event: 11.128 Thread 0x000001fc079e8640 Uncommon trap: reason=bimorphic_or_optimized_type_check action=maybe_recompile pc=0x000001fc749bb4f0 method=java.io.BufferedInputStream.implRead([BII)I @ 100 c2
Event: 11.128 Thread 0x000001fc079e8640 DEOPT PACKING pc=0x000001fc749bb4f0 sp=0x0000005f4c9f69e0
Event: 11.128 Thread 0x000001fc079e8640 DEOPT UNPACKING pc=0x000001fc744046a2 sp=0x0000005f4c9f69a8 mode 2
Event: 11.164 Thread 0x000001fc079e8640 Uncommon trap: trap_request=0xffffff45 fr.pc=0x000001fc74a76d2c relative=0x000000000000068c
Event: 11.164 Thread 0x000001fc079e8640 Uncommon trap: reason=unstable_if action=reinterpret pc=0x000001fc74a76d2c method=jdk.internal.org.objectweb.asm.MethodWriter.visitVarInsn(II)V @ 108 c2
Event: 11.164 Thread 0x000001fc079e8640 DEOPT PACKING pc=0x000001fc74a76d2c sp=0x0000005f4c9ee760
Event: 11.164 Thread 0x000001fc079e8640 DEOPT UNPACKING pc=0x000001fc744046a2 sp=0x0000005f4c9ee728 mode 2
Event: 11.164 Thread 0x000001fc079e8640 Uncommon trap: trap_request=0xffffff45 fr.pc=0x000001fc74998c28 relative=0x0000000000000488
Event: 11.164 Thread 0x000001fc079e8640 Uncommon trap: reason=unstable_if action=reinterpret pc=0x000001fc74998c28 method=jdk.internal.org.objectweb.asm.MethodWriter.visitMethodInsn(ILjava/lang/String;Ljava/lang/String;Ljava/lang/String;Z)V @ 81 c2
Event: 11.164 Thread 0x000001fc079e8640 DEOPT PACKING pc=0x000001fc74998c28 sp=0x0000005f4c9ee750
Event: 11.164 Thread 0x000001fc079e8640 DEOPT UNPACKING pc=0x000001fc744046a2 sp=0x0000005f4c9ee6f0 mode 2
Event: 11.164 Thread 0x000001fc079e8640 Uncommon trap: trap_request=0xffffff45 fr.pc=0x000001fc74b1a0c8 relative=0x00000000000009a8
Event: 11.164 Thread 0x000001fc079e8640 Uncommon trap: reason=unstable_if action=reinterpret pc=0x000001fc74b1a0c8 method=jdk.internal.org.objectweb.asm.MethodWriter.visitInsn(I)V @ 24 c2
Event: 11.164 Thread 0x000001fc079e8640 DEOPT PACKING pc=0x000001fc74b1a0c8 sp=0x0000005f4c9ee740
Event: 11.164 Thread 0x000001fc079e8640 DEOPT UNPACKING pc=0x000001fc744046a2 sp=0x0000005f4c9ee728 mode 2
Event: 11.167 Thread 0x000001fc079e8640 Uncommon trap: trap_request=0xffffff45 fr.pc=0x000001fc74accc30 relative=0x0000000000000d30
Event: 11.167 Thread 0x000001fc079e8640 Uncommon trap: reason=unstable_if action=reinterpret pc=0x000001fc74accc30 method=java.lang.invoke.LambdaForm.useCount(Ljava/lang/invoke/LambdaForm$Name;)I @ 8 c2
Event: 11.167 Thread 0x000001fc079e8640 DEOPT PACKING pc=0x000001fc74accc30 sp=0x0000005f4c9f4140
Event: 11.167 Thread 0x000001fc079e8640 DEOPT UNPACKING pc=0x000001fc744046a2 sp=0x0000005f4c9f4010 mode 2

Classes loaded (20 events):
Event: 11.165 Loading class java/lang/invoke/MethodHandleImpl$BindCaller$InjectedInvokerHolder
Event: 11.165 Loading class java/lang/invoke/MethodHandleImpl$BindCaller$InjectedInvokerHolder done
Event: 11.166 Loading class java/util/Collections$CopiesList
Event: 11.166 Loading class java/util/Collections$CopiesList done
Event: 11.170 Loading class java/util/LinkedList$ListItr
Event: 11.170 Loading class java/util/LinkedList$ListItr done
Event: 11.192 Loading class java/lang/reflect/GenericSignatureFormatError
Event: 11.192 Loading class java/lang/reflect/GenericSignatureFormatError done
Event: 11.192 Loading class java/lang/reflect/MalformedParameterizedTypeException
Event: 11.192 Loading class java/lang/reflect/MalformedParameterizedTypeException done
Event: 11.208 Loading class java/lang/IllegalCallerException
Event: 11.208 Loading class java/lang/IllegalCallerException done
Event: 11.237 Loading class java/util/HashMap$KeySpliterator
Event: 11.237 Loading class java/util/HashMap$KeySpliterator done
Event: 11.254 Loading class java/lang/ProcessHandle
Event: 11.254 Loading class java/lang/ProcessHandle done
Event: 11.254 Loading class java/lang/ProcessHandle$Info
Event: 11.254 Loading class java/lang/ProcessHandle$Info done
Event: 11.269 Loading class java/lang/ArrayIndexOutOfBoundsException
Event: 11.269 Loading class java/lang/ArrayIndexOutOfBoundsException done

Classes unloaded (0 events):
No events

Classes redefined (0 events):
No events

Internal exceptions (20 events):
Event: 9.173 Thread 0x000001fc079e8640 Exception <a 'java/lang/NoSuchMethodError'{0x0000000083a69d70}: 'java.lang.Object java.lang.invoke.DirectMethodHandle$Holder.invokeSpecial(java.lang.Object, java.lang.Object, java.lang.Object, java.lang.Object, int)'> (0x0000000083a69d70) 
thrown [s\src\hotspot\share\interpreter\linkResolver.cpp, line 784]
Event: 9.173 Thread 0x000001fc079e8640 Exception <a 'java/lang/NoSuchMethodError'{0x0000000083a6d978}: 'java.lang.Object java.lang.invoke.Invokers$Holder.linkToTargetMethod(java.lang.Object, java.lang.Object, int, java.lang.Object)'> (0x0000000083a6d978) 
thrown [s\src\hotspot\share\interpreter\linkResolver.cpp, line 784]
Event: 9.920 Thread 0x000001fc079e8640 Exception <a 'java/lang/NoSuchMethodError'{0x00000000867000a0}: 'void java.lang.invoke.DirectMethodHandle$Holder.invokeStaticInit(java.lang.Object, java.lang.Object, java.lang.Object, java.lang.Object)'> (0x00000000867000a0) 
thrown [s\src\hotspot\share\interpreter\linkResolver.cpp, line 784]
Event: 10.352 Thread 0x000001fc079e8640 Exception <a 'java/lang/NoSuchMethodError'{0x0000000083db2458}: 'void java.lang.invoke.DirectMethodHandle$Holder.invokeInterface(java.lang.Object, java.lang.Object, java.lang.Object, java.lang.Object, java.lang.Object)'> (0x0000000083db2458) 
thrown [s\src\hotspot\share\interpreter\linkResolver.cpp, line 784]
Event: 10.363 Thread 0x000001fc079e8640 Exception <a 'java/lang/NoSuchMethodError'{0x0000000083df6880}: 'void java.lang.invoke.DirectMethodHandle$Holder.invokeStatic(java.lang.Object, java.lang.Object, java.lang.Object, java.lang.Object, java.lang.Object, java.lang.Object)'> (0x0000000083df6880) 
thrown [s\src\hotspot\share\interpreter\linkResolver.cpp, line 784]
Event: 10.725 Thread 0x000001fc079e8640 Exception <a 'java/lang/IncompatibleClassChangeError'{0x00000000844f3da0}: Found class java.lang.Object, but interface was expected> (0x00000000844f3da0) 
thrown [s\src\hotspot\share\interpreter\linkResolver.cpp, line 851]
Event: 10.797 Thread 0x000001fc079e8640 Exception <a 'java/lang/NoSuchMethodError'{0x0000000084284258}: 'java.lang.Object java.lang.invoke.DirectMethodHandle$Holder.invokeVirtual(java.lang.Object, java.lang.Object, int)'> (0x0000000084284258) 
thrown [s\src\hotspot\share\interpreter\linkResolver.cpp, line 784]
Event: 10.809 Thread 0x000001fc079e8640 Exception <a 'java/lang/NoSuchMethodError'{0x00000000842b7ac8}: 'void java.lang.invoke.DirectMethodHandle$Holder.invokeStatic(java.lang.Object, java.lang.Object, java.lang.Object, int)'> (0x00000000842b7ac8) 
thrown [s\src\hotspot\share\interpreter\linkResolver.cpp, line 784]
Event: 10.925 Thread 0x000001fc079e8640 Exception <a 'java/lang/NoSuchMethodError'{0x0000000083fab240}: 'void java.lang.invoke.DirectMethodHandle$Holder.invokeInterface(java.lang.Object, java.lang.Object, java.lang.Object, java.lang.Object, java.lang.Object, java.lang.Object, java.lang.Object)'> (0x0000000083fab240) 
thrown [s\src\hotspot\share\interpreter\linkResolver.cpp, line 784]
Event: 10.926 Thread 0x000001fc079e8640 Exception <a 'java/lang/NoSuchMethodError'{0x0000000083fb0128}: 'void java.lang.invoke.DelegatingMethodHandle$Holder.reinvoke_L(java.lang.Object, java.lang.Object, java.lang.Object, java.lang.Object, java.lang.Object, java.lang.Object, java.lang.Object)'> (0x0000000083fb0128) 
thrown [s\src\hotspot\share\interpreter\linkResolver.cpp, line 784]
Event: 10.992 Thread 0x000001fc079e8640 Exception <a 'java/lang/NoSuchMethodError'{0x0000000087d8e4e8}: 'java.lang.Object java.lang.invoke.DirectMethodHandle$Holder.invokeStaticInit(java.lang.Object, java.lang.Object, java.lang.Object, java.lang.Object, java.lang.Object, java.lang.Object, java.lang.Object)'> (0x0000000087d8e4e8) 
thrown [s\src\hotspot\share\interpreter\linkResolver.cpp, line 784]
Event: 11.002 Thread 0x000001fc079e8640 Exception <a 'java/lang/NoSuchMethodError'{0x0000000087db67c0}: 'java.lang.Object java.lang.invoke.DirectMethodHandle$Holder.invokeSpecial(java.lang.Object, java.lang.Object, java.lang.Object, int, java.lang.Object, java.lang.Object)'> (0x0000000087db67c0) 
thrown [s\src\hotspot\share\interpreter\linkResolver.cpp, line 784]
Event: 11.164 Thread 0x000001fc079e8640 Implicit null exception at 0x000001fc74a767c8 to 0x000001fc74a76d20
Event: 11.164 Thread 0x000001fc079e8640 Implicit null exception at 0x000001fc749988a4 to 0x000001fc74998c1c
Event: 11.164 Thread 0x000001fc079e8640 Implicit null exception at 0x000001fc74b197b1 to 0x000001fc74b1a0b8
Event: 11.165 Thread 0x000001fc079e8640 Exception <a 'java/lang/NoSuchMethodError'{0x0000000085a44de8}: 'java.lang.reflect.Method[] java.lang.Class.getDeclaredMethods(java.lang.Class)'> (0x0000000085a44de8) 
thrown [s\src\hotspot\share\interpreter\linkResolver.cpp, line 784]
Event: 11.181 Thread 0x000001fc079e8640 Exception <a 'java/lang/NoSuchMethodError'{0x0000000085ac6058}: 'java.lang.Object java.lang.invoke.DirectMethodHandle$Holder.invokeStaticInit(java.lang.Object, java.lang.Object, java.lang.Object)'> (0x0000000085ac6058) 
thrown [s\src\hotspot\share\interpreter\linkResolver.cpp, line 784]
Event: 11.211 Thread 0x000001fc079e8640 Exception <a 'java/lang/NoSuchMethodError'{0x00000000859e9108}: 'void java.lang.invoke.DirectMethodHandle$Holder.invokeStaticInit(java.lang.Object, java.lang.Object, java.lang.Object)'> (0x00000000859e9108) 
thrown [s\src\hotspot\share\interpreter\linkResolver.cpp, line 784]
Event: 11.220 Thread 0x000001fc079e8640 Exception <a 'java/lang/NoSuchMethodError'{0x000000008580dc60}: 'void java.lang.invoke.DirectMethodHandle$Holder.invokeStaticInit(java.lang.Object, java.lang.Object, java.lang.Object, java.lang.Object, java.lang.Object)'> (0x000000008580dc60) 
thrown [s\src\hotspot\share\interpreter\linkResolver.cpp, line 784]
Event: 11.234 Thread 0x000001fc079e8640 Exception <a 'java/lang/NoSuchMethodError'{0x0000000085866898}: 'int java.lang.invoke.DirectMethodHandle$Holder.invokeStaticInit(java.lang.Object, java.lang.Object, java.lang.Object, java.lang.Object)'> (0x0000000085866898) 
thrown [s\src\hotspot\share\interpreter\linkResolver.cpp, line 784]

ZGC Phase Switch (0 events):
No events

VM Operations (20 events):
Event: 9.905 Executing VM operation: HandshakeAllThreads (Deoptimize) done
Event: 10.232 Executing VM operation: HandshakeAllThreads (Deoptimize)
Event: 10.232 Executing VM operation: HandshakeAllThreads (Deoptimize) done
Event: 10.439 Executing VM operation: G1CollectForAllocation (G1 Evacuation Pause)
Event: 10.443 Executing VM operation: G1CollectForAllocation (G1 Evacuation Pause) done
Event: 10.728 Executing VM operation: HandshakeAllThreads (Deoptimize)
Event: 10.728 Executing VM operation: HandshakeAllThreads (Deoptimize) done
Event: 10.931 Executing VM operation: HandshakeAllThreads (Deoptimize)
Event: 10.931 Executing VM operation: HandshakeAllThreads (Deoptimize) done
Event: 10.931 Executing VM operation: HandshakeAllThreads (Deoptimize)
Event: 10.931 Executing VM operation: HandshakeAllThreads (Deoptimize) done
Event: 10.971 Executing VM operation: G1CollectForAllocation (G1 Evacuation Pause)
Event: 10.973 Executing VM operation: G1CollectForAllocation (G1 Evacuation Pause) done
Event: 10.998 Executing VM operation: G1PauseRemark
Event: 11.000 Executing VM operation: G1PauseRemark done
Event: 11.010 Executing VM operation: G1PauseCleanup
Event: 11.010 Executing VM operation: G1PauseCleanup done
Event: 11.154 Executing VM operation: HandshakeAllThreads (Deoptimize)
Event: 11.155 Executing VM operation: HandshakeAllThreads (Deoptimize) done
Event: 11.279 Executing VM operation: G1CollectForAllocation (G1 Evacuation Pause)

Memory protections (0 events):
No events

Nmethod flushes (20 events):
Event: 10.999 Thread 0x000001fc7f3ffb80 flushing  nmethod 0x000001fc6cf23690
Event: 10.999 Thread 0x000001fc7f3ffb80 flushing  nmethod 0x000001fc6cf74510
Event: 10.999 Thread 0x000001fc7f3ffb80 flushing  nmethod 0x000001fc6cfe7390
Event: 10.999 Thread 0x000001fc7f3ffb80 flushing  nmethod 0x000001fc6cfe8410
Event: 10.999 Thread 0x000001fc7f3ffb80 flushing  nmethod 0x000001fc6cfea790
Event: 10.999 Thread 0x000001fc7f3ffb80 flushing  nmethod 0x000001fc6cfed510
Event: 10.999 Thread 0x000001fc7f3ffb80 flushing  nmethod 0x000001fc6d045b90
Event: 10.999 Thread 0x000001fc7f3ffb80 flushing  nmethod 0x000001fc6d046710
Event: 10.999 Thread 0x000001fc7f3ffb80 flushing  nmethod 0x000001fc6d04a210
Event: 10.999 Thread 0x000001fc7f3ffb80 flushing  nmethod 0x000001fc6d04a990
Event: 10.999 Thread 0x000001fc7f3ffb80 flushing  nmethod 0x000001fc6d04ad90
Event: 10.999 Thread 0x000001fc7f3ffb80 flushing  nmethod 0x000001fc6d0c3f10
Event: 10.999 Thread 0x000001fc7f3ffb80 flushing  nmethod 0x000001fc6d0cb310
Event: 10.999 Thread 0x000001fc7f3ffb80 flushing  nmethod 0x000001fc6d1a8d10
Event: 10.999 Thread 0x000001fc7f3ffb80 flushing  nmethod 0x000001fc6d1aa090
Event: 10.999 Thread 0x000001fc7f3ffb80 flushing  nmethod 0x000001fc6d1ab510
Event: 10.999 Thread 0x000001fc7f3ffb80 flushing  nmethod 0x000001fc6d1ad090
Event: 10.999 Thread 0x000001fc7f3ffb80 flushing  nmethod 0x000001fc6d240f90
Event: 10.999 Thread 0x000001fc7f3ffb80 flushing  nmethod 0x000001fc6d242510
Event: 10.999 Thread 0x000001fc7f3ffb80 flushing  nmethod 0x000001fc6d454410

Events (20 events):
Event: 5.832 Thread 0x000001fc079e8640 Thread added: 0x000001fc078dab40
Event: 5.869 Thread 0x000001fc079e8640 Thread added: 0x000001fc078db1d0
Event: 5.994 Thread 0x000001fc7f5fe0a0 Thread added: 0x000001fc06a95360
Event: 7.753 Thread 0x000001fc079e8640 Thread added: 0x000001fc078d9100
Event: 7.769 Thread 0x000001fc079e8640 Thread added: 0x000001fc078db860
Event: 8.428 Thread 0x000001fc06a95360 Thread exited: 0x000001fc06a95360
Event: 8.474 Thread 0x000001fc079e8640 Thread added: 0x000001fc078dbef0
Event: 8.493 Thread 0x000001fc079e8640 Thread added: 0x000001fc0861d610
Event: 8.565 Thread 0x000001fc7f5fe0a0 Thread added: 0x000001fc06a95360
Event: 8.721 Thread 0x000001fc079e8640 Thread added: 0x000001fc0861b540
Event: 8.721 Thread 0x000001fc079e8640 Thread added: 0x000001fc0861a190
Event: 8.725 Thread 0x000001fc079e8640 Thread added: 0x000001fc0861bbd0
Event: 8.734 Thread 0x000001fc079e8640 Thread added: 0x000001fc0861c260
Event: 8.737 Thread 0x000001fc079e8640 Thread added: 0x000001fc0861cf80
Event: 8.738 Thread 0x000001fc079e8640 Thread added: 0x000001fc0861aeb0
Event: 8.738 Thread 0x000001fc079e8640 Thread added: 0x000001fc0861c8f0
Event: 8.738 Thread 0x000001fc079e8640 Thread added: 0x000001fc0861dca0
Event: 9.886 Thread 0x000001fc06a95360 Thread exited: 0x000001fc06a95360
Event: 11.021 Thread 0x000001fc7f5fe0a0 Thread added: 0x000001fc097c26c0
Event: 11.159 Thread 0x000001fc7f5fe0a0 Thread added: 0x000001fc08a5f6b0


Dynamic libraries:
0x00007ff67def0000 - 0x00007ff67defa000 	C:\Program Files\Android\Android Studio\jbr\bin\java.exe
0x00007ff9b6880000 - 0x00007ff9b6ae8000 	C:\WINDOWS\SYSTEM32\ntdll.dll
0x00007ff9b6630000 - 0x00007ff9b66f9000 	C:\WINDOWS\System32\KERNEL32.DLL
0x00007ff9b32b0000 - 0x00007ff9b36a1000 	C:\WINDOWS\System32\KERNELBASE.dll
0x00007ff9b3160000 - 0x00007ff9b32ab000 	C:\WINDOWS\System32\ucrtbase.dll
0x00007ff9a2de0000 - 0x00007ff9a2dfb000 	C:\Program Files\Android\Android Studio\jbr\bin\VCRUNTIME140.dll
0x00007ff9ad280000 - 0x00007ff9ad298000 	C:\Program Files\Android\Android Studio\jbr\bin\jli.dll
0x00007ff9b4880000 - 0x00007ff9b4a46000 	C:\WINDOWS\System32\USER32.dll
0x00007ff9b3ba0000 - 0x00007ff9b3bc7000 	C:\WINDOWS\System32\win32u.dll
0x00007ff9b6600000 - 0x00007ff9b662b000 	C:\WINDOWS\System32\GDI32.dll
0x00007ff9b3c80000 - 0x00007ff9b3dab000 	C:\WINDOWS\System32\gdi32full.dll
0x00007ff9b39a0000 - 0x00007ff9b3a43000 	C:\WINDOWS\System32\msvcp_win.dll
0x00007ff99c3a0000 - 0x00007ff99c633000 	C:\WINDOWS\WinSxS\amd64_microsoft.windows.common-controls_6595b64144ccf1df_6.0.26100.7824_none_3e0870b2e3345462\COMCTL32.dll
0x00007ff9b56d0000 - 0x00007ff9b5779000 	C:\WINDOWS\System32\msvcrt.dll
0x00007ff9b52e0000 - 0x00007ff9b5311000 	C:\WINDOWS\System32\IMM32.DLL
0x00007ff9a3060000 - 0x00007ff9a306c000 	C:\Program Files\Android\Android Studio\jbr\bin\vcruntime140_1.dll
0x00007ff9a51f0000 - 0x00007ff9a527d000 	C:\Program Files\Android\Android Studio\jbr\bin\msvcp140.dll
0x00007ff8ea330000 - 0x00007ff8eafbb000 	C:\Program Files\Android\Android Studio\jbr\bin\server\jvm.dll
0x00007ff9b6710000 - 0x00007ff9b67c4000 	C:\WINDOWS\System32\ADVAPI32.dll
0x00007ff9b62a0000 - 0x00007ff9b6346000 	C:\WINDOWS\System32\sechost.dll
0x00007ff9b5960000 - 0x00007ff9b5a78000 	C:\WINDOWS\System32\RPCRT4.dll
0x00007ff9b4760000 - 0x00007ff9b47d4000 	C:\WINDOWS\System32\WS2_32.dll
0x00007ff9b2fc0000 - 0x00007ff9b301e000 	C:\WINDOWS\SYSTEM32\POWRPROF.dll
0x00007ff996ba0000 - 0x00007ff996bd5000 	C:\WINDOWS\SYSTEM32\WINMM.dll
0x00007ff9a4bd0000 - 0x00007ff9a4bdb000 	C:\WINDOWS\SYSTEM32\VERSION.dll
0x00007ff9b2fa0000 - 0x00007ff9b2fb4000 	C:\WINDOWS\SYSTEM32\UMPDC.dll
0x00007ff9b1f00000 - 0x00007ff9b1f1b000 	C:\WINDOWS\SYSTEM32\kernel.appcore.dll
0x00007ff9a3030000 - 0x00007ff9a303a000 	C:\Program Files\Android\Android Studio\jbr\bin\jimage.dll
0x00007ff9ae070000 - 0x00007ff9ae2b2000 	C:\WINDOWS\SYSTEM32\DBGHELP.DLL
0x00007ff9b5a80000 - 0x00007ff9b5e06000 	C:\WINDOWS\System32\combase.dll
0x00007ff9b5780000 - 0x00007ff9b5857000 	C:\WINDOWS\System32\OLEAUT32.dll
0x00007ff99d310000 - 0x00007ff99d34b000 	C:\WINDOWS\SYSTEM32\dbgcore.DLL
0x00007ff9b3bd0000 - 0x00007ff9b3c75000 	C:\WINDOWS\System32\bcryptPrimitives.dll
0x00007ff9ab110000 - 0x00007ff9ab11e000 	C:\Program Files\Android\Android Studio\jbr\bin\instrument.dll
0x00007ff9a2d80000 - 0x00007ff9a2da0000 	C:\Program Files\Android\Android Studio\jbr\bin\java.dll
0x00007ff975800000 - 0x00007ff975818000 	C:\Program Files\Android\Android Studio\jbr\bin\zip.dll
0x00007ff9b4a50000 - 0x00007ff9b51a2000 	C:\WINDOWS\System32\SHELL32.dll
0x00007ff9b3830000 - 0x00007ff9b399a000 	C:\WINDOWS\System32\wintypes.dll
0x00007ff9b3db0000 - 0x00007ff9b4613000 	C:\WINDOWS\System32\windows.storage.dll
0x00007ff9b6500000 - 0x00007ff9b65f6000 	C:\WINDOWS\System32\SHCORE.dll
0x00007ff9b51b0000 - 0x00007ff9b5217000 	C:\WINDOWS\System32\shlwapi.dll
0x00007ff9b3080000 - 0x00007ff9b30a9000 	C:\WINDOWS\SYSTEM32\profapi.dll
0x00007ff9a2800000 - 0x00007ff9a2810000 	C:\Program Files\Android\Android Studio\jbr\bin\net.dll
0x00007ff9a4990000 - 0x00007ff9a4ab7000 	C:\WINDOWS\SYSTEM32\WINHTTP.dll
0x00007ff9b2470000 - 0x00007ff9b24db000 	C:\WINDOWS\system32\mswsock.dll
0x00007ff9669d0000 - 0x00007ff9669e6000 	C:\Program Files\Android\Android Studio\jbr\bin\nio.dll
0x00007ff977d90000 - 0x00007ff977da0000 	C:\Program Files\Android\Android Studio\jbr\bin\verify.dll
0x00007ff9a5110000 - 0x00007ff9a5137000 	C:\Users\Asus\Downloads\gradle\gradle-9.0.0\native\1def1411415f61bf3af743bc5b6707747c0891f09f0c88961ee8f79bc544acac\windows-amd64\native-platform.dll
0x00007ff95ebd0000 - 0x00007ff95ec48000 	C:\Users\Asus\Downloads\gradle\gradle-9.0.0\native\0.2.7\x86_64-windows-gnu\gradle-fileevents.dll
0x00007ff9a0740000 - 0x00007ff9a0749000 	C:\Program Files\Android\Android Studio\jbr\bin\management.dll
0x00007ff991480000 - 0x00007ff99148b000 	C:\Program Files\Android\Android Studio\jbr\bin\management_ext.dll
0x00007ff9b4860000 - 0x00007ff9b4868000 	C:\WINDOWS\System32\PSAPI.DLL
0x00007ff9b1990000 - 0x00007ff9b19c4000 	C:\WINDOWS\SYSTEM32\IPHLPAPI.DLL
0x00007ff9b6350000 - 0x00007ff9b635a000 	C:\WINDOWS\System32\NSI.dll
0x00007ff9a09a0000 - 0x00007ff9a09a9000 	C:\Program Files\Android\Android Studio\jbr\bin\extnet.dll
0x00007ff9b2740000 - 0x00007ff9b275b000 	C:\WINDOWS\SYSTEM32\CRYPTSP.dll
0x00007ff9b1e60000 - 0x00007ff9b1e99000 	C:\WINDOWS\system32\rsaenh.dll
0x00007ff9b2520000 - 0x00007ff9b254b000 	C:\WINDOWS\SYSTEM32\USERENV.dll
0x00007ff9b3050000 - 0x00007ff9b307a000 	C:\WINDOWS\SYSTEM32\bcrypt.dll
0x00007ff9b2760000 - 0x00007ff9b276c000 	C:\WINDOWS\SYSTEM32\CRYPTBASE.dll
0x00007ff981bf0000 - 0x00007ff981bf8000 	C:\WINDOWS\system32\wshunix.dll

dbghelp: loaded successfully - version: 4.0.5 - missing functions: none
symbol engine: initialized successfully - sym options: 0x614 - pdb path: .;C:\Program Files\Android\Android Studio\jbr\bin;C:\WINDOWS\SYSTEM32;C:\WINDOWS\WinSxS\amd64_microsoft.windows.common-controls_6595b64144ccf1df_6.0.26100.7824_none_3e0870b2e3345462;C:\Program Files\Android\Android Studio\jbr\bin\server;C:\Users\Asus\Downloads\gradle\gradle-9.0.0\native\1def1411415f61bf3af743bc5b6707747c0891f09f0c88961ee8f79bc544acac\windows-amd64;C:\Users\Asus\Downloads\gradle\gradle-9.0.0\native\0.2.7\x86_64-windows-gnu

VM Arguments:
jvm_args: --add-opens=java.base/java.lang=ALL-UNNAMED --add-opens=java.base/java.lang.invoke=ALL-UNNAMED --add-opens=java.base/java.util=ALL-UNNAMED --add-opens=java.prefs/java.util.prefs=ALL-UNNAMED --add-exports=jdk.compiler/com.sun.tools.javac.api=ALL-UNNAMED --add-exports=jdk.compiler/com.sun.tools.javac.util=ALL-UNNAMED --add-opens=java.base/java.util=ALL-UNNAMED --add-opens=java.prefs/java.util.prefs=ALL-UNNAMED --add-opens=java.base/java.nio.charset=ALL-UNNAMED --add-opens=java.base/java.net=ALL-UNNAMED --add-opens=java.base/java.util.concurrent.atomic=ALL-UNNAMED --add-opens=java.xml/javax.xml.namespace=ALL-UNNAMED -Xmx2048m -Dfile.encoding=UTF-8 -Duser.country=US -Duser.language=en -Duser.variant -javaagent:C:\Users\Asus\Downloads\gradle\gradle-9.0.0\wrapper\dists\gradle-8.13-bin\5xuhj0ry160q40clulazy9h7d\gradle-8.13\lib\agents\gradle-instrumentation-agent-8.13.jar 
java_command: org.gradle.launcher.daemon.bootstrap.GradleDaemon 8.13
java_class_path (initial): C:\Users\Asus\Downloads\gradle\gradle-9.0.0\wrapper\dists\gradle-8.13-bin\5xuhj0ry160q40clulazy9h7d\gradle-8.13\lib\gradle-daemon-main-8.13.jar
Launcher Type: SUN_STANDARD

[Global flags]
     intx CICompilerCount                          = 4                                         {product} {ergonomic}
     uint ConcGCThreads                            = 2                                         {product} {ergonomic}
     uint G1ConcRefinementThreads                  = 8                                         {product} {ergonomic}
   size_t G1HeapRegionSize                         = 1048576                                   {product} {ergonomic}
    uintx GCDrainStackTargetSize                   = 64                                        {product} {ergonomic}
   size_t InitialHeapSize                          = 132120576                                 {product} {ergonomic}
   size_t MarkStackSize                            = 4194304                                   {product} {ergonomic}
   size_t MaxHeapSize                              = 2147483648                                {product} {command line}
   size_t MaxNewSize                               = 1287651328                                {product} {ergonomic}
   size_t MinHeapDeltaBytes                        = 1048576                                   {product} {ergonomic}
   size_t MinHeapSize                              = 8388608                                   {product} {ergonomic}
    uintx NonNMethodCodeHeapSize                   = 5839372                                {pd product} {ergonomic}
    uintx NonProfiledCodeHeapSize                  = 122909434                              {pd product} {ergonomic}
    uintx ProfiledCodeHeapSize                     = 122909434                              {pd product} {ergonomic}
    uintx ReservedCodeCacheSize                    = 251658240                              {pd product} {ergonomic}
     bool SegmentedCodeCache                       = true                                      {product} {ergonomic}
   size_t SoftMaxHeapSize                          = 2147483648                             {manageable} {ergonomic}
     bool UseCompressedOops                        = true                           {product lp64_product} {ergonomic}
     bool UseG1GC                                  = true                                      {product} {ergonomic}
     bool UseLargePagesIndividualAllocation        = false                                  {pd product} {ergonomic}

Logging:
Log output configuration:
 #0: stdout all=warning uptime,level,tags foldmultilines=false
 #1: stderr all=off uptime,level,tags foldmultilines=false

Environment Variables:
PATH=C:\Program Files\Common Files\Oracle\Java\javapath;C:\Python312\Scripts\;C:\Python312\;C:\Windows\system32;C:\Windows;C:\Windows\System32\Wbem;C:\Windows\System32\WindowsPowerShell\v1.0\;C:\Windows\System32\OpenSSH\;C:\Program Files (x86)\NVIDIA Corporation\PhysX\Common;C:\WINDOWS\system32;C:\WINDOWS;C:\WINDOWS\System32\Wbem;C:\WINDOWS\System32\WindowsPowerShell\v1.0\;C:\WINDOWS\System32\OpenSSH\;C:\php-8.3.9;C:\Program Files\nodejs\;C:\laragon\bin\nodejs\node-v20.15.1-win-x64;C:\ProgramData\chocolatey\bin;C:\composer;C:\Program Files\Git\cmd;C:\Program Files\Java\jdk-22\bin;C:\Program Files\Dart\dart-sdk\bin;C:\src\flutter\bin;C:\Dart\dart-sdk\bin;C:\gradle-9.0.0\bin;C:\Users\Asus\AppData\Local\Microsoft\WindowsApps;C:\Users\Asus\AppData\Local\Programs\Microsoft VS Code\bin;C:\Users\Asus\AppData\Roaming\npm;C:\Users\Asus\AppData\Roaming\Composer\vendor\bin;C:\src\flutter\bin;C:\Dart\dart-sdk\bin;
USERNAME=Asus
OS=Windows_NT
PROCESSOR_IDENTIFIER=Intel64 Family 6 Model 142 Stepping 12, GenuineIntel
TMP=C:\Users\Asus\AppData\Local\Temp
TEMP=C:\Users\Asus\AppData\Local\Temp




Periodic native trim disabled

JNI global refs:
JNI global refs: 26, weak refs: 0

JNI global refs memory usage: 835, weak refs: 833

Process memory usage:
Resident Set Size: 228904K (2% of 8182576K total physical memory with 730104K free physical memory)

OOME stack traces (most recent first):
Classloader memory used:
Loader org.gradle.internal.classloader.VisitableURLClassLoader                         : 19250K
Loader bootstrap                                                                       : 18217K
Loader org.gradle.initialization.MixInLegacyTypesClassLoader                           : 2819K
Loader org.gradle.internal.classloader.VisitableURLClassLoader                         : 730K
Loader jdk.internal.loader.ClassLoaders$AppClassLoader                                 : 235K
Loader jdk.internal.reflect.DelegatingClassLoader                                      : 157K
Loader jdk.internal.loader.ClassLoaders$PlatformClassLoader                            : 116K
Loader org.gradle.groovy.scripts.internal.DefaultScriptCompilationHandler$ScriptClassLoader: 6584B

Classes loaded by more than one classloader:
Class org.gradle.api.GradleException                                                  : loaded 3 times (x 78B)
Class org.gradle.internal.classloader.FilteringClassLoader                            : loaded 2 times (x 101B)
Class org.gradle.internal.classloader.ClassLoaderHierarchy                            : loaded 2 times (x 66B)
Class org.gradle.api.internal.classpath.ManifestUtil                                  : loaded 2 times (x 67B)
Class org.gradle.internal.operations.MultipleBuildOperationFailures                   : loaded 2 times (x 91B)
Class org.gradle.internal.classloader.DefaultClassLoaderFactory                       : loaded 2 times (x 78B)
Class org.gradle.internal.classloader.ClassLoaderVisitor                              : loaded 2 times (x 72B)
Class org.gradle.api.internal.classpath.EffectiveClassPath                            : loaded 2 times (x 86B)
Class org.gradle.api.internal.DefaultClassPathProvider                                : loaded 2 times (x 72B)
Class [Lorg.gradle.api.internal.ClassPathProvider;                                    : loaded 2 times (x 65B)
Class org.gradle.api.internal.ClassPathProvider                                       : loaded 2 times (x 66B)
Class org.gradle.internal.service.UnknownServiceException                             : loaded 2 times (x 79B)
Class org.gradle.internal.classpath.TransformedClassPath                              : loaded 2 times (x 92B)
Class org.gradle.internal.classloader.InstrumentingClassLoader                        : loaded 2 times (x 66B)
Class org.gradle.internal.service.ServiceLocator                                      : loaded 2 times (x 66B)
Class org.gradle.internal.InternalTransformer                                         : loaded 2 times (x 66B)
Class org.gradle.internal.time.DefaultTimer                                           : loaded 2 times (x 76B)
Class org.gradle.internal.classloader.ClasspathUtil$1                                 : loaded 2 times (x 72B)
Class org.gradle.api.internal.classpath.DefaultModuleRegistry$DefaultModule           : loaded 2 times (x 82B)
Class org.gradle.internal.time.DefaultCountdownTimer                                  : loaded 2 times (x 84B)
Class kotlin.Function                                                                 : loaded 2 times (x 66B)
Class org.gradle.api.internal.classpath.Module                                        : loaded 2 times (x 66B)
Class org.gradle.api.internal.classpath.UnknownModuleException                        : loaded 2 times (x 78B)
Class org.gradle.api.internal.DefaultClassPathRegistry                                : loaded 2 times (x 72B)
Class org.gradle.api.internal.ClassPathRegistry                                       : loaded 2 times (x 66B)
Class org.gradle.internal.classpath.DefaultClassPath$ImmutableUniqueList              : loaded 2 times (x 195B)
Class org.gradle.internal.classpath.ClassPath                                         : loaded 2 times (x 66B)
Class org.gradle.api.UncheckedIOException                                             : loaded 2 times (x 78B)
Class kotlin.UninitializedPropertyAccessException                                     : loaded 2 times (x 78B)
Class org.gradle.internal.installation.GradleInstallation$1                           : loaded 2 times (x 71B)
Class org.gradle.api.internal.classpath.ModuleRegistry                                : loaded 2 times (x 66B)
Class org.gradle.api.internal.classpath.DefaultModuleRegistry                         : loaded 2 times (x 82B)
Class org.gradle.internal.time.MonotonicClock                                         : loaded 2 times (x 73B)
Class org.gradle.internal.service.ServiceLookupException                              : loaded 2 times (x 78B)
Class org.gradle.internal.classloader.ClassLoaderFactory                              : loaded 2 times (x 66B)
Class org.gradle.internal.service.CachingServiceLocator                               : loaded 2 times (x 78B)
Class org.gradle.internal.time.TimeSource                                             : loaded 2 times (x 66B)
Class org.gradle.internal.exceptions.ResolutionProvider                               : loaded 2 times (x 66B)
Class org.gradle.internal.classloader.ClasspathUtil                                   : loaded 2 times (x 67B)
Class org.gradle.internal.time.TimeSource$1                                           : loaded 2 times (x 73B)
Class org.gradle.api.specs.Spec                                                       : loaded 2 times (x 66B)
Class org.gradle.internal.time.Clock                                                  : loaded 2 times (x 66B)
Class org.gradle.internal.classloader.VisitableURLClassLoader$InstrumentingVisitableURLClassLoader: loaded 2 times (x 119B)
Class org.gradle.internal.classloader.VisitableURLClassLoader$Spec                    : loaded 2 times (x 70B)
Class org.gradle.internal.classpath.DefaultClassPath                                  : loaded 2 times (x 86B)
Class org.gradle.internal.classloader.ClassLoaderSpec                                 : loaded 2 times (x 67B)
Class org.gradle.internal.classloader.VisitableURLClassLoader                         : loaded 2 times (x 113B)
Class org.gradle.internal.Cast                                                        : loaded 2 times (x 67B)
Class org.gradle.api.Action                                                           : loaded 2 times (x 66B)
Class kotlin.jvm.functions.Function1                                                  : loaded 2 times (x 66B)
Class org.gradle.internal.classpath.DefaultClassPath$ImmutableUniqueList$Builder      : loaded 2 times (x 71B)
Class kotlin.NotImplementedError                                                      : loaded 2 times (x 78B)
Class org.gradle.internal.exceptions.NonGradleCauseExceptionsHolder                   : loaded 2 times (x 66B)
Class org.gradle.internal.IoActions                                                   : loaded 2 times (x 67B)
Class org.gradle.internal.classloader.SystemClassLoaderSpec                           : loaded 2 times (x 67B)
Class org.gradle.internal.exceptions.MultiCauseException                              : loaded 2 times (x 66B)
Class org.gradle.internal.time.CountdownTimer                                         : loaded 2 times (x 66B)
Class kotlin.jvm.internal.Intrinsics                                                  : loaded 2 times (x 67B)
Class org.gradle.tooling.model.ProjectModel                                           : loaded 2 times (x 66B)
Class kotlin.KotlinNullPointerException                                               : loaded 2 times (x 79B)
Class org.gradle.internal.exceptions.DefaultMultiCauseException                       : loaded 2 times (x 91B)
Class org.gradle.internal.time.Time                                                   : loaded 2 times (x 67B)
Class org.gradle.api.internal.classpath.GlobalCacheRootsProvider                      : loaded 2 times (x 66B)
Class org.gradle.internal.time.Timer                                                  : loaded 2 times (x 66B)
Class org.gradle.internal.installation.CurrentGradleInstallationLocator               : loaded 2 times (x 67B)
Class org.gradle.internal.service.DefaultServiceLocator                               : loaded 2 times (x 79B)
Class org.gradle.util.GradleVersion                                                   : loaded 2 times (x 75B)
Class org.gradle.internal.installation.CurrentGradleInstallation                      : loaded 2 times (x 69B)
Class org.gradle.util.internal.GUtil                                                  : loaded 2 times (x 67B)
Class org.gradle.internal.installation.GradleInstallation                             : loaded 2 times (x 71B)

---------------  S Y S T E M  ---------------

OS:
 Windows 11 , 64 bit Build 26100 (10.0.26100.7705)
OS uptime: 0 days 19:42 hours
Hyper-V role detected

CPU: total 8 (initial active 8) (4 cores per cpu, 2 threads per core) family 6 model 142 stepping 12 microcode 0xde, cx8, cmov, fxsr, ht, mmx, 3dnowpref, sse, sse2, sse3, ssse3, sse4.1, sse4.2, popcnt, lzcnt, tsc, tscinvbit, avx, avx2, aes, erms, clmul, bmi1, bmi2, adx, fma, vzeroupper, clflush, clflushopt, hv, rdtscp, f16c
Processor Information for the first 8 processors :
  Max Mhz: 2304, Current Mhz: 1803, Mhz Limit: 1797

Memory: 4k page, system-wide physical 7990M (712M free)
TotalPageFile size 16182M (AvailPageFile size 41M)
current process WorkingSet (physical memory assigned to process): 223M, peak: 223M
current process commit charge ("private bytes"): 296M, peak: 309M

vm_info: OpenJDK 64-Bit Server VM (21.0.6+-13391695-b895.109) for windows-amd64 JRE (21.0.6+-13391695-b895.109), built on 2025-04-22T21:19:17Z by "builder" with MS VC++ 16.10 / 16.11 (VS2019)

END.
