#
# There is insufficient memory for the Java Runtime Environment to continue.
# Native memory allocation (mmap) failed to map 30408704 bytes. Error detail: G1 virtual space
# Possible reasons:
#   The system is out of physical RAM or swap space
#   This process is running with CompressedOops enabled, and the Java Heap may be blocking the growth of the native heap
# Possible solutions:
#   Reduce memory load on the system
#   Increase physical memory or swap space
#   Check if swap backing store is full
#   Decrease Java heap size (-Xmx/-Xms)
#   Decrease number of Java threads
#   Decrease Java thread stack sizes (-Xss)
#   Set larger code cache with -XX:ReservedCodeCacheSize=
#   JVM is running with Unscaled Compressed Oops mode in which the Java heap is
#     placed in the first 4GB address space. The Java Heap base address is the
#     maximum limit for the native heap growth. Please use -XX:HeapBaseMinAddress
#     to set the Java Heap base and to place the Java Heap above 4GB virtual address.
# This output file may be truncated or incomplete.
#
#  Out of Memory Error (os_windows.cpp:3898), pid=8224, tid=10172
#
# JRE version: OpenJDK Runtime Environment (21.0.6) (build 21.0.6+-13391695-b895.109)
# Java VM: OpenJDK 64-Bit Server VM (21.0.6+-13391695-b895.109, mixed mode, tiered, compressed oops, compressed class ptrs, g1 gc, windows-amd64)
# No core dump will be written. Minidumps are not enabled by default on client versions of Windows
#

---------------  S U M M A R Y ------------

Command Line: --add-opens=java.base/java.lang=ALL-UNNAMED --add-opens=java.base/java.lang.invoke=ALL-UNNAMED --add-opens=java.base/java.util=ALL-UNNAMED --add-opens=java.prefs/java.util.prefs=ALL-UNNAMED --add-exports=jdk.compiler/com.sun.tools.javac.api=ALL-UNNAMED --add-exports=jdk.compiler/com.sun.tools.javac.util=ALL-UNNAMED --add-opens=java.base/java.util=ALL-UNNAMED --add-opens=java.prefs/java.util.prefs=ALL-UNNAMED --add-opens=java.base/java.nio.charset=ALL-UNNAMED --add-opens=java.base/java.net=ALL-UNNAMED --add-opens=java.base/java.util.concurrent.atomic=ALL-UNNAMED --add-opens=java.xml/javax.xml.namespace=ALL-UNNAMED -Xmx2048m -Dfile.encoding=UTF-8 -Duser.country=US -Duser.language=en -Duser.variant -javaagent:C:\Users\Asus\.gradle\wrapper\dists\gradle-8.13-bin\5xuhj0ry160q40clulazy9h7d\gradle-8.13\lib\agents\gradle-instrumentation-agent-8.13.jar org.gradle.launcher.daemon.bootstrap.GradleDaemon 8.13

Host: Intel(R) Core(TM) i7-10510U CPU @ 1.80GHz, 8 cores, 7G,  Windows 11 , 64 bit Build 26100 (10.0.26100.7623)
Time: Fri Jan 16 19:51:35 2026 SE Asia Standard Time elapsed time: 10.946588 seconds (0d 0h 0m 10s)

---------------  T H R E A D  ---------------

Current thread (0x000002159803d970):  VMThread "VM Thread"          [id=10172, stack(0x000000ed2c400000,0x000000ed2c500000) (1024K)]

Stack: [0x000000ed2c400000,0x000000ed2c500000]
Native frames: (J=compiled Java code, j=interpreted, Vv=VM code, C=native code)
V  [jvm.dll+0x6d0639]
V  [jvm.dll+0x85eb03]
V  [jvm.dll+0x86105e]
V  [jvm.dll+0x861743]
V  [jvm.dll+0x27e6e6]
V  [jvm.dll+0x6ccfd5]
V  [jvm.dll+0x6c0a8a]
V  [jvm.dll+0x35537b]
V  [jvm.dll+0x35cfd6]
V  [jvm.dll+0x3aef86]
V  [jvm.dll+0x3af258]
V  [jvm.dll+0x327a2c]
V  [jvm.dll+0x327ab7]
V  [jvm.dll+0x36d93c]
V  [jvm.dll+0x36c0ee]
V  [jvm.dll+0x327181]
V  [jvm.dll+0x36b7f0]
V  [jvm.dll+0x8674c8]
V  [jvm.dll+0x868844]
V  [jvm.dll+0x868d80]
V  [jvm.dll+0x869013]
V  [jvm.dll+0x806ed8]
V  [jvm.dll+0x6cef0d]
C  [ucrtbase.dll+0x37b0]
C  [KERNEL32.DLL+0x2e8d7]
C  [ntdll.dll+0x8c53c]

VM_Operation (0x000000ed2dcf4e40): G1CollectForAllocation, mode: safepoint, requested by thread 0x000002159e351150


---------------  P R O C E S S  ---------------

Threads class SMR info:
_java_thread_list=0x00000215a1556570, length=59, elements={
0x000002158094fdb0, 0x00000215981bd040, 0x0000021598205280, 0x00000215981ed0f0,
0x00000215981edb40, 0x00000215981ee590, 0x000002159820df20, 0x00000215981ec0e0,
0x0000021598212260, 0x00000215983065b0, 0x000002159850d3f0, 0x000002159d3da480,
0x00000215989196f0, 0x000002159e0033c0, 0x000002159dfe62b0, 0x000002159dfe6910,
0x000002159e350af0, 0x000002159e351150, 0x000002159e33ccd0, 0x000002159e33c640,
0x000002159e33bfb0, 0x000002159e33b290, 0x000002159e33d9f0, 0x000002159e24a990,
0x000002159e33a570, 0x000002159e33ac00, 0x000002159e33b920, 0x000002159e33d360,
0x00000215a23e2c20, 0x00000215a23e1f00, 0x00000215a23e11e0, 0x00000215a23e0b50,
0x00000215a23e1870, 0x00000215a23e32b0, 0x00000215a23e3940, 0x00000215a23e04c0,
0x00000215a23e3fd0, 0x00000215a23e4660, 0x00000215a23e5a10, 0x00000215a23e60a0,
0x00000215a23e7ae0, 0x00000215a23e6dc0, 0x00000215a23e7450, 0x000002159e5d3b90,
0x000002159e5d4f40, 0x000002159e5d5c60, 0x000002159e5d7010, 0x000002159e5d6980,
0x000002159e5d76a0, 0x000002159e5d4220, 0x000002159e5d7d30, 0x000002159e5d48b0,
0x000002159e5dab20, 0x000002159e5d90e0, 0x000002159e5d9770, 0x000002159e5da490,
0x000002159e5d9e00, 0x000002159e5d8a50, 0x000002159e5db1b0
}

Java Threads: ( => current thread )
  0x000002158094fdb0 JavaThread "main"                              [_thread_blocked, id=23160, stack(0x000000ed2bd00000,0x000000ed2be00000) (1024K)]
  0x00000215981bd040 JavaThread "Reference Handler"          daemon [_thread_blocked, id=21108, stack(0x000000ed2c500000,0x000000ed2c600000) (1024K)]
  0x0000021598205280 JavaThread "Finalizer"                  daemon [_thread_blocked, id=22000, stack(0x000000ed2c600000,0x000000ed2c700000) (1024K)]
  0x00000215981ed0f0 JavaThread "Signal Dispatcher"          daemon [_thread_blocked, id=21336, stack(0x000000ed2c700000,0x000000ed2c800000) (1024K)]
  0x00000215981edb40 JavaThread "Attach Listener"            daemon [_thread_blocked, id=9436, stack(0x000000ed2c800000,0x000000ed2c900000) (1024K)]
  0x00000215981ee590 JavaThread "Service Thread"             daemon [_thread_blocked, id=11344, stack(0x000000ed2c900000,0x000000ed2ca00000) (1024K)]
  0x000002159820df20 JavaThread "Monitor Deflation Thread"   daemon [_thread_blocked, id=21868, stack(0x000000ed2ca00000,0x000000ed2cb00000) (1024K)]
  0x00000215981ec0e0 JavaThread "C2 CompilerThread0"         daemon [_thread_blocked, id=15824, stack(0x000000ed2cb00000,0x000000ed2cc00000) (1024K)]
  0x0000021598212260 JavaThread "C1 CompilerThread0"         daemon [_thread_blocked, id=15968, stack(0x000000ed2cc00000,0x000000ed2cd00000) (1024K)]
  0x00000215983065b0 JavaThread "Common-Cleaner"             daemon [_thread_blocked, id=2480, stack(0x000000ed2cd00000,0x000000ed2ce00000) (1024K)]
  0x000002159850d3f0 JavaThread "Notification Thread"        daemon [_thread_blocked, id=4836, stack(0x000000ed2ce00000,0x000000ed2cf00000) (1024K)]
  0x000002159d3da480 JavaThread "Daemon health stats"               [_thread_blocked, id=22740, stack(0x000000ed2d700000,0x000000ed2d800000) (1024K)]
  0x00000215989196f0 JavaThread "Incoming local TCP Connector on port 55229"        [_thread_in_native, id=12148, stack(0x000000ed2cf00000,0x000000ed2d000000) (1024K)]
  0x000002159e0033c0 JavaThread "Daemon periodic checks"            [_thread_blocked, id=19412, stack(0x000000ed2d800000,0x000000ed2d900000) (1024K)]
  0x000002159dfe62b0 JavaThread "Daemon"                            [_thread_blocked, id=20532, stack(0x000000ed2d900000,0x000000ed2da00000) (1024K)]
  0x000002159dfe6910 JavaThread "Handler for socket connection from /127.0.0.1:55229 to /127.0.0.1:55230"        [_thread_in_native, id=15076, stack(0x000000ed2da00000,0x000000ed2db00000) (1024K)]
  0x000002159e350af0 JavaThread "Cancel handler"                    [_thread_blocked, id=14872, stack(0x000000ed2db00000,0x000000ed2dc00000) (1024K)]
  0x000002159e351150 JavaThread "Daemon worker"                     [_thread_blocked, id=23152, stack(0x000000ed2dc00000,0x000000ed2dd00000) (1024K)]
  0x000002159e33ccd0 JavaThread "Asynchronous log dispatcher for DefaultDaemonConnection: socket connection from /127.0.0.1:55229 to /127.0.0.1:55230"        [_thread_blocked, id=22832, stack(0x000000ed2dd00000,0x000000ed2de00000) (1024K)]
  0x000002159e33c640 JavaThread "Stdin handler"                     [_thread_blocked, id=15376, stack(0x000000ed2de00000,0x000000ed2df00000) (1024K)]
  0x000002159e33bfb0 JavaThread "Daemon client event forwarder"        [_thread_blocked, id=19896, stack(0x000000ed2df00000,0x000000ed2e000000) (1024K)]
  0x000002159e33b290 JavaThread "Cache worker for journal cache (C:\Users\Asus\.gradle\caches\journal-1)"        [_thread_blocked, id=9264, stack(0x000000ed2e100000,0x000000ed2e200000) (1024K)]
  0x000002159e33d9f0 JavaThread "File lock request listener"        [_thread_in_native, id=18980, stack(0x000000ed2e200000,0x000000ed2e300000) (1024K)]
  0x000002159e24a990 JavaThread "C2 CompilerThread1"         daemon [_thread_blocked, id=18356, stack(0x000000ed2e300000,0x000000ed2e400000) (1024K)]
  0x000002159e33a570 JavaThread "Cache worker for file hash cache (C:\Users\Asus\.gradle\caches\8.13\fileHashes)"        [_thread_blocked, id=11928, stack(0x000000ed2e400000,0x000000ed2e500000) (1024K)]
  0x000002159e33ac00 JavaThread "Cache worker for file hash cache (D:\Dicoding\Belajar Fundamental Aplikasi Android\GPT\4.3 Latihan Fragment + Navigation Component Advanced\.gradle\8.13\fileHashes)"        [_thread_blocked, id=19624, stack(0x000000ed2e600000,0x000000ed2e700000) (1024K)]
  0x000002159e33b920 JavaThread "Cache worker for Build Output Cleanup Cache (D:\Dicoding\Belajar Fundamental Aplikasi Android\GPT\4.3 Latihan Fragment + Navigation Component Advanced\.gradle\buildOutputCleanup)"        [_thread_blocked, id=14944, stack(0x000000ed2e700000,0x000000ed2e800000) (1024K)]
  0x000002159e33d360 JavaThread "File watcher server"        daemon [_thread_in_native, id=10232, stack(0x000000ed2e800000,0x000000ed2e900000) (1024K)]
  0x00000215a23e2c20 JavaThread "File watcher consumer"      daemon [_thread_blocked, id=20844, stack(0x000000ed2e900000,0x000000ed2ea00000) (1024K)]
  0x00000215a23e1f00 JavaThread "jar transforms"                    [_thread_blocked, id=19868, stack(0x000000ed2ea00000,0x000000ed2eb00000) (1024K)]
  0x00000215a23e11e0 JavaThread "jar transforms Thread 2"           [_thread_blocked, id=17352, stack(0x000000ed2eb00000,0x000000ed2ec00000) (1024K)]
  0x00000215a23e0b50 JavaThread "jar transforms Thread 3"           [_thread_blocked, id=1308, stack(0x000000ed2ec00000,0x000000ed2ed00000) (1024K)]
  0x00000215a23e1870 JavaThread "jar transforms Thread 4"           [_thread_blocked, id=13428, stack(0x000000ed2ed00000,0x000000ed2ee00000) (1024K)]
  0x00000215a23e32b0 JavaThread "jar transforms Thread 5"           [_thread_blocked, id=11280, stack(0x000000ed2ee00000,0x000000ed2ef00000) (1024K)]
  0x00000215a23e3940 JavaThread "jar transforms Thread 6"           [_thread_blocked, id=12116, stack(0x000000ed2ef00000,0x000000ed2f000000) (1024K)]
  0x00000215a23e04c0 JavaThread "jar transforms Thread 7"           [_thread_blocked, id=2052, stack(0x000000ed2f000000,0x000000ed2f100000) (1024K)]
  0x00000215a23e3fd0 JavaThread "jar transforms Thread 8"           [_thread_blocked, id=21852, stack(0x000000ed2f100000,0x000000ed2f200000) (1024K)]
  0x00000215a23e4660 JavaThread "Cache worker for checksums cache (D:\Dicoding\Belajar Fundamental Aplikasi Android\GPT\4.3 Latihan Fragment + Navigation Component Advanced\.gradle\8.13\checksums)"        [_thread_blocked, id=2436, stack(0x000000ed2f200000,0x000000ed2f300000) (1024K)]
  0x00000215a23e5a10 JavaThread "Cache worker for file content cache (C:\Users\Asus\.gradle\caches\8.13\fileContent)"        [_thread_blocked, id=7520, stack(0x000000ed2f300000,0x000000ed2f400000) (1024K)]
  0x00000215a23e60a0 JavaThread "Cache worker for cache directory md-supplier (C:\Users\Asus\.gradle\caches\8.13\md-supplier)"        [_thread_blocked, id=3432, stack(0x000000ed2f400000,0x000000ed2f500000) (1024K)]
  0x00000215a23e7ae0 JavaThread "Cache worker for cache directory md-rule (C:\Users\Asus\.gradle\caches\8.13\md-rule)"        [_thread_blocked, id=7152, stack(0x000000ed2f500000,0x000000ed2f600000) (1024K)]
  0x00000215a23e6dc0 JavaThread "Unconstrained build operations"        [_thread_blocked, id=21772, stack(0x000000ed2e500000,0x000000ed2e600000) (1024K)]
  0x00000215a23e7450 JavaThread "Unconstrained build operations Thread 2"        [_thread_blocked, id=11852, stack(0x000000ed2f600000,0x000000ed2f700000) (1024K)]
  0x000002159e5d3b90 JavaThread "Unconstrained build operations Thread 3"        [_thread_blocked, id=9584, stack(0x000000ed2f700000,0x000000ed2f800000) (1024K)]
  0x000002159e5d4f40 JavaThread "Unconstrained build operations Thread 4"        [_thread_blocked, id=17852, stack(0x000000ed2f800000,0x000000ed2f900000) (1024K)]
  0x000002159e5d5c60 JavaThread "Unconstrained build operations Thread 5"        [_thread_blocked, id=6368, stack(0x000000ed2f900000,0x000000ed2fa00000) (1024K)]
  0x000002159e5d7010 JavaThread "Unconstrained build operations Thread 6"        [_thread_blocked, id=20368, stack(0x000000ed2fa00000,0x000000ed2fb00000) (1024K)]
  0x000002159e5d6980 JavaThread "Unconstrained build operations Thread 7"        [_thread_blocked, id=18616, stack(0x000000ed2fb00000,0x000000ed2fc00000) (1024K)]
  0x000002159e5d76a0 JavaThread "Unconstrained build operations Thread 8"        [_thread_blocked, id=1712, stack(0x000000ed2fc00000,0x000000ed2fd00000) (1024K)]
  0x000002159e5d4220 JavaThread "Unconstrained build operations Thread 9"        [_thread_blocked, id=7872, stack(0x000000ed2fd00000,0x000000ed2fe00000) (1024K)]
  0x000002159e5d7d30 JavaThread "Unconstrained build operations Thread 10"        [_thread_blocked, id=22256, stack(0x000000ed2fe00000,0x000000ed2ff00000) (1024K)]
  0x000002159e5d48b0 JavaThread "Unconstrained build operations Thread 11"        [_thread_blocked, id=17680, stack(0x000000ed2ff00000,0x000000ed30000000) (1024K)]
  0x000002159e5dab20 JavaThread "Unconstrained build operations Thread 12"        [_thread_blocked, id=15748, stack(0x000000ed30000000,0x000000ed30100000) (1024K)]
  0x000002159e5d90e0 JavaThread "Unconstrained build operations Thread 13"        [_thread_blocked, id=16664, stack(0x000000ed30100000,0x000000ed30200000) (1024K)]
  0x000002159e5d9770 JavaThread "Unconstrained build operations Thread 14"        [_thread_blocked, id=19080, stack(0x000000ed30200000,0x000000ed30300000) (1024K)]
  0x000002159e5da490 JavaThread "Unconstrained build operations Thread 15"        [_thread_blocked, id=20360, stack(0x000000ed30300000,0x000000ed30400000) (1024K)]
  0x000002159e5d9e00 JavaThread "Unconstrained build operations Thread 16"        [_thread_blocked, id=9476, stack(0x000000ed30400000,0x000000ed30500000) (1024K)]
  0x000002159e5d8a50 JavaThread "Unconstrained build operations Thread 17"        [_thread_blocked, id=18784, stack(0x000000ed30500000,0x000000ed30600000) (1024K)]
  0x000002159e5db1b0 JavaThread "Unconstrained build operations Thread 18"        [_thread_blocked, id=13016, stack(0x000000ed30600000,0x000000ed30700000) (1024K)]
Total: 59

Other Threads:
=>0x000002159803d970 VMThread "VM Thread"                           [id=10172, stack(0x000000ed2c400000,0x000000ed2c500000) (1024K)]
  0x0000021597fdf230 WatcherThread "VM Periodic Task Thread"        [id=12620, stack(0x000000ed2c300000,0x000000ed2c400000) (1024K)]
  0x00000215fe40e010 WorkerThread "GC Thread#0"                     [id=10596, stack(0x000000ed2be00000,0x000000ed2bf00000) (1024K)]
  0x00000215987ea1d0 WorkerThread "GC Thread#1"                     [id=7220, stack(0x000000ed2d000000,0x000000ed2d100000) (1024K)]
  0x000002159892efd0 WorkerThread "GC Thread#2"                     [id=13168, stack(0x000000ed2d100000,0x000000ed2d200000) (1024K)]
  0x000002159d816060 WorkerThread "GC Thread#3"                     [id=22828, stack(0x000000ed2d200000,0x000000ed2d300000) (1024K)]
  0x00000215989b92b0 WorkerThread "GC Thread#4"                     [id=23244, stack(0x000000ed2d300000,0x000000ed2d400000) (1024K)]
  0x000002159dee0290 WorkerThread "GC Thread#5"                     [id=18380, stack(0x000000ed2d400000,0x000000ed2d500000) (1024K)]
  0x000002159e089010 WorkerThread "GC Thread#6"                     [id=4280, stack(0x000000ed2d500000,0x000000ed2d600000) (1024K)]
  0x000002159ded8010 WorkerThread "GC Thread#7"                     [id=16028, stack(0x000000ed2d600000,0x000000ed2d700000) (1024K)]
  0x00000215809b52e0 ConcurrentGCThread "G1 Main Marker"            [id=21872, stack(0x000000ed2bf00000,0x000000ed2c000000) (1024K)]
  0x00000215809b6a30 WorkerThread "G1 Conc#0"                       [id=7356, stack(0x000000ed2c000000,0x000000ed2c100000) (1024K)]
  0x000002159ded78d0 WorkerThread "G1 Conc#1"                       [id=796, stack(0x000000ed2e000000,0x000000ed2e100000) (1024K)]
  0x0000021580a0e9a0 ConcurrentGCThread "G1 Refine#0"               [id=12452, stack(0x000000ed2c100000,0x000000ed2c200000) (1024K)]
  0x0000021597eac550 ConcurrentGCThread "G1 Service"                [id=23084, stack(0x000000ed2c200000,0x000000ed2c300000) (1024K)]
Total: 15

Threads with active compile tasks:
C2 CompilerThread0  11027 6823       4       groovyjarjarantlr4.v4.runtime.atn.ParserATNSimulator::isConflicted (860 bytes)
C2 CompilerThread1  11027 6820       4       groovyjarjarantlr4.v4.runtime.atn.ParserATNSimulator::computeTargetState (617 bytes)
Total: 2

VM state: at safepoint (normal execution)

VM Mutex/Monitor currently owned by a thread:  ([mutex/lock_event])
[0x00007ff9050be3a0] Threads_lock - owner thread: 0x000002159803d970
[0x00007ff9050be4a0] Heap_lock - owner thread: 0x000002159e351150

Heap address: 0x0000000080000000, size: 2048 MB, Compressed Oops mode: 32-bit

CDS archive(s) not mapped
Compressed class space mapped at: 0x0000000100000000-0x0000000140000000, reserved size: 1073741824
Narrow klass base: 0x0000000000000000, Narrow klass shift: 3, Narrow klass range: 0x140000000

GC Precious Log:
 CardTable entry size: 512
 Card Set container configuration: InlinePtr #cards 5 size 8 Array Of Cards #cards 12 size 40 Howl #buckets 4 coarsen threshold 1843 Howl Bitmap #cards 512 size 80 coarsen threshold 460 Card regions per heap region 1 cards per card region 2048
 CPUs: 8 total, 8 available
 Memory: 7990M
 Large Page Support: Disabled
 NUMA Support: Disabled
 Compressed Oops: Enabled (32-bit)
 Heap Region Size: 1M
 Heap Min Capacity: 8M
 Heap Initial Capacity: 126M
 Heap Max Capacity: 2G
 Pre-touch: Disabled
 Parallel Workers: 8
 Concurrent Workers: 2
 Concurrent Refinement Workers: 8
 Periodic GC: Disabled

Heap:
 garbage-first heap   total 146432K, used 94904K [0x0000000080000000, 0x0000000100000000)
  region size 1024K, 1 young (1024K), 1 survivors (1024K)
 Metaspace       used 63646K, committed 65216K, reserved 1114112K
  class space    used 8665K, committed 9408K, reserved 1048576K

Heap Regions: E=young(eden), S=young(survivor), O=old, HS=humongous(starts), HC=humongous(continues), CS=collection set, F=free, TAMS=top-at-mark-start, PB=parsable bottom
|   0|0x0000000080000000, 0x0000000080100000, 0x0000000080100000|100%|HS|  |TAMS 0x0000000080100000| PB 0x0000000080000000| Complete 
|   1|0x0000000080100000, 0x0000000080200000, 0x0000000080200000|100%|HC|  |TAMS 0x0000000080200000| PB 0x0000000080100000| Complete 
|   2|0x0000000080200000, 0x0000000080300000, 0x0000000080300000|100%|HC|  |TAMS 0x0000000080300000| PB 0x0000000080200000| Complete 
|   3|0x0000000080300000, 0x0000000080400000, 0x0000000080400000|100%| O|  |TAMS 0x0000000080400000| PB 0x0000000080300000| Untracked 
|   4|0x0000000080400000, 0x0000000080500000, 0x0000000080500000|100%| O|  |TAMS 0x0000000080500000| PB 0x0000000080400000| Untracked 
|   5|0x0000000080500000, 0x0000000080600000, 0x0000000080600000|100%| O|  |TAMS 0x0000000080600000| PB 0x0000000080500000| Untracked 
|   6|0x0000000080600000, 0x0000000080700000, 0x0000000080700000|100%|HS|  |TAMS 0x0000000080700000| PB 0x0000000080600000| Complete 
|   7|0x0000000080700000, 0x0000000080800000, 0x0000000080800000|100%| O|  |TAMS 0x0000000080800000| PB 0x0000000080700000| Untracked 
|   8|0x0000000080800000, 0x0000000080900000, 0x0000000080900000|100%| O|  |TAMS 0x0000000080900000| PB 0x0000000080800000| Untracked 
|   9|0x0000000080900000, 0x0000000080a00000, 0x0000000080a00000|100%| O|  |TAMS 0x0000000080a00000| PB 0x0000000080900000| Untracked 
|  10|0x0000000080a00000, 0x0000000080b00000, 0x0000000080b00000|100%| O|  |TAMS 0x0000000080b00000| PB 0x0000000080a00000| Untracked 
|  11|0x0000000080b00000, 0x0000000080c00000, 0x0000000080c00000|100%| O|  |TAMS 0x0000000080c00000| PB 0x0000000080b00000| Untracked 
|  12|0x0000000080c00000, 0x0000000080d00000, 0x0000000080d00000|100%| O|  |TAMS 0x0000000080d00000| PB 0x0000000080c00000| Untracked 
|  13|0x0000000080d00000, 0x0000000080e00000, 0x0000000080e00000|100%| O|  |TAMS 0x0000000080e00000| PB 0x0000000080d00000| Untracked 
|  14|0x0000000080e00000, 0x0000000080f00000, 0x0000000080f00000|100%| O|  |TAMS 0x0000000080f00000| PB 0x0000000080e00000| Untracked 
|  15|0x0000000080f00000, 0x0000000081000000, 0x0000000081000000|100%| O|  |TAMS 0x0000000081000000| PB 0x0000000080f00000| Untracked 
|  16|0x0000000081000000, 0x0000000081100000, 0x0000000081100000|100%| O|  |TAMS 0x0000000081100000| PB 0x0000000081000000| Untracked 
|  17|0x0000000081100000, 0x0000000081200000, 0x0000000081200000|100%| O|  |TAMS 0x0000000081200000| PB 0x0000000081100000| Untracked 
|  18|0x0000000081200000, 0x0000000081300000, 0x0000000081300000|100%| O|  |TAMS 0x0000000081300000| PB 0x0000000081200000| Untracked 
|  19|0x0000000081300000, 0x0000000081400000, 0x0000000081400000|100%| O|  |TAMS 0x0000000081400000| PB 0x0000000081300000| Untracked 
|  20|0x0000000081400000, 0x0000000081500000, 0x0000000081500000|100%| O|  |TAMS 0x0000000081500000| PB 0x0000000081400000| Untracked 
|  21|0x0000000081500000, 0x0000000081600000, 0x0000000081600000|100%| O|  |TAMS 0x0000000081600000| PB 0x0000000081500000| Untracked 
|  22|0x0000000081600000, 0x0000000081700000, 0x0000000081700000|100%|HS|  |TAMS 0x0000000081700000| PB 0x0000000081600000| Complete 
|  23|0x0000000081700000, 0x0000000081800000, 0x0000000081800000|100%|HC|  |TAMS 0x0000000081800000| PB 0x0000000081700000| Complete 
|  24|0x0000000081800000, 0x0000000081900000, 0x0000000081900000|100%|HC|  |TAMS 0x0000000081900000| PB 0x0000000081800000| Complete 
|  25|0x0000000081900000, 0x0000000081a00000, 0x0000000081a00000|100%|HC|  |TAMS 0x0000000081a00000| PB 0x0000000081900000| Complete 
|  26|0x0000000081a00000, 0x0000000081b00000, 0x0000000081b00000|100%|HC|  |TAMS 0x0000000081b00000| PB 0x0000000081a00000| Complete 
|  27|0x0000000081b00000, 0x0000000081c00000, 0x0000000081c00000|100%|HC|  |TAMS 0x0000000081c00000| PB 0x0000000081b00000| Complete 
|  28|0x0000000081c00000, 0x0000000081d00000, 0x0000000081d00000|100%|HS|  |TAMS 0x0000000081d00000| PB 0x0000000081c00000| Complete 
|  29|0x0000000081d00000, 0x0000000081e00000, 0x0000000081e00000|100%|HS|  |TAMS 0x0000000081e00000| PB 0x0000000081d00000| Complete 
|  30|0x0000000081e00000, 0x0000000081f00000, 0x0000000081f00000|100%|HC|  |TAMS 0x0000000081f00000| PB 0x0000000081e00000| Complete 
|  31|0x0000000081f00000, 0x0000000082000000, 0x0000000082000000|100%|HC|  |TAMS 0x0000000082000000| PB 0x0000000081f00000| Complete 
|  32|0x0000000082000000, 0x0000000082100000, 0x0000000082100000|100%|HC|  |TAMS 0x0000000082100000| PB 0x0000000082000000| Complete 
|  33|0x0000000082100000, 0x0000000082200000, 0x0000000082200000|100%|HS|  |TAMS 0x0000000082200000| PB 0x0000000082100000| Complete 
|  34|0x0000000082200000, 0x0000000082300000, 0x0000000082300000|100%|HC|  |TAMS 0x0000000082300000| PB 0x0000000082200000| Complete 
|  35|0x0000000082300000, 0x0000000082400000, 0x0000000082400000|100%|HS|  |TAMS 0x0000000082400000| PB 0x0000000082300000| Complete 
|  36|0x0000000082400000, 0x0000000082500000, 0x0000000082500000|100%|HS|  |TAMS 0x0000000082500000| PB 0x0000000082400000| Complete 
|  37|0x0000000082500000, 0x0000000082600000, 0x0000000082600000|100%|HC|  |TAMS 0x0000000082600000| PB 0x0000000082500000| Complete 
|  38|0x0000000082600000, 0x0000000082700000, 0x0000000082700000|100%|HC|  |TAMS 0x0000000082700000| PB 0x0000000082600000| Complete 
|  39|0x0000000082700000, 0x0000000082800000, 0x0000000082800000|100%|HC|  |TAMS 0x0000000082800000| PB 0x0000000082700000| Complete 
|  40|0x0000000082800000, 0x0000000082900000, 0x0000000082900000|100%|HC|  |TAMS 0x0000000082900000| PB 0x0000000082800000| Complete 
|  41|0x0000000082900000, 0x0000000082a00000, 0x0000000082a00000|100%|HC|  |TAMS 0x0000000082a00000| PB 0x0000000082900000| Complete 
|  42|0x0000000082a00000, 0x0000000082b00000, 0x0000000082b00000|100%|HS|  |TAMS 0x0000000082b00000| PB 0x0000000082a00000| Complete 
|  43|0x0000000082b00000, 0x0000000082c00000, 0x0000000082c00000|100%|HS|  |TAMS 0x0000000082c00000| PB 0x0000000082b00000| Complete 
|  44|0x0000000082c00000, 0x0000000082d00000, 0x0000000082d00000|100%|HC|  |TAMS 0x0000000082d00000| PB 0x0000000082c00000| Complete 
|  45|0x0000000082d00000, 0x0000000082e00000, 0x0000000082e00000|100%| O|  |TAMS 0x0000000082e00000| PB 0x0000000082d00000| Untracked 
|  46|0x0000000082e00000, 0x0000000082f00000, 0x0000000082f00000|100%| O|  |TAMS 0x0000000082f00000| PB 0x0000000082e00000| Untracked 
|  47|0x0000000082f00000, 0x0000000083000000, 0x0000000083000000|100%| O|  |TAMS 0x0000000083000000| PB 0x0000000082f00000| Untracked 
|  48|0x0000000083000000, 0x0000000083100000, 0x0000000083100000|100%| O|  |TAMS 0x0000000083100000| PB 0x0000000083000000| Untracked 
|  49|0x0000000083100000, 0x0000000083200000, 0x0000000083200000|100%| O|  |TAMS 0x0000000083200000| PB 0x0000000083100000| Untracked 
|  50|0x0000000083200000, 0x0000000083300000, 0x0000000083300000|100%|HS|  |TAMS 0x0000000083300000| PB 0x0000000083200000| Complete 
|  51|0x0000000083300000, 0x0000000083400000, 0x0000000083400000|100%|HC|  |TAMS 0x0000000083400000| PB 0x0000000083300000| Complete 
|  52|0x0000000083400000, 0x0000000083500000, 0x0000000083500000|100%|HC|  |TAMS 0x0000000083500000| PB 0x0000000083400000| Complete 
|  53|0x0000000083500000, 0x0000000083600000, 0x0000000083600000|100%|HC|  |TAMS 0x0000000083600000| PB 0x0000000083500000| Complete 
|  54|0x0000000083600000, 0x0000000083700000, 0x0000000083700000|100%|HS|  |TAMS 0x0000000083700000| PB 0x0000000083600000| Complete 
|  55|0x0000000083700000, 0x0000000083800000, 0x0000000083800000|100%| O|  |TAMS 0x0000000083800000| PB 0x0000000083700000| Untracked 
|  56|0x0000000083800000, 0x0000000083900000, 0x0000000083900000|100%| O|  |TAMS 0x0000000083900000| PB 0x0000000083800000| Untracked 
|  57|0x0000000083900000, 0x0000000083a00000, 0x0000000083a00000|100%| O|  |TAMS 0x0000000083a00000| PB 0x0000000083900000| Untracked 
|  58|0x0000000083a00000, 0x0000000083b00000, 0x0000000083b00000|100%| O|  |TAMS 0x0000000083b00000| PB 0x0000000083a00000| Untracked 
|  59|0x0000000083b00000, 0x0000000083c00000, 0x0000000083c00000|100%| O|  |TAMS 0x0000000083b00000| PB 0x0000000083b00000| Untracked 
|  60|0x0000000083c00000, 0x0000000083d00000, 0x0000000083d00000|100%|HS|  |TAMS 0x0000000083d00000| PB 0x0000000083c00000| Complete 
|  61|0x0000000083d00000, 0x0000000083e00000, 0x0000000083e00000|100%|HC|  |TAMS 0x0000000083e00000| PB 0x0000000083d00000| Complete 
|  62|0x0000000083e00000, 0x0000000083f00000, 0x0000000083f00000|100%| O|  |TAMS 0x0000000083f00000| PB 0x0000000083e00000| Untracked 
|  63|0x0000000083f00000, 0x0000000084000000, 0x0000000084000000|100%| O|  |TAMS 0x0000000084000000| PB 0x0000000083f00000| Untracked 
|  64|0x0000000084000000, 0x0000000084100000, 0x0000000084100000|100%| O|  |TAMS 0x0000000084100000| PB 0x0000000084000000| Untracked 
|  65|0x0000000084100000, 0x0000000084200000, 0x0000000084200000|100%| O|  |TAMS 0x0000000084200000| PB 0x0000000084100000| Untracked 
|  66|0x0000000084200000, 0x0000000084300000, 0x0000000084300000|100%| O|  |TAMS 0x0000000084300000| PB 0x0000000084200000| Untracked 
|  67|0x0000000084300000, 0x0000000084400000, 0x0000000084400000|100%| O|  |TAMS 0x0000000084400000| PB 0x0000000084300000| Untracked 
|  68|0x0000000084400000, 0x0000000084500000, 0x0000000084500000|100%| O|  |TAMS 0x0000000084500000| PB 0x0000000084400000| Untracked 
|  69|0x0000000084500000, 0x0000000084600000, 0x0000000084600000|100%| O|  |TAMS 0x0000000084600000| PB 0x0000000084500000| Untracked 
|  70|0x0000000084600000, 0x0000000084700000, 0x0000000084700000|100%|HS|  |TAMS 0x0000000084700000| PB 0x0000000084600000| Complete 
|  71|0x0000000084700000, 0x0000000084800000, 0x0000000084800000|100%|HC|  |TAMS 0x0000000084800000| PB 0x0000000084700000| Complete 
|  72|0x0000000084800000, 0x0000000084900000, 0x0000000084900000|100%|HC|  |TAMS 0x0000000084900000| PB 0x0000000084800000| Complete 
|  73|0x0000000084900000, 0x0000000084a00000, 0x0000000084a00000|100%|HC|  |TAMS 0x0000000084a00000| PB 0x0000000084900000| Complete 
|  74|0x0000000084a00000, 0x0000000084b00000, 0x0000000084b00000|100%|HC|  |TAMS 0x0000000084b00000| PB 0x0000000084a00000| Complete 
|  75|0x0000000084b00000, 0x0000000084c00000, 0x0000000084c00000|100%|HC|  |TAMS 0x0000000084c00000| PB 0x0000000084b00000| Complete 
|  76|0x0000000084c00000, 0x0000000084d00000, 0x0000000084d00000|100%|HS|  |TAMS 0x0000000084d00000| PB 0x0000000084c00000| Complete 
|  77|0x0000000084d00000, 0x0000000084e00000, 0x0000000084e00000|100%| O|  |TAMS 0x0000000084e00000| PB 0x0000000084d00000| Untracked 
|  78|0x0000000084e00000, 0x0000000084f00000, 0x0000000084f00000|100%| O|  |TAMS 0x0000000084f00000| PB 0x0000000084e00000| Untracked 
|  79|0x0000000084f00000, 0x0000000085000000, 0x0000000085000000|100%| O|  |TAMS 0x0000000085000000| PB 0x0000000084f00000| Untracked 
|  80|0x0000000085000000, 0x0000000085000000, 0x0000000085100000|  0%| F|  |TAMS 0x0000000085000000| PB 0x0000000085000000| Untracked 
|  81|0x0000000085100000, 0x0000000085100000, 0x0000000085200000|  0%| F|  |TAMS 0x0000000085100000| PB 0x0000000085100000| Untracked 
|  82|0x0000000085200000, 0x0000000085300000, 0x0000000085300000|100%| O|  |TAMS 0x0000000085200000| PB 0x0000000085200000| Untracked 
|  83|0x0000000085300000, 0x0000000085400000, 0x0000000085400000|100%| O|  |TAMS 0x0000000085300000| PB 0x0000000085300000| Untracked 
|  84|0x0000000085400000, 0x0000000085500000, 0x0000000085500000|100%| O|  |TAMS 0x0000000085400000| PB 0x0000000085400000| Untracked 
|  85|0x0000000085500000, 0x0000000085500000, 0x0000000085600000|  0%| F|  |TAMS 0x0000000085500000| PB 0x0000000085500000| Untracked 
|  86|0x0000000085600000, 0x0000000085600000, 0x0000000085700000|  0%| F|  |TAMS 0x0000000085600000| PB 0x0000000085600000| Untracked 
|  87|0x0000000085700000, 0x0000000085800000, 0x0000000085800000|100%| O|  |TAMS 0x0000000085700000| PB 0x0000000085700000| Untracked 
|  88|0x0000000085800000, 0x0000000085900000, 0x0000000085900000|100%| O|  |TAMS 0x0000000085800000| PB 0x0000000085800000| Untracked 
|  89|0x0000000085900000, 0x00000000859ae180, 0x0000000085a00000| 68%| O|  |TAMS 0x0000000085900000| PB 0x0000000085900000| Untracked 
|  90|0x0000000085a00000, 0x0000000085a00000, 0x0000000085b00000|  0%| F|  |TAMS 0x0000000085a00000| PB 0x0000000085a00000| Untracked 
|  91|0x0000000085b00000, 0x0000000085b00000, 0x0000000085c00000|  0%| F|  |TAMS 0x0000000085b00000| PB 0x0000000085b00000| Untracked 
|  92|0x0000000085c00000, 0x0000000085c00000, 0x0000000085d00000|  0%| F|  |TAMS 0x0000000085c00000| PB 0x0000000085c00000| Untracked 
|  93|0x0000000085d00000, 0x0000000085d00000, 0x0000000085e00000|  0%| F|  |TAMS 0x0000000085d00000| PB 0x0000000085d00000| Untracked 
|  94|0x0000000085e00000, 0x0000000085e00000, 0x0000000085f00000|  0%| F|  |TAMS 0x0000000085e00000| PB 0x0000000085e00000| Untracked 
|  95|0x0000000085f00000, 0x0000000085f00000, 0x0000000086000000|  0%| F|  |TAMS 0x0000000085f00000| PB 0x0000000085f00000| Untracked 
|  96|0x0000000086000000, 0x0000000086000000, 0x0000000086100000|  0%| F|  |TAMS 0x0000000086000000| PB 0x0000000086000000| Untracked 
|  97|0x0000000086100000, 0x0000000086200000, 0x0000000086200000|100%| S|CS|TAMS 0x0000000086100000| PB 0x0000000086100000| Complete 
|  98|0x0000000086200000, 0x0000000086200000, 0x0000000086300000|  0%| F|  |TAMS 0x0000000086200000| PB 0x0000000086200000| Untracked 
|  99|0x0000000086300000, 0x0000000086300000, 0x0000000086400000|  0%| F|  |TAMS 0x0000000086300000| PB 0x0000000086300000| Untracked 
| 100|0x0000000086400000, 0x0000000086400000, 0x0000000086500000|  0%| F|  |TAMS 0x0000000086400000| PB 0x0000000086400000| Untracked 
| 101|0x0000000086500000, 0x0000000086500000, 0x0000000086600000|  0%| F|  |TAMS 0x0000000086500000| PB 0x0000000086500000| Untracked 
| 102|0x0000000086600000, 0x0000000086600000, 0x0000000086700000|  0%| F|  |TAMS 0x0000000086600000| PB 0x0000000086600000| Untracked 
| 103|0x0000000086700000, 0x0000000086700000, 0x0000000086800000|  0%| F|  |TAMS 0x0000000086700000| PB 0x0000000086700000| Untracked 
| 104|0x0000000086800000, 0x0000000086800000, 0x0000000086900000|  0%| F|  |TAMS 0x0000000086800000| PB 0x0000000086800000| Untracked 
| 105|0x0000000086900000, 0x0000000086900000, 0x0000000086a00000|  0%| F|  |TAMS 0x0000000086900000| PB 0x0000000086900000| Untracked 
| 106|0x0000000086a00000, 0x0000000086a00000, 0x0000000086b00000|  0%| F|  |TAMS 0x0000000086a00000| PB 0x0000000086a00000| Untracked 
| 107|0x0000000086b00000, 0x0000000086b00000, 0x0000000086c00000|  0%| F|  |TAMS 0x0000000086b00000| PB 0x0000000086b00000| Untracked 
| 108|0x0000000086c00000, 0x0000000086c00000, 0x0000000086d00000|  0%| F|  |TAMS 0x0000000086c00000| PB 0x0000000086c00000| Untracked 
| 109|0x0000000086d00000, 0x0000000086d00000, 0x0000000086e00000|  0%| F|  |TAMS 0x0000000086d00000| PB 0x0000000086d00000| Untracked 
| 110|0x0000000086e00000, 0x0000000086e00000, 0x0000000086f00000|  0%| F|  |TAMS 0x0000000086e00000| PB 0x0000000086e00000| Untracked 
| 111|0x0000000086f00000, 0x0000000086f00000, 0x0000000087000000|  0%| F|  |TAMS 0x0000000086f00000| PB 0x0000000086f00000| Untracked 
| 112|0x0000000087000000, 0x0000000087000000, 0x0000000087100000|  0%| F|  |TAMS 0x0000000087000000| PB 0x0000000087000000| Untracked 
| 113|0x0000000087100000, 0x0000000087100000, 0x0000000087200000|  0%| F|  |TAMS 0x0000000087100000| PB 0x0000000087100000| Untracked 
| 114|0x0000000087200000, 0x0000000087200000, 0x0000000087300000|  0%| F|  |TAMS 0x0000000087200000| PB 0x0000000087200000| Untracked 
| 115|0x0000000087300000, 0x0000000087300000, 0x0000000087400000|  0%| F|  |TAMS 0x0000000087300000| PB 0x0000000087300000| Untracked 
| 116|0x0000000087400000, 0x0000000087400000, 0x0000000087500000|  0%| F|  |TAMS 0x0000000087400000| PB 0x0000000087400000| Untracked 
| 117|0x0000000087500000, 0x0000000087500000, 0x0000000087600000|  0%| F|  |TAMS 0x0000000087500000| PB 0x0000000087500000| Untracked 
| 118|0x0000000087600000, 0x0000000087600000, 0x0000000087700000|  0%| F|  |TAMS 0x0000000087600000| PB 0x0000000087600000| Untracked 
| 119|0x0000000087700000, 0x0000000087700000, 0x0000000087800000|  0%| F|  |TAMS 0x0000000087700000| PB 0x0000000087700000| Untracked 
| 120|0x0000000087800000, 0x0000000087800000, 0x0000000087900000|  0%| F|  |TAMS 0x0000000087800000| PB 0x0000000087800000| Untracked 
| 121|0x0000000087900000, 0x0000000087900000, 0x0000000087a00000|  0%| F|  |TAMS 0x0000000087900000| PB 0x0000000087900000| Untracked 
| 122|0x0000000087a00000, 0x0000000087a00000, 0x0000000087b00000|  0%| F|  |TAMS 0x0000000087a00000| PB 0x0000000087a00000| Untracked 
| 123|0x0000000087b00000, 0x0000000087b00000, 0x0000000087c00000|  0%| F|  |TAMS 0x0000000087b00000| PB 0x0000000087b00000| Untracked 
| 124|0x0000000087c00000, 0x0000000087c00000, 0x0000000087d00000|  0%| F|  |TAMS 0x0000000087c00000| PB 0x0000000087c00000| Untracked 
| 125|0x0000000087d00000, 0x0000000087d00000, 0x0000000087e00000|  0%| F|  |TAMS 0x0000000087d00000| PB 0x0000000087d00000| Untracked 
| 126|0x0000000087e00000, 0x0000000087e00000, 0x0000000087f00000|  0%| F|  |TAMS 0x0000000087e00000| PB 0x0000000087e00000| Untracked 
| 127|0x0000000087f00000, 0x0000000087f00000, 0x0000000088000000|  0%| F|  |TAMS 0x0000000087f00000| PB 0x0000000087f00000| Untracked 
| 128|0x0000000088000000, 0x0000000088000000, 0x0000000088100000|  0%| F|  |TAMS 0x0000000088000000| PB 0x0000000088000000| Untracked 
| 129|0x0000000088100000, 0x0000000088100000, 0x0000000088200000|  0%| F|  |TAMS 0x0000000088100000| PB 0x0000000088100000| Untracked 
| 130|0x0000000088200000, 0x0000000088200000, 0x0000000088300000|  0%| F|  |TAMS 0x0000000088200000| PB 0x0000000088200000| Untracked 
| 131|0x0000000088300000, 0x0000000088300000, 0x0000000088400000|  0%| F|  |TAMS 0x0000000088300000| PB 0x0000000088300000| Untracked 
| 132|0x0000000088400000, 0x0000000088400000, 0x0000000088500000|  0%| F|  |TAMS 0x0000000088400000| PB 0x0000000088400000| Untracked 
| 133|0x0000000088500000, 0x0000000088500000, 0x0000000088600000|  0%| F|  |TAMS 0x0000000088500000| PB 0x0000000088500000| Untracked 
| 134|0x0000000088600000, 0x0000000088600000, 0x0000000088700000|  0%| F|  |TAMS 0x0000000088600000| PB 0x0000000088600000| Untracked 
| 135|0x0000000088700000, 0x0000000088700000, 0x0000000088800000|  0%| F|  |TAMS 0x0000000088700000| PB 0x0000000088700000| Untracked 
|2041|0x00000000ff900000, 0x00000000ffa00000, 0x00000000ffa00000|100%| O|  |TAMS 0x00000000ff961870| PB 0x00000000ff900000| Untracked 
|2042|0x00000000ffa00000, 0x00000000ffb00000, 0x00000000ffb00000|100%| O|  |TAMS 0x00000000ffb00000| PB 0x00000000ffa00000| Untracked 
|2043|0x00000000ffb00000, 0x00000000ffb00000, 0x00000000ffc00000|  0%| F|  |TAMS 0x00000000ffb00000| PB 0x00000000ffb00000| Untracked 
|2044|0x00000000ffc00000, 0x00000000ffd00000, 0x00000000ffd00000|100%| O|  |TAMS 0x00000000ffd00000| PB 0x00000000ffc00000| Untracked 
|2045|0x00000000ffd00000, 0x00000000ffe00000, 0x00000000ffe00000|100%| O|  |TAMS 0x00000000ffe00000| PB 0x00000000ffd00000| Untracked 
|2046|0x00000000ffe00000, 0x00000000fff00000, 0x00000000fff00000|100%| O|  |TAMS 0x00000000fff00000| PB 0x00000000ffe00000| Untracked 
|2047|0x00000000fff00000, 0x0000000100000000, 0x0000000100000000|100%| O|  |TAMS 0x0000000100000000| PB 0x00000000fff00000| Untracked 

Card table byte_map: [0x00000215931e0000,0x00000215935e0000] _byte_map_base: 0x0000021592de0000

Marking Bits: (CMBitMap*) 0x00000215fe40e620
 Bits: [0x00000215935e0000, 0x00000215955e0000)

Polling page: 0x0000021580110000

Metaspace:

Usage:
  Non-class:     53.69 MB used.
      Class:      8.46 MB used.
       Both:     62.15 MB used.

Virtual space:
  Non-class space:       64.00 MB reserved,      54.50 MB ( 85%) committed,  1 nodes.
      Class space:        1.00 GB reserved,       9.19 MB ( <1%) committed,  1 nodes.
             Both:        1.06 GB reserved,      63.69 MB (  6%) committed. 

Chunk freelists:
   Non-Class:  9.41 MB
       Class:  6.82 MB
        Both:  16.23 MB

MaxMetaspaceSize: unlimited
CompressedClassSpaceSize: 1.00 GB
Initial GC threshold: 21.00 MB
Current GC threshold: 100.44 MB
CDS: off
 - commit_granule_bytes: 65536.
 - commit_granule_words: 8192.
 - virtual_space_node_default_size: 8388608.
 - enlarge_chunks_in_place: 1.
 - use_allocation_guard: 0.


Internal statistics:

num_allocs_failed_limit: 6.
num_arena_births: 2868.
num_arena_deaths: 0.
num_vsnodes_births: 2.
num_vsnodes_deaths: 0.
num_space_committed: 1019.
num_space_uncommitted: 0.
num_chunks_returned_to_freelist: 6.
num_chunks_taken_from_freelist: 5421.
num_chunk_merges: 6.
num_chunk_splits: 3486.
num_chunks_enlarged: 2138.
num_inconsistent_stats: 0.

CodeHeap 'non-profiled nmethods': size=120000Kb used=3674Kb max_used=3674Kb free=116325Kb
 bounds [0x000002158b570000, 0x000002158b910000, 0x0000021592aa0000]
CodeHeap 'profiled nmethods': size=120000Kb used=11395Kb max_used=11395Kb free=108604Kb
 bounds [0x0000021583aa0000, 0x00000215845d0000, 0x000002158afd0000]
CodeHeap 'non-nmethods': size=5760Kb used=2721Kb max_used=2791Kb free=3038Kb
 bounds [0x000002158afd0000, 0x000002158b2a0000, 0x000002158b570000]
 total_blobs=6841 nmethods=5970 adapters=775
 compilation: enabled
              stopped_count=0, restarted_count=0
 full_count=0

Compilation events (20 events):
Event: 9.721 Thread 0x0000021598212260 6843       3       groovyjarjarantlr4.v4.runtime.Parser::getErrorListenerDispatch (12 bytes)
Event: 9.721 Thread 0x0000021598212260 nmethod 6843 0x00000215845ba590 code [0x00000215845ba760, 0x00000215845babc0]
Event: 9.728 Thread 0x0000021598212260 6845       3       java.util.TimSort::minRunLength (43 bytes)
Event: 9.729 Thread 0x0000021598212260 nmethod 6845 0x00000215845bad90 code [0x00000215845baf40, 0x00000215845bb0e8]
Event: 9.729 Thread 0x0000021598212260 6847       3       java.util.TimSort::mergeForceCollapse (50 bytes)
Event: 9.729 Thread 0x0000021598212260 nmethod 6847 0x00000215845bb190 code [0x00000215845bb360, 0x00000215845bb608]
Event: 9.729 Thread 0x0000021598212260 6846       3       java.util.TimSort::<init> (181 bytes)
Event: 9.729 Thread 0x0000021598212260 nmethod 6846 0x00000215845bb790 code [0x00000215845bb9c0, 0x00000215845bc320]
Event: 9.731 Thread 0x0000021598212260 6848       3       groovyjarjarantlr4.v4.runtime.dfa.DFAState::isContextSymbol (37 bytes)
Event: 9.731 Thread 0x0000021598212260 nmethod 6848 0x00000215845bc590 code [0x00000215845bc760, 0x00000215845bca18]
Event: 9.733 Thread 0x0000021598212260 6849   !   3       org.apache.groovy.parser.antlr4.GroovyParser::sep (263 bytes)
Event: 9.734 Thread 0x0000021598212260 nmethod 6849 0x00000215845bcb90 code [0x00000215845bcf00, 0x00000215845be820]
Event: 9.734 Thread 0x0000021598212260 6850       3       org.apache.groovy.parser.antlr4.GroovyParser$SepContext::<init> (7 bytes)
Event: 9.734 Thread 0x0000021598212260 nmethod 6850 0x00000215845bf410 code [0x00000215845bf5e0, 0x00000215845bf900]
Event: 9.739 Thread 0x0000021598212260 6851       3       groovyjarjarantlr4.v4.runtime.Lexer::getText (27 bytes)
Event: 9.739 Thread 0x0000021598212260 nmethod 6851 0x00000215845bfa90 code [0x00000215845bfc80, 0x00000215845c01c8]
Event: 9.739 Thread 0x0000021598212260 6854       3       groovyjarjarantlr4.v4.runtime.atn.NotSetTransition::matches (26 bytes)
Event: 9.739 Thread 0x0000021598212260 nmethod 6854 0x00000215845c0390 code [0x00000215845c0540, 0x00000215845c0798]
Event: 9.739 Thread 0x0000021598212260 6852       3       groovyjarjarantlr4.v4.runtime.atn.LexerATNSimulator::getText (22 bytes)
Event: 9.739 Thread 0x0000021598212260 nmethod 6852 0x00000215845c0890 code [0x00000215845c0a60, 0x00000215845c0ce0]

GC Heap History (20 events):
Event: 5.574 GC heap after
{Heap after GC invocations=11 (full 0):
 garbage-first heap   total 98304K, used 61728K [0x0000000080000000, 0x0000000100000000)
  region size 1024K, 1 young (1024K), 1 survivors (1024K)
 Metaspace       used 39369K, committed 40320K, reserved 1114112K
  class space    used 5369K, committed 5824K, reserved 1048576K
}
Event: 6.054 GC heap before
{Heap before GC invocations=11 (full 0):
 garbage-first heap   total 98304K, used 85280K [0x0000000080000000, 0x0000000100000000)
  region size 1024K, 25 young (25600K), 1 survivors (1024K)
 Metaspace       used 44877K, committed 45888K, reserved 1114112K
  class space    used 6004K, committed 6528K, reserved 1048576K
}
Event: 6.059 GC heap after
{Heap after GC invocations=12 (full 0):
 garbage-first heap   total 98304K, used 64701K [0x0000000080000000, 0x0000000100000000)
  region size 1024K, 4 young (4096K), 4 survivors (4096K)
 Metaspace       used 44877K, committed 45888K, reserved 1114112K
  class space    used 6004K, committed 6528K, reserved 1048576K
}
Event: 6.277 GC heap before
{Heap before GC invocations=13 (full 0):
 garbage-first heap   total 109568K, used 86205K [0x0000000080000000, 0x0000000100000000)
  region size 1024K, 26 young (26624K), 4 survivors (4096K)
 Metaspace       used 45764K, committed 46720K, reserved 1114112K
  class space    used 6071K, committed 6528K, reserved 1048576K
}
Event: 6.283 GC heap after
{Heap after GC invocations=14 (full 0):
 garbage-first heap   total 109568K, used 67282K [0x0000000080000000, 0x0000000100000000)
  region size 1024K, 3 young (3072K), 3 survivors (3072K)
 Metaspace       used 45764K, committed 46720K, reserved 1114112K
  class space    used 6071K, committed 6528K, reserved 1048576K
}
Event: 6.774 GC heap before
{Heap before GC invocations=14 (full 0):
 garbage-first heap   total 109568K, used 101074K [0x0000000080000000, 0x0000000100000000)
  region size 1024K, 32 young (32768K), 3 survivors (3072K)
 Metaspace       used 49314K, committed 50496K, reserved 1114112K
  class space    used 6481K, committed 7104K, reserved 1048576K
}
Event: 6.778 GC heap after
{Heap after GC invocations=15 (full 0):
 garbage-first heap   total 109568K, used 68567K [0x0000000080000000, 0x0000000100000000)
  region size 1024K, 4 young (4096K), 4 survivors (4096K)
 Metaspace       used 49314K, committed 50496K, reserved 1114112K
  class space    used 6481K, committed 7104K, reserved 1048576K
}
Event: 7.146 GC heap before
{Heap before GC invocations=15 (full 0):
 garbage-first heap   total 109568K, used 97239K [0x0000000080000000, 0x0000000100000000)
  region size 1024K, 32 young (32768K), 4 survivors (4096K)
 Metaspace       used 52688K, committed 54208K, reserved 1114112K
  class space    used 7042K, committed 7808K, reserved 1048576K
}
Event: 7.151 GC heap after
{Heap after GC invocations=16 (full 0):
 garbage-first heap   total 109568K, used 70117K [0x0000000080000000, 0x0000000100000000)
  region size 1024K, 2 young (2048K), 2 survivors (2048K)
 Metaspace       used 52688K, committed 54208K, reserved 1114112K
  class space    used 7042K, committed 7808K, reserved 1048576K
}
Event: 7.594 GC heap before
{Heap before GC invocations=17 (full 0):
 garbage-first heap   total 117760K, used 99813K [0x0000000080000000, 0x0000000100000000)
  region size 1024K, 31 young (31744K), 2 survivors (2048K)
 Metaspace       used 56193K, committed 57728K, reserved 1114112K
  class space    used 7638K, committed 8384K, reserved 1048576K
}
Event: 7.599 GC heap after
{Heap after GC invocations=18 (full 0):
 garbage-first heap   total 141312K, used 71471K [0x0000000080000000, 0x0000000100000000)
  region size 1024K, 3 young (3072K), 3 survivors (3072K)
 Metaspace       used 56193K, committed 57728K, reserved 1114112K
  class space    used 7638K, committed 8384K, reserved 1048576K
}
Event: 8.370 GC heap before
{Heap before GC invocations=18 (full 0):
 garbage-first heap   total 141312K, used 126767K [0x0000000080000000, 0x0000000100000000)
  region size 1024K, 56 young (57344K), 3 survivors (3072K)
 Metaspace       used 60113K, committed 61632K, reserved 1114112K
  class space    used 8272K, committed 9024K, reserved 1048576K
}
Event: 8.379 GC heap after
{Heap after GC invocations=19 (full 0):
 garbage-first heap   total 141312K, used 77669K [0x0000000080000000, 0x0000000100000000)
  region size 1024K, 7 young (7168K), 7 survivors (7168K)
 Metaspace       used 60113K, committed 61632K, reserved 1114112K
  class space    used 8272K, committed 9024K, reserved 1048576K
}
Event: 8.607 GC heap before
{Heap before GC invocations=19 (full 0):
 garbage-first heap   total 141312K, used 125797K [0x0000000080000000, 0x0000000100000000)
  region size 1024K, 54 young (55296K), 7 survivors (7168K)
 Metaspace       used 60183K, committed 61696K, reserved 1114112K
  class space    used 8274K, committed 9024K, reserved 1048576K
}
Event: 8.616 GC heap after
{Heap after GC invocations=20 (full 0):
 garbage-first heap   total 141312K, used 79993K [0x0000000080000000, 0x0000000100000000)
  region size 1024K, 2 young (2048K), 2 survivors (2048K)
 Metaspace       used 60183K, committed 61696K, reserved 1114112K
  class space    used 8274K, committed 9024K, reserved 1048576K
}
Event: 8.849 GC heap before
{Heap before GC invocations=21 (full 0):
 garbage-first heap   total 141312K, used 128121K [0x0000000080000000, 0x0000000100000000)
  region size 1024K, 49 young (50176K), 2 survivors (2048K)
 Metaspace       used 60185K, committed 61696K, reserved 1114112K
  class space    used 8274K, committed 9024K, reserved 1048576K
}
Event: 8.855 GC heap after
{Heap after GC invocations=22 (full 0):
 garbage-first heap   total 141312K, used 81021K [0x0000000080000000, 0x0000000100000000)
  region size 1024K, 3 young (3072K), 3 survivors (3072K)
 Metaspace       used 60185K, committed 61696K, reserved 1114112K
  class space    used 8274K, committed 9024K, reserved 1048576K
}
Event: 9.636 GC heap before
{Heap before GC invocations=22 (full 0):
 garbage-first heap   total 141312K, used 135293K [0x0000000080000000, 0x0000000100000000)
  region size 1024K, 50 young (51200K), 3 survivors (3072K)
 Metaspace       used 63592K, committed 65152K, reserved 1114112K
  class space    used 8665K, committed 9408K, reserved 1048576K
}
Event: 9.647 GC heap after
{Heap after GC invocations=23 (full 0):
 garbage-first heap   total 146432K, used 93574K [0x0000000080000000, 0x0000000100000000)
  region size 1024K, 7 young (7168K), 7 survivors (7168K)
 Metaspace       used 63592K, committed 65152K, reserved 1114112K
  class space    used 8665K, committed 9408K, reserved 1048576K
}
Event: 9.740 GC heap before
{Heap before GC invocations=23 (full 0):
 garbage-first heap   total 146432K, used 130438K [0x0000000080000000, 0x0000000100000000)
  region size 1024K, 43 young (44032K), 7 survivors (7168K)
 Metaspace       used 63646K, committed 65216K, reserved 1114112K
  class space    used 8665K, committed 9408K, reserved 1048576K
}

Dll operation events (3 events):
Event: 0.014 Loaded shared library C:\Program Files\Android\Android Studio\jbr\bin\java.dll
Event: 0.021 Loaded shared library C:\Program Files\Android\Android Studio\jbr\bin\zip.dll
Event: 0.622 Loaded shared library C:\Program Files\Android\Android Studio\jbr\bin\verify.dll

Deoptimization events (20 events):
Event: 9.698 Thread 0x000002159e351150 DEOPT PACKING pc=0x00000215843ad6d6 sp=0x000000ed2dcf48d0
Event: 9.698 Thread 0x000002159e351150 DEOPT UNPACKING pc=0x000002158b024e42 sp=0x000000ed2dcf3e08 mode 0
Event: 9.701 Thread 0x000002159e351150 DEOPT PACKING pc=0x000002158439c763 sp=0x000000ed2dcf3c50
Event: 9.701 Thread 0x000002159e351150 DEOPT UNPACKING pc=0x000002158b024e42 sp=0x000000ed2dcf3198 mode 0
Event: 9.705 Thread 0x000002159e351150 DEOPT PACKING pc=0x00000215843ad6b5 sp=0x000000ed2dcf3fe0
Event: 9.705 Thread 0x000002159e351150 DEOPT UNPACKING pc=0x000002158b024e42 sp=0x000000ed2dcf3518 mode 0
Event: 9.709 Thread 0x000002159e351150 DEOPT PACKING pc=0x000002158439c763 sp=0x000000ed2dcf3360
Event: 9.709 Thread 0x000002159e351150 DEOPT UNPACKING pc=0x000002158b024e42 sp=0x000000ed2dcf28a8 mode 0
Event: 9.714 Thread 0x000002159e351150 DEOPT PACKING pc=0x00000215843ad6d6 sp=0x000000ed2dcf2d60
Event: 9.714 Thread 0x000002159e351150 DEOPT UNPACKING pc=0x000002158b024e42 sp=0x000000ed2dcf2298 mode 0
Event: 9.721 Thread 0x000002159e351150 DEOPT PACKING pc=0x000002158439c763 sp=0x000000ed2dcf5220
Event: 9.721 Thread 0x000002159e351150 DEOPT UNPACKING pc=0x000002158b024e42 sp=0x000000ed2dcf4768 mode 0
Event: 9.723 Thread 0x000002159e351150 DEOPT PACKING pc=0x00000215843ad6b5 sp=0x000000ed2dcf50a0
Event: 9.723 Thread 0x000002159e351150 DEOPT UNPACKING pc=0x000002158b024e42 sp=0x000000ed2dcf45d8 mode 0
Event: 9.730 Thread 0x000002159e351150 DEOPT PACKING pc=0x00000215843ad6d6 sp=0x000000ed2dcf4830
Event: 9.730 Thread 0x000002159e351150 DEOPT UNPACKING pc=0x000002158b024e42 sp=0x000000ed2dcf3d68 mode 0
Event: 9.735 Thread 0x000002159e351150 DEOPT PACKING pc=0x00000215843ad6b5 sp=0x000000ed2dcf5020
Event: 9.735 Thread 0x000002159e351150 DEOPT UNPACKING pc=0x000002158b024e42 sp=0x000000ed2dcf4558 mode 0
Event: 9.739 Thread 0x000002159e351150 DEOPT PACKING pc=0x00000215843871de sp=0x000000ed2dcf5760
Event: 9.739 Thread 0x000002159e351150 DEOPT UNPACKING pc=0x000002158b024e42 sp=0x000000ed2dcf4c60 mode 0

Classes loaded (20 events):
Event: 9.118 Loading class jdk/internal/vm/annotation/ForceInline
Event: 9.118 Loading class jdk/internal/vm/annotation/ForceInline done
Event: 9.159 Loading class java/security/PermissionsEnumerator
Event: 9.159 Loading class java/security/PermissionsEnumerator done
Event: 9.164 Loading class java/util/stream/ReduceOps$5
Event: 9.164 Loading class java/util/stream/ReduceOps$5 done
Event: 9.164 Loading class java/util/stream/ReduceOps$CountingSink$OfRef
Event: 9.164 Loading class java/util/stream/ReduceOps$CountingSink$OfRef done
Event: 9.177 Loading class jdk/internal/vm/annotation/Stable
Event: 9.177 Loading class jdk/internal/vm/annotation/Stable done
Event: 9.280 Loading class sun/nio/fs/WindowsException
Event: 9.280 Loading class sun/nio/fs/WindowsException done
Event: 9.304 Loading class sun/nio/ch/ChannelOutputStream
Event: 9.304 Loading class sun/nio/ch/ChannelOutputStream done
Event: 9.329 Loading class java/io/CharArrayWriter
Event: 9.329 Loading class java/io/CharArrayWriter done
Event: 9.367 Loading class java/nio/file/StandardCopyOption
Event: 9.367 Loading class java/nio/file/StandardCopyOption done
Event: 9.367 Loading class sun/nio/fs/WindowsFileCopy
Event: 9.368 Loading class sun/nio/fs/WindowsFileCopy done

Classes unloaded (0 events):
No events

Classes redefined (0 events):
No events

Internal exceptions (20 events):
Event: 7.892 Thread 0x000002159e351150 Exception <a 'java/lang/IncompatibleClassChangeError'{0x0000000087bd7108}: Found class java.lang.Object, but interface was expected> (0x0000000087bd7108) 
thrown [s\src\hotspot\share\interpreter\linkResolver.cpp, line 851]
Event: 7.907 Thread 0x000002159e351150 Exception <a 'java/lang/NoSuchMethodError'{0x000000008791aa78}: 'void java.lang.invoke.DirectMethodHandle$Holder.invokeVirtual(java.lang.Object, java.lang.Object)'> (0x000000008791aa78) 
thrown [s\src\hotspot\share\interpreter\linkResolver.cpp, line 784]
Event: 7.937 Thread 0x000002159e351150 Exception <a 'java/lang/NoSuchMethodError'{0x000000008770c4e8}: 'void java.lang.invoke.Invokers$Holder.invokeExact_MT(java.lang.Object, java.lang.Object, java.lang.Object, java.lang.Object)'> (0x000000008770c4e8) 
thrown [s\src\hotspot\share\interpreter\linkResolver.cpp, line 784]
Event: 8.952 Thread 0x000002159e351150 Exception <a 'java/lang/NoSuchMethodError'{0x0000000087bba270}: 'void java.lang.invoke.DirectMethodHandle$Holder.invokeSpecialIFC(java.lang.Object, java.lang.Object, java.lang.Object)'> (0x0000000087bba270) 
thrown [s\src\hotspot\share\interpreter\linkResolver.cpp, line 784]
Event: 9.224 Thread 0x000002159e351150 Exception <a 'java/lang/NoSuchMethodError'{0x0000000086d657d0}: 'void java.lang.invoke.DirectMethodHandle$Holder.invokeStaticInit(java.lang.Object, java.lang.Object, java.lang.Object, java.lang.Object, java.lang.Object, java.lang.Object, java.lang.Object, int)'> (0x0000000086d657d0) 
thrown [s\src\hotspot\share\interpreter\linkResolver.cpp, line 784]
Event: 9.277 Thread 0x000002159e351150 Exception <a 'java/lang/NoSuchMethodError'{0x0000000086ba3150}: 'void java.lang.invoke.DirectMethodHandle$Holder.invokeInterface(java.lang.Object, java.lang.Object, java.lang.Object, java.lang.Object)'> (0x0000000086ba3150) 
thrown [s\src\hotspot\share\interpreter\linkResolver.cpp, line 784]
Event: 9.280 Thread 0x000002159e351150 Exception <a 'sun/nio/fs/WindowsException'{0x0000000086bae930}> (0x0000000086bae930) 
thrown [s\src\hotspot\share\prims\jni.cpp, line 535]
Event: 9.282 Thread 0x000002159e351150 Exception <a 'sun/nio/fs/WindowsException'{0x0000000086bb05f8}> (0x0000000086bb05f8) 
thrown [s\src\hotspot\share\prims\jni.cpp, line 535]
Event: 9.303 Thread 0x000002159e351150 Exception <a 'sun/nio/fs/WindowsException'{0x0000000086907900}> (0x0000000086907900) 
thrown [s\src\hotspot\share\prims\jni.cpp, line 535]
Event: 9.307 Thread 0x000002159e351150 Exception <a 'sun/nio/fs/WindowsException'{0x000000008691ac80}> (0x000000008691ac80) 
thrown [s\src\hotspot\share\prims\jni.cpp, line 535]
Event: 9.309 Thread 0x000002159e351150 Exception <a 'sun/nio/fs/WindowsException'{0x0000000086925a48}> (0x0000000086925a48) 
thrown [s\src\hotspot\share\prims\jni.cpp, line 535]
Event: 9.377 Thread 0x00000215a23e0b50 Exception <a 'sun/nio/fs/WindowsException'{0x0000000086751b48}> (0x0000000086751b48) 
thrown [s\src\hotspot\share\prims\jni.cpp, line 535]
Event: 9.378 Thread 0x00000215a23e0b50 Exception <a 'sun/nio/fs/WindowsException'{0x0000000086752238}> (0x0000000086752238) 
thrown [s\src\hotspot\share\prims\jni.cpp, line 535]
Event: 9.381 Thread 0x00000215a23e0b50 Exception <a 'sun/nio/fs/WindowsException'{0x0000000086776ac0}> (0x0000000086776ac0) 
thrown [s\src\hotspot\share\prims\jni.cpp, line 535]
Event: 9.383 Thread 0x00000215a23e0b50 Exception <a 'sun/nio/fs/WindowsException'{0x00000000867865b0}> (0x00000000867865b0) 
thrown [s\src\hotspot\share\prims\jni.cpp, line 535]
Event: 9.385 Thread 0x00000215a23e0b50 Exception <a 'sun/nio/fs/WindowsException'{0x0000000086792318}> (0x0000000086792318) 
thrown [s\src\hotspot\share\prims\jni.cpp, line 535]
Event: 9.396 Thread 0x000002159e351150 Exception <a 'java/lang/ClassNotFoundException'{0x00000000867e1bd0}: ijInit2_dfp6dzo1uw4j32ye4gz0i92swBeanInfo> (0x00000000867e1bd0) 
thrown [s\src\hotspot\share\classfile\systemDictionary.cpp, line 312]
Event: 9.396 Thread 0x000002159e351150 Exception <a 'java/lang/ClassNotFoundException'{0x00000000867e8e10}: ijInit2_dfp6dzo1uw4j32ye4gz0i92swCustomizer> (0x00000000867e8e10) 
thrown [s\src\hotspot\share\classfile\systemDictionary.cpp, line 312]
Event: 9.406 Thread 0x000002159e351150 Exception <a 'java/lang/ClassNotFoundException'{0x0000000086636788}: ijInit2_dfp6dzo1uw4j32ye4gz0i92sw$_run_closure1BeanInfo> (0x0000000086636788) 
thrown [s\src\hotspot\share\classfile\systemDictionary.cpp, line 312]
Event: 9.406 Thread 0x000002159e351150 Exception <a 'java/lang/ClassNotFoundException'{0x000000008663e8b8}: ijInit2_dfp6dzo1uw4j32ye4gz0i92sw$_run_closure1Customizer> (0x000000008663e8b8) 
thrown [s\src\hotspot\share\classfile\systemDictionary.cpp, line 312]

ZGC Phase Switch (0 events):
No events

VM Operations (20 events):
Event: 8.616 Executing VM operation: G1CollectForAllocation (G1 Evacuation Pause) done
Event: 8.671 Executing VM operation: G1PauseRemark
Event: 8.675 Executing VM operation: G1PauseRemark done
Event: 8.703 Executing VM operation: G1PauseCleanup
Event: 8.703 Executing VM operation: G1PauseCleanup done
Event: 8.849 Executing VM operation: G1CollectForAllocation (G1 Evacuation Pause)
Event: 8.855 Executing VM operation: G1CollectForAllocation (G1 Evacuation Pause) done
Event: 9.059 Executing VM operation: HandshakeAllThreads (Deoptimize)
Event: 9.060 Executing VM operation: HandshakeAllThreads (Deoptimize) done
Event: 9.188 Executing VM operation: HandshakeAllThreads (Deoptimize)
Event: 9.188 Executing VM operation: HandshakeAllThreads (Deoptimize) done
Event: 9.281 Executing VM operation: HandshakeAllThreads (Deoptimize)
Event: 9.281 Executing VM operation: HandshakeAllThreads (Deoptimize) done
Event: 9.297 Executing VM operation: ICBufferFull
Event: 9.297 Executing VM operation: ICBufferFull done
Event: 9.565 Executing VM operation: ICBufferFull
Event: 9.566 Executing VM operation: ICBufferFull done
Event: 9.636 Executing VM operation: G1CollectForAllocation (G1 Evacuation Pause)
Event: 9.647 Executing VM operation: G1CollectForAllocation (G1 Evacuation Pause) done
Event: 9.740 Executing VM operation: G1CollectForAllocation (G1 Evacuation Pause)

Memory protections (0 events):
No events

Nmethod flushes (20 events):
Event: 8.674 Thread 0x000002159803d970 flushing  nmethod 0x0000021583bd9790
Event: 8.674 Thread 0x000002159803d970 flushing  nmethod 0x0000021583c1c210
Event: 8.674 Thread 0x000002159803d970 flushing  nmethod 0x0000021583c49110
Event: 8.674 Thread 0x000002159803d970 flushing  nmethod 0x0000021583cdeb90
Event: 8.674 Thread 0x000002159803d970 flushing  nmethod 0x0000021583ce0310
Event: 8.674 Thread 0x000002159803d970 flushing  nmethod 0x0000021583d07e90
Event: 8.674 Thread 0x000002159803d970 flushing  nmethod 0x0000021583d08910
Event: 8.674 Thread 0x000002159803d970 flushing  nmethod 0x0000021583e4b710
Event: 8.674 Thread 0x000002159803d970 flushing  nmethod 0x0000021583e4d710
Event: 8.674 Thread 0x000002159803d970 flushing  nmethod 0x0000021583f26c90
Event: 8.674 Thread 0x000002159803d970 flushing  nmethod 0x0000021583f2f110
Event: 8.674 Thread 0x000002159803d970 flushing  nmethod 0x0000021583f89410
Event: 8.674 Thread 0x000002159803d970 flushing  nmethod 0x0000021583f89810
Event: 8.674 Thread 0x000002159803d970 flushing  nmethod 0x0000021583f8a510
Event: 8.674 Thread 0x000002159803d970 flushing  nmethod 0x0000021583f8aa10
Event: 8.674 Thread 0x000002159803d970 flushing  nmethod 0x000002158404c290
Event: 8.674 Thread 0x000002159803d970 flushing  nmethod 0x00000215840b4890
Event: 8.674 Thread 0x000002159803d970 flushing  nmethod 0x0000021584101d10
Event: 8.674 Thread 0x000002159803d970 flushing  nmethod 0x000002158413bc10
Event: 8.674 Thread 0x000002159803d970 flushing  nmethod 0x0000021584171a10

Events (20 events):
Event: 7.610 Thread 0x000002159e351150 Thread added: 0x00000215a23e6dc0
Event: 7.611 Thread 0x000002159e351150 Thread added: 0x00000215a23e7450
Event: 7.657 Thread 0x000002159e351150 Thread added: 0x000002159e5d3b90
Event: 7.658 Thread 0x000002159e351150 Thread added: 0x000002159e5d4f40
Event: 8.186 Thread 0x0000021598212260 Thread added: 0x000002159e24cba0
Event: 9.160 Thread 0x000002159e24cba0 Thread exited: 0x000002159e24cba0
Event: 9.418 Thread 0x000002159e351150 Thread added: 0x000002159e5d5c60
Event: 9.419 Thread 0x000002159e351150 Thread added: 0x000002159e5d7010
Event: 9.419 Thread 0x000002159e351150 Thread added: 0x000002159e5d6980
Event: 9.420 Thread 0x000002159e351150 Thread added: 0x000002159e5d76a0
Event: 9.421 Thread 0x000002159e351150 Thread added: 0x000002159e5d4220
Event: 9.422 Thread 0x000002159e351150 Thread added: 0x000002159e5d7d30
Event: 9.422 Thread 0x000002159e351150 Thread added: 0x000002159e5d48b0
Event: 9.451 Thread 0x000002159e351150 Thread added: 0x000002159e5dab20
Event: 9.452 Thread 0x000002159e351150 Thread added: 0x000002159e5d90e0
Event: 9.452 Thread 0x000002159e351150 Thread added: 0x000002159e5d9770
Event: 9.453 Thread 0x000002159e351150 Thread added: 0x000002159e5da490
Event: 9.453 Thread 0x000002159e351150 Thread added: 0x000002159e5d9e00
Event: 9.454 Thread 0x000002159e351150 Thread added: 0x000002159e5d8a50
Event: 9.454 Thread 0x000002159e351150 Thread added: 0x000002159e5db1b0


Dynamic libraries:
0x00007ff7d4440000 - 0x00007ff7d444a000 	C:\Program Files\Android\Android Studio\jbr\bin\java.exe
0x00007ff9cc1c0000 - 0x00007ff9cc427000 	C:\WINDOWS\SYSTEM32\ntdll.dll
0x00007ff9cb6e0000 - 0x00007ff9cb7a9000 	C:\WINDOWS\System32\KERNEL32.DLL
0x00007ff9c94f0000 - 0x00007ff9c98df000 	C:\WINDOWS\System32\KERNELBASE.dll
0x00007ff9c9ca0000 - 0x00007ff9c9deb000 	C:\WINDOWS\System32\ucrtbase.dll
0x00007ff99e1c0000 - 0x00007ff99e1d8000 	C:\Program Files\Android\Android Studio\jbr\bin\jli.dll
0x00007ff9c0b90000 - 0x00007ff9c0bab000 	C:\Program Files\Android\Android Studio\jbr\bin\VCRUNTIME140.dll
0x00007ff9cbb70000 - 0x00007ff9cbd35000 	C:\WINDOWS\System32\USER32.dll
0x00007ff9c9bc0000 - 0x00007ff9c9be7000 	C:\WINDOWS\System32\win32u.dll
0x00007ff9cb7b0000 - 0x00007ff9cb7db000 	C:\WINDOWS\System32\GDI32.dll
0x00007ff9c93c0000 - 0x00007ff9c94ec000 	C:\WINDOWS\System32\gdi32full.dll
0x00007ff9c9310000 - 0x00007ff9c93b3000 	C:\WINDOWS\System32\msvcp_win.dll
0x00007ff9b24e0000 - 0x00007ff9b2773000 	C:\WINDOWS\WinSxS\amd64_microsoft.windows.common-controls_6595b64144ccf1df_6.0.26100.7309_none_3e05feeae336a044\COMCTL32.dll
0x00007ff9caed0000 - 0x00007ff9caf79000 	C:\WINDOWS\System32\msvcrt.dll
0x00007ff9cab50000 - 0x00007ff9cab81000 	C:\WINDOWS\System32\IMM32.DLL
0x00007ff9c0cb0000 - 0x00007ff9c0cbc000 	C:\Program Files\Android\Android Studio\jbr\bin\vcruntime140_1.dll
0x00007ff92d370000 - 0x00007ff92d3fd000 	C:\Program Files\Android\Android Studio\jbr\bin\msvcp140.dll
0x00007ff904510000 - 0x00007ff90519b000 	C:\Program Files\Android\Android Studio\jbr\bin\server\jvm.dll
0x00007ff9ca2a0000 - 0x00007ff9ca354000 	C:\WINDOWS\System32\ADVAPI32.dll
0x00007ff9cb1a0000 - 0x00007ff9cb246000 	C:\WINDOWS\System32\sechost.dll
0x00007ff9cacd0000 - 0x00007ff9cade8000 	C:\WINDOWS\System32\RPCRT4.dll
0x00007ff9caf80000 - 0x00007ff9caff4000 	C:\WINDOWS\System32\WS2_32.dll
0x00007ff9c9170000 - 0x00007ff9c91ce000 	C:\WINDOWS\SYSTEM32\POWRPROF.dll
0x00007ff9aacc0000 - 0x00007ff9aacf5000 	C:\WINDOWS\SYSTEM32\WINMM.dll
0x00007ff9b8520000 - 0x00007ff9b852b000 	C:\WINDOWS\SYSTEM32\VERSION.dll
0x00007ff9c9150000 - 0x00007ff9c9164000 	C:\WINDOWS\SYSTEM32\UMPDC.dll
0x00007ff9c80c0000 - 0x00007ff9c80db000 	C:\WINDOWS\SYSTEM32\kernel.appcore.dll
0x00007ff9c0b80000 - 0x00007ff9c0b8a000 	C:\Program Files\Android\Android Studio\jbr\bin\jimage.dll
0x00007ff9c3960000 - 0x00007ff9c3ba2000 	C:\WINDOWS\SYSTEM32\DBGHELP.DLL
0x00007ff9cb7e0000 - 0x00007ff9cbb66000 	C:\WINDOWS\System32\combase.dll
0x00007ff9cab90000 - 0x00007ff9cac66000 	C:\WINDOWS\System32\OLEAUT32.dll
0x00007ff999590000 - 0x00007ff9995cc000 	C:\WINDOWS\SYSTEM32\dbgcore.DLL
0x00007ff9c9bf0000 - 0x00007ff9c9c95000 	C:\WINDOWS\System32\bcryptPrimitives.dll
0x00007ff9b6530000 - 0x00007ff9b653e000 	C:\Program Files\Android\Android Studio\jbr\bin\instrument.dll
0x00007ff9b9870000 - 0x00007ff9b9890000 	C:\Program Files\Android\Android Studio\jbr\bin\java.dll
0x00007ff9b8c00000 - 0x00007ff9b8c18000 	C:\Program Files\Android\Android Studio\jbr\bin\zip.dll
0x00007ff9ca360000 - 0x00007ff9caab3000 	C:\WINDOWS\System32\SHELL32.dll
0x00007ff9c9df0000 - 0x00007ff9c9f5a000 	C:\WINDOWS\System32\wintypes.dll
0x00007ff9c6ee0000 - 0x00007ff9c773e000 	C:\WINDOWS\SYSTEM32\windows.storage.dll
0x00007ff9cbd70000 - 0x00007ff9cbe65000 	C:\WINDOWS\System32\SHCORE.dll
0x00007ff9c9f60000 - 0x00007ff9c9fc6000 	C:\WINDOWS\System32\shlwapi.dll
0x00007ff9c9230000 - 0x00007ff9c9259000 	C:\WINDOWS\SYSTEM32\profapi.dll
0x00007ff9bac30000 - 0x00007ff9bac40000 	C:\Program Files\Android\Android Studio\jbr\bin\net.dll
0x00007ff9ba390000 - 0x00007ff9ba4b8000 	C:\WINDOWS\SYSTEM32\WINHTTP.dll
0x00007ff9c8630000 - 0x00007ff9c869b000 	C:\WINDOWS\system32\mswsock.dll
0x00007ff9b8b90000 - 0x00007ff9b8ba6000 	C:\Program Files\Android\Android Studio\jbr\bin\nio.dll
0x00007ff9b89b0000 - 0x00007ff9b89c0000 	C:\Program Files\Android\Android Studio\jbr\bin\verify.dll
0x00007ff9b0bd0000 - 0x00007ff9b0bf7000 	C:\Users\Asus\.gradle\native\1def1411415f61bf3af743bc5b6707747c0891f09f0c88961ee8f79bc544acac\windows-amd64\native-platform.dll
0x00007ff99bc20000 - 0x00007ff99bc98000 	C:\Users\Asus\.gradle\native\0.2.7\x86_64-windows-gnu\gradle-fileevents.dll
0x00007ff9b8b80000 - 0x00007ff9b8b89000 	C:\Program Files\Android\Android Studio\jbr\bin\management.dll
0x00007ff9b8b70000 - 0x00007ff9b8b7b000 	C:\Program Files\Android\Android Studio\jbr\bin\management_ext.dll
0x00007ff9c9fd0000 - 0x00007ff9c9fd8000 	C:\WINDOWS\System32\PSAPI.DLL
0x00007ff9c7b40000 - 0x00007ff9c7b74000 	C:\WINDOWS\SYSTEM32\IPHLPAPI.DLL
0x00007ff9cbef0000 - 0x00007ff9cbefa000 	C:\WINDOWS\System32\NSI.dll
0x00007ff9b8bf0000 - 0x00007ff9b8bf9000 	C:\Program Files\Android\Android Studio\jbr\bin\extnet.dll
0x00007ff9c88f0000 - 0x00007ff9c890b000 	C:\WINDOWS\SYSTEM32\CRYPTSP.dll
0x00007ff9c8020000 - 0x00007ff9c805a000 	C:\WINDOWS\system32\rsaenh.dll
0x00007ff9c86e0000 - 0x00007ff9c870b000 	C:\WINDOWS\SYSTEM32\USERENV.dll
0x00007ff9c9200000 - 0x00007ff9c922a000 	C:\WINDOWS\SYSTEM32\bcrypt.dll
0x00007ff9c8910000 - 0x00007ff9c891c000 	C:\WINDOWS\SYSTEM32\CRYPTBASE.dll
0x00007ff9a6a00000 - 0x00007ff9a6a08000 	C:\WINDOWS\system32\wshunix.dll

dbghelp: loaded successfully - version: 4.0.5 - missing functions: none
symbol engine: initialized successfully - sym options: 0x614 - pdb path: .;C:\Program Files\Android\Android Studio\jbr\bin;C:\WINDOWS\SYSTEM32;C:\WINDOWS\WinSxS\amd64_microsoft.windows.common-controls_6595b64144ccf1df_6.0.26100.7309_none_3e05feeae336a044;C:\Program Files\Android\Android Studio\jbr\bin\server;C:\Users\Asus\.gradle\native\1def1411415f61bf3af743bc5b6707747c0891f09f0c88961ee8f79bc544acac\windows-amd64;C:\Users\Asus\.gradle\native\0.2.7\x86_64-windows-gnu

VM Arguments:
jvm_args: --add-opens=java.base/java.lang=ALL-UNNAMED --add-opens=java.base/java.lang.invoke=ALL-UNNAMED --add-opens=java.base/java.util=ALL-UNNAMED --add-opens=java.prefs/java.util.prefs=ALL-UNNAMED --add-exports=jdk.compiler/com.sun.tools.javac.api=ALL-UNNAMED --add-exports=jdk.compiler/com.sun.tools.javac.util=ALL-UNNAMED --add-opens=java.base/java.util=ALL-UNNAMED --add-opens=java.prefs/java.util.prefs=ALL-UNNAMED --add-opens=java.base/java.nio.charset=ALL-UNNAMED --add-opens=java.base/java.net=ALL-UNNAMED --add-opens=java.base/java.util.concurrent.atomic=ALL-UNNAMED --add-opens=java.xml/javax.xml.namespace=ALL-UNNAMED -Xmx2048m -Dfile.encoding=UTF-8 -Duser.country=US -Duser.language=en -Duser.variant -javaagent:C:\Users\Asus\.gradle\wrapper\dists\gradle-8.13-bin\5xuhj0ry160q40clulazy9h7d\gradle-8.13\lib\agents\gradle-instrumentation-agent-8.13.jar 
java_command: org.gradle.launcher.daemon.bootstrap.GradleDaemon 8.13
java_class_path (initial): C:\Users\Asus\.gradle\wrapper\dists\gradle-8.13-bin\5xuhj0ry160q40clulazy9h7d\gradle-8.13\lib\gradle-daemon-main-8.13.jar
Launcher Type: SUN_STANDARD

[Global flags]
     intx CICompilerCount                          = 4                                         {product} {ergonomic}
     uint ConcGCThreads                            = 2                                         {product} {ergonomic}
     uint G1ConcRefinementThreads                  = 8                                         {product} {ergonomic}
   size_t G1HeapRegionSize                         = 1048576                                   {product} {ergonomic}
    uintx GCDrainStackTargetSize                   = 64                                        {product} {ergonomic}
   size_t InitialHeapSize                          = 132120576                                 {product} {ergonomic}
   size_t MarkStackSize                            = 4194304                                   {product} {ergonomic}
   size_t MaxHeapSize                              = 2147483648                                {product} {command line}
   size_t MaxNewSize                               = 1287651328                                {product} {ergonomic}
   size_t MinHeapDeltaBytes                        = 1048576                                   {product} {ergonomic}
   size_t MinHeapSize                              = 8388608                                   {product} {ergonomic}
    uintx NonNMethodCodeHeapSize                   = 5839372                                {pd product} {ergonomic}
    uintx NonProfiledCodeHeapSize                  = 122909434                              {pd product} {ergonomic}
    uintx ProfiledCodeHeapSize                     = 122909434                              {pd product} {ergonomic}
    uintx ReservedCodeCacheSize                    = 251658240                              {pd product} {ergonomic}
     bool SegmentedCodeCache                       = true                                      {product} {ergonomic}
   size_t SoftMaxHeapSize                          = 2147483648                             {manageable} {ergonomic}
     bool UseCompressedOops                        = true                           {product lp64_product} {ergonomic}
     bool UseG1GC                                  = true                                      {product} {ergonomic}
     bool UseLargePagesIndividualAllocation        = false                                  {pd product} {ergonomic}

Logging:
Log output configuration:
 #0: stdout all=warning uptime,level,tags foldmultilines=false
 #1: stderr all=off uptime,level,tags foldmultilines=false

Environment Variables:
PATH=C:\Program Files\Common Files\Oracle\Java\javapath;C:\Python312\Scripts\;C:\Python312\;C:\Windows\system32;C:\Windows;C:\Windows\System32\Wbem;C:\Windows\System32\WindowsPowerShell\v1.0\;C:\Windows\System32\OpenSSH\;C:\Program Files (x86)\NVIDIA Corporation\PhysX\Common;C:\WINDOWS\system32;C:\WINDOWS;C:\WINDOWS\System32\Wbem;C:\WINDOWS\System32\WindowsPowerShell\v1.0\;C:\WINDOWS\System32\OpenSSH\;C:\php-8.3.9;C:\Program Files\nodejs\;C:\laragon\bin\nodejs\node-v20.15.1-win-x64;C:\ProgramData\chocolatey\bin;C:\composer;C:\Program Files\Git\cmd;C:\Program Files\Java\jdk-22\bin;C:\Program Files\Dart\dart-sdk\bin;C:\src\flutter\bin;C:\Dart\dart-sdk\bin;C:\gradle-9.0.0\bin;C:\Users\Asus\AppData\Local\Microsoft\WindowsApps;C:\Users\Asus\AppData\Local\Programs\Microsoft VS Code\bin;C:\Users\Asus\AppData\Roaming\npm;C:\Users\Asus\AppData\Roaming\Composer\vendor\bin;C:\src\flutter\bin;C:\Dart\dart-sdk\bin;
USERNAME=Asus
OS=Windows_NT
PROCESSOR_IDENTIFIER=Intel64 Family 6 Model 142 Stepping 12, GenuineIntel
TMP=C:\Users\Asus\AppData\Local\Temp
TEMP=C:\Users\Asus\AppData\Local\Temp




Periodic native trim disabled

JNI global refs:
JNI global refs: 28, weak refs: 10

JNI global refs memory usage: 835, weak refs: 833

Process memory usage:
Resident Set Size: 336840K (4% of 8182576K total physical memory with 684140K free physical memory)

OOME stack traces (most recent first):
Classloader memory used:
Loader org.gradle.internal.classloader.VisitableURLClassLoader                         : 32744K
Loader bootstrap                                                                       : 22654K
Loader org.gradle.initialization.MixInLegacyTypesClassLoader                           : 6543K
Loader org.gradle.internal.classloader.VisitableURLClassLoader                         : 718K
Loader jdk.internal.loader.ClassLoaders$PlatformClassLoader                            : 490K
Loader jdk.internal.loader.ClassLoaders$AppClassLoader                                 : 235K
Loader jdk.internal.reflect.DelegatingClassLoader                                      : 160K
Loader org.gradle.groovy.scripts.internal.DefaultScriptCompilationHandler$ScriptClassLoader: 71344B
Loader org.codehaus.groovy.runtime.callsite.CallSiteClassLoader                        : 18472B
Loader groovy.lang.GroovyClassLoader$InnerLoader                                       : 12256B

Classes loaded by more than one classloader:
Class org.gradle.api.GradleException                                                  : loaded 3 times (x 78B)
Class org.gradle.internal.classloader.FilteringClassLoader                            : loaded 2 times (x 101B)
Class org.gradle.internal.classloader.ClassLoaderHierarchy                            : loaded 2 times (x 66B)
Class org.gradle.api.internal.classpath.ManifestUtil                                  : loaded 2 times (x 67B)
Class org.gradle.internal.operations.MultipleBuildOperationFailures                   : loaded 2 times (x 91B)
Class org.gradle.internal.classloader.DefaultClassLoaderFactory                       : loaded 2 times (x 78B)
Class kotlin.collections.AbstractList$Companion                                       : loaded 2 times (x 67B)
Class org.gradle.internal.classloader.ClassLoaderVisitor                              : loaded 2 times (x 72B)
Class org.gradle.api.internal.classpath.EffectiveClassPath                            : loaded 2 times (x 86B)
Class org.gradle.api.internal.DefaultClassPathProvider                                : loaded 2 times (x 72B)
Class [Lorg.gradle.api.internal.ClassPathProvider;                                    : loaded 2 times (x 65B)
Class org.gradle.api.internal.ClassPathProvider                                       : loaded 2 times (x 66B)
Class org.gradle.internal.service.UnknownServiceException                             : loaded 2 times (x 79B)
Class org.gradle.internal.classpath.TransformedClassPath                              : loaded 2 times (x 92B)
Class org.gradle.internal.classloader.InstrumentingClassLoader                        : loaded 2 times (x 66B)
Class kotlin.enums.EnumEntriesList                                                    : loaded 2 times (x 219B)
Class org.gradle.internal.service.ServiceLocator                                      : loaded 2 times (x 66B)
Class sync_studio_tooling4_2uvmbvekc4d4c87t8whvyah1v                                  : loaded 2 times (x 175B)
Class org.gradle.internal.InternalTransformer                                         : loaded 2 times (x 66B)
Class org.gradle.internal.time.DefaultTimer                                           : loaded 2 times (x 76B)
Class org.gradle.internal.classloader.ClasspathUtil$1                                 : loaded 2 times (x 72B)
Class org.gradle.api.internal.classpath.DefaultModuleRegistry$DefaultModule           : loaded 2 times (x 82B)
Class org.gradle.internal.time.DefaultCountdownTimer                                  : loaded 2 times (x 84B)
Class kotlin.Function                                                                 : loaded 2 times (x 66B)
Class org.gradle.api.internal.classpath.Module                                        : loaded 2 times (x 66B)
Class org.gradle.api.internal.classpath.UnknownModuleException                        : loaded 2 times (x 78B)
Class org.gradle.api.internal.DefaultClassPathRegistry                                : loaded 2 times (x 72B)
Class org.gradle.api.internal.ClassPathRegistry                                       : loaded 2 times (x 66B)
Class org.gradle.internal.classpath.DefaultClassPath$ImmutableUniqueList              : loaded 2 times (x 195B)
Class org.gradle.internal.classpath.ClassPath                                         : loaded 2 times (x 66B)
Class org.gradle.api.UncheckedIOException                                             : loaded 2 times (x 78B)
Class kotlin.UninitializedPropertyAccessException                                     : loaded 2 times (x 78B)
Class org.gradle.internal.installation.GradleInstallation$1                           : loaded 2 times (x 71B)
Class org.gradle.api.internal.classpath.ModuleRegistry                                : loaded 2 times (x 66B)
Class org.gradle.api.internal.classpath.DefaultModuleRegistry                         : loaded 2 times (x 82B)
Class org.gradle.internal.time.MonotonicClock                                         : loaded 2 times (x 73B)
Class org.gradle.internal.service.ServiceLookupException                              : loaded 2 times (x 78B)
Class org.gradle.internal.classloader.ClassLoaderFactory                              : loaded 2 times (x 66B)
Class org.gradle.internal.service.CachingServiceLocator                               : loaded 2 times (x 78B)
Class org.gradle.internal.time.TimeSource                                             : loaded 2 times (x 66B)
Class kotlin.enums.EnumEntries                                                        : loaded 2 times (x 66B)
Class org.gradle.internal.exceptions.ResolutionProvider                               : loaded 2 times (x 66B)
Class org.gradle.internal.classloader.ClasspathUtil                                   : loaded 2 times (x 67B)
Class org.gradle.internal.time.TimeSource$1                                           : loaded 2 times (x 73B)
Class org.gradle.api.specs.Spec                                                       : loaded 2 times (x 66B)
Class org.gradle.internal.time.Clock                                                  : loaded 2 times (x 66B)
Class kotlin.collections.AbstractList                                                 : loaded 2 times (x 193B)
Class kotlin.collections.AbstractCollection                                           : loaded 2 times (x 113B)
Class org.gradle.internal.classloader.VisitableURLClassLoader$InstrumentingVisitableURLClassLoader: loaded 2 times (x 119B)
Class org.gradle.internal.classloader.VisitableURLClassLoader$Spec                    : loaded 2 times (x 70B)
Class org.gradle.internal.classpath.DefaultClassPath                                  : loaded 2 times (x 86B)
Class org.gradle.internal.classloader.ClassLoaderSpec                                 : loaded 2 times (x 67B)
Class org.gradle.internal.classloader.VisitableURLClassLoader                         : loaded 2 times (x 113B)
Class org.gradle.internal.Cast                                                        : loaded 2 times (x 67B)
Class org.gradle.api.Action                                                           : loaded 2 times (x 66B)
Class kotlin.jvm.functions.Function1                                                  : loaded 2 times (x 66B)
Class org.gradle.internal.classpath.DefaultClassPath$ImmutableUniqueList$Builder      : loaded 2 times (x 71B)
Class kotlin.NotImplementedError                                                      : loaded 2 times (x 78B)
Class org.gradle.internal.exceptions.NonGradleCauseExceptionsHolder                   : loaded 2 times (x 66B)
Class kotlin.enums.EnumEntriesKt                                                      : loaded 2 times (x 67B)
Class org.gradle.internal.IoActions                                                   : loaded 2 times (x 67B)
Class org.gradle.internal.classloader.SystemClassLoaderSpec                           : loaded 2 times (x 67B)
Class org.gradle.internal.exceptions.MultiCauseException                              : loaded 2 times (x 66B)
Class org.gradle.internal.time.CountdownTimer                                         : loaded 2 times (x 66B)
Class kotlin.jvm.internal.Intrinsics                                                  : loaded 2 times (x 67B)
Class org.gradle.tooling.model.ProjectModel                                           : loaded 2 times (x 66B)
Class kotlin.KotlinNullPointerException                                               : loaded 2 times (x 79B)
Class org.gradle.internal.exceptions.DefaultMultiCauseException                       : loaded 2 times (x 91B)
Class org.gradle.internal.time.Time                                                   : loaded 2 times (x 67B)
Class org.gradle.api.internal.classpath.GlobalCacheRootsProvider                      : loaded 2 times (x 66B)
Class org.gradle.internal.time.Timer                                                  : loaded 2 times (x 66B)
Class kotlin.jvm.internal.markers.KMappedMarker                                       : loaded 2 times (x 66B)
Class org.gradle.internal.installation.CurrentGradleInstallationLocator               : loaded 2 times (x 67B)
Class org.gradle.internal.service.DefaultServiceLocator                               : loaded 2 times (x 79B)
Class org.gradle.util.GradleVersion                                                   : loaded 2 times (x 75B)
Class org.gradle.internal.installation.CurrentGradleInstallation                      : loaded 2 times (x 69B)
Class org.gradle.util.internal.GUtil                                                  : loaded 2 times (x 67B)
Class org.gradle.internal.installation.GradleInstallation                             : loaded 2 times (x 71B)

---------------  S Y S T E M  ---------------

OS:
 Windows 11 , 64 bit Build 26100 (10.0.26100.7623)
OS uptime: 1 days 18:14 hours
Hyper-V role detected

CPU: total 8 (initial active 8) (4 cores per cpu, 2 threads per core) family 6 model 142 stepping 12 microcode 0xde, cx8, cmov, fxsr, ht, mmx, 3dnowpref, sse, sse2, sse3, ssse3, sse4.1, sse4.2, popcnt, lzcnt, tsc, tscinvbit, avx, avx2, aes, erms, clmul, bmi1, bmi2, adx, fma, vzeroupper, clflush, clflushopt, hv, rdtscp, f16c
Processor Information for processor 0
  Max Mhz: 2304, Current Mhz: 1502, Mhz Limit: 1797
Processor Information for processor 1
  Max Mhz: 2304, Current Mhz: 1502, Mhz Limit: 1797
Processor Information for processor 2
  Max Mhz: 2304, Current Mhz: 1803, Mhz Limit: 1797
Processor Information for processor 3
  Max Mhz: 2304, Current Mhz: 1502, Mhz Limit: 1797
Processor Information for processor 4
  Max Mhz: 2304, Current Mhz: 1502, Mhz Limit: 1797
Processor Information for processor 5
  Max Mhz: 2304, Current Mhz: 1502, Mhz Limit: 1797
Processor Information for processor 6
  Max Mhz: 2304, Current Mhz: 1502, Mhz Limit: 1797
Processor Information for processor 7
  Max Mhz: 2304, Current Mhz: 1502, Mhz Limit: 1797

Memory: 4k page, system-wide physical 7990M (667M free)
TotalPageFile size 16182M (AvailPageFile size 47M)
current process WorkingSet (physical memory assigned to process): 329M, peak: 349M
current process commit charge ("private bytes"): 365M, peak: 410M

vm_info: OpenJDK 64-Bit Server VM (21.0.6+-13391695-b895.109) for windows-amd64 JRE (21.0.6+-13391695-b895.109), built on 2025-04-22T21:19:17Z by "builder" with MS VC++ 16.10 / 16.11 (VS2019)

END.
