#
# There is insufficient memory for the Java Runtime Environment to continue.
# Native memory allocation (malloc) failed to allocate 1107760 bytes. Error detail: Chunk::new
# Possible reasons:
#   The system is out of physical RAM or swap space
#   This process is running with CompressedOops enabled, and the Java Heap may be blocking the growth of the native heap
# Possible solutions:
#   Reduce memory load on the system
#   Increase physical memory or swap space
#   Check if swap backing store is full
#   Decrease Java heap size (-Xmx/-Xms)
#   Decrease number of Java threads
#   Decrease Java thread stack sizes (-Xss)
#   Set larger code cache with -XX:ReservedCodeCacheSize=
#   JVM is running with Unscaled Compressed Oops mode in which the Java heap is
#     placed in the first 4GB address space. The Java Heap base address is the
#     maximum limit for the native heap growth. Please use -XX:HeapBaseMinAddress
#     to set the Java Heap base and to place the Java Heap above 4GB virtual address.
# This output file may be truncated or incomplete.
#
#  Out of Memory Error (arena.cpp:168), pid=6320, tid=2320
#
# JRE version: OpenJDK Runtime Environment (21.0.6) (build 21.0.6+-13391695-b895.109)
# Java VM: OpenJDK 64-Bit Server VM (21.0.6+-13391695-b895.109, mixed mode, tiered, compressed oops, compressed class ptrs, g1 gc, windows-amd64)
# No core dump will be written. Minidumps are not enabled by default on client versions of Windows
#

---------------  S U M M A R Y ------------

Command Line: --add-opens=java.base/java.lang=ALL-UNNAMED --add-opens=java.base/java.lang.invoke=ALL-UNNAMED --add-opens=java.base/java.util=ALL-UNNAMED --add-opens=java.prefs/java.util.prefs=ALL-UNNAMED --add-exports=jdk.compiler/com.sun.tools.javac.api=ALL-UNNAMED --add-exports=jdk.compiler/com.sun.tools.javac.util=ALL-UNNAMED --add-opens=java.base/java.util=ALL-UNNAMED --add-opens=java.prefs/java.util.prefs=ALL-UNNAMED --add-opens=java.base/java.nio.charset=ALL-UNNAMED --add-opens=java.base/java.net=ALL-UNNAMED --add-opens=java.base/java.util.concurrent.atomic=ALL-UNNAMED --add-opens=java.xml/javax.xml.namespace=ALL-UNNAMED -Xmx2048m -Dfile.encoding=UTF-8 -Duser.country=US -Duser.language=en -Duser.variant -javaagent:C:\Users\Asus\Downloads\gradle\gradle-9.0.0\wrapper\dists\gradle-8.13-bin\5xuhj0ry160q40clulazy9h7d\gradle-8.13\lib\agents\gradle-instrumentation-agent-8.13.jar org.gradle.launcher.daemon.bootstrap.GradleDaemon 8.13

Host: Intel(R) Core(TM) i7-10510U CPU @ 1.80GHz, 8 cores, 7G,  Windows 11 , 64 bit Build 26100 (10.0.26100.7309)
Time: Sun Dec 21 19:45:52 2025 SE Asia Standard Time elapsed time: 7.498115 seconds (0d 0h 0m 7s)

---------------  T H R E A D  ---------------

Current thread (0x000002b5999cab40):  JavaThread "C2 CompilerThread0" daemon [_thread_in_native, id=2320, stack(0x000000f2f1200000,0x000000f2f1300000) (1024K)]


Current CompileTask:
C2:7498 6532       4       java.net.URLClassLoader$1::run (5 bytes)

Stack: [0x000000f2f1200000,0x000000f2f1300000]
Native frames: (J=compiled Java code, j=interpreted, Vv=VM code, C=native code)
V  [jvm.dll+0x6d0639]
V  [jvm.dll+0x85eb03]
V  [jvm.dll+0x86105e]
V  [jvm.dll+0x861743]
V  [jvm.dll+0x27e6e6]
V  [jvm.dll+0xbff6d]
V  [jvm.dll+0xc04a3]
V  [jvm.dll+0x3b61ab]
V  [jvm.dll+0x1de684]
V  [jvm.dll+0x247dd4]
V  [jvm.dll+0x247251]
V  [jvm.dll+0x1c5f04]
V  [jvm.dll+0x2569ac]
V  [jvm.dll+0x254ef6]
V  [jvm.dll+0x3f0e96]
V  [jvm.dll+0x806ed8]
V  [jvm.dll+0x6cef0d]
C  [ucrtbase.dll+0x37b0]
C  [KERNEL32.DLL+0x2e8d7]
C  [ntdll.dll+0x8c53c]


---------------  P R O C E S S  ---------------

Threads class SMR info:
_java_thread_list=0x000002b5a0b12040, length=59, elements={
0x000002b5ffd45310, 0x000002b59999e250, 0x000002b5999a0ca0, 0x000002b5999bdff0,
0x000002b5999ac2b0, 0x000002b5999ad480, 0x000002b5999c9250, 0x000002b5999cab40,
0x000002b5999cbd50, 0x000002b599b51e40, 0x000002b599b517b0, 0x000002b59e15c800,
0x000002b599b524d0, 0x000002b599b50a90, 0x000002b599b51120, 0x000002b599b4f050,
0x000002b599b4fd70, 0x000002b599b50400, 0x000002b59fb1b940, 0x000002b59fb19f00,
0x000002b59fb1bfd0, 0x000002b59fb1b2b0, 0x000002b59fb1ac20, 0x000002b59fb1a590,
0x000002b59fb18b50, 0x000002b59fb191e0, 0x000002b59fb1c660, 0x000002b59fb19870,
0x000002b59fb1f450, 0x000002b59fb1da10, 0x000002b59fb1ccf0, 0x000002b59fb1edc0,
0x000002b59fb1fae0, 0x000002b59fb20170, 0x000002b59fb1d380, 0x000002b59fb1e0a0,
0x000002b59fb1e730, 0x000002b5a28a67d0, 0x000002b5a28a88a0, 0x000002b5a28a5420,
0x000002b5a28a6e60, 0x000002b5a28a5ab0, 0x000002b5a28a6140, 0x000002b599b4f6e0,
0x000002b59e47a390, 0x000002b59e47b0b0, 0x000002b59e479670, 0x000002b59e47aa20,
0x000002b59e47b740, 0x000002b59e47bdd0, 0x000002b59e47c460, 0x000002b59e478fe0,
0x000002b59e47f8e0, 0x000002b59e47ff70, 0x000002b59e47f250, 0x000002b59e47caf0,
0x000002b59e480600, 0x000002b59e47d810, 0x000002b59e47d180
}

Java Threads: ( => current thread )
  0x000002b5ffd45310 JavaThread "main"                              [_thread_blocked, id=14652, stack(0x000000f2f0400000,0x000000f2f0500000) (1024K)]
  0x000002b59999e250 JavaThread "Reference Handler"          daemon [_thread_blocked, id=16012, stack(0x000000f2f0c00000,0x000000f2f0d00000) (1024K)]
  0x000002b5999a0ca0 JavaThread "Finalizer"                  daemon [_thread_blocked, id=18936, stack(0x000000f2f0d00000,0x000000f2f0e00000) (1024K)]
  0x000002b5999bdff0 JavaThread "Signal Dispatcher"          daemon [_thread_blocked, id=19080, stack(0x000000f2f0e00000,0x000000f2f0f00000) (1024K)]
  0x000002b5999ac2b0 JavaThread "Attach Listener"            daemon [_thread_blocked, id=19272, stack(0x000000f2f0f00000,0x000000f2f1000000) (1024K)]
  0x000002b5999ad480 JavaThread "Service Thread"             daemon [_thread_blocked, id=12696, stack(0x000000f2f1000000,0x000000f2f1100000) (1024K)]
  0x000002b5999c9250 JavaThread "Monitor Deflation Thread"   daemon [_thread_blocked, id=19028, stack(0x000000f2f1100000,0x000000f2f1200000) (1024K)]
=>0x000002b5999cab40 JavaThread "C2 CompilerThread0"         daemon [_thread_in_native, id=2320, stack(0x000000f2f1200000,0x000000f2f1300000) (1024K)]
  0x000002b5999cbd50 JavaThread "C1 CompilerThread0"         daemon [_thread_blocked, id=19048, stack(0x000000f2f1300000,0x000000f2f1400000) (1024K)]
  0x000002b599b51e40 JavaThread "Common-Cleaner"             daemon [_thread_blocked, id=18536, stack(0x000000f2f1400000,0x000000f2f1500000) (1024K)]
  0x000002b599b517b0 JavaThread "Notification Thread"        daemon [_thread_blocked, id=18188, stack(0x000000f2f1500000,0x000000f2f1600000) (1024K)]
  0x000002b59e15c800 JavaThread "C2 CompilerThread1"         daemon [_thread_in_native, id=13596, stack(0x000000f2f1600000,0x000000f2f1700000) (1024K)]
  0x000002b599b524d0 JavaThread "Daemon health stats"               [_thread_blocked, id=13096, stack(0x000000f2f1d00000,0x000000f2f1e00000) (1024K)]
  0x000002b599b50a90 JavaThread "Incoming local TCP Connector on port 56310"        [_thread_in_native, id=17320, stack(0x000000f2f1e00000,0x000000f2f1f00000) (1024K)]
  0x000002b599b51120 JavaThread "Daemon periodic checks"            [_thread_blocked, id=3120, stack(0x000000f2f1f00000,0x000000f2f2000000) (1024K)]
  0x000002b599b4f050 JavaThread "Daemon"                            [_thread_blocked, id=16028, stack(0x000000f2f2000000,0x000000f2f2100000) (1024K)]
  0x000002b599b4fd70 JavaThread "Handler for socket connection from /127.0.0.1:56310 to /127.0.0.1:56311"        [_thread_in_native, id=1848, stack(0x000000f2f2100000,0x000000f2f2200000) (1024K)]
  0x000002b599b50400 JavaThread "Cancel handler"                    [_thread_blocked, id=19392, stack(0x000000f2f2200000,0x000000f2f2300000) (1024K)]
  0x000002b59fb1b940 JavaThread "Daemon worker"                     [_thread_blocked, id=6508, stack(0x000000f2f2300000,0x000000f2f2400000) (1024K)]
  0x000002b59fb19f00 JavaThread "Asynchronous log dispatcher for DefaultDaemonConnection: socket connection from /127.0.0.1:56310 to /127.0.0.1:56311"        [_thread_blocked, id=12520, stack(0x000000f2f2400000,0x000000f2f2500000) (1024K)]
  0x000002b59fb1bfd0 JavaThread "Stdin handler"                     [_thread_blocked, id=14880, stack(0x000000f2f2500000,0x000000f2f2600000) (1024K)]
  0x000002b59fb1b2b0 JavaThread "Daemon client event forwarder"        [_thread_blocked, id=12508, stack(0x000000f2f2600000,0x000000f2f2700000) (1024K)]
  0x000002b59fb1ac20 JavaThread "Cache worker for journal cache (C:\Users\Asus\Downloads\gradle\gradle-9.0.0\caches\journal-1)"        [_thread_blocked, id=5304, stack(0x000000f2f2a00000,0x000000f2f2b00000) (1024K)]
  0x000002b59fb1a590 JavaThread "File lock request listener"        [_thread_in_native, id=16496, stack(0x000000f2f2b00000,0x000000f2f2c00000) (1024K)]
  0x000002b59fb18b50 JavaThread "Cache worker for file hash cache (C:\Users\Asus\Downloads\gradle\gradle-9.0.0\caches\8.13\fileHashes)"        [_thread_blocked, id=15868, stack(0x000000f2f2c00000,0x000000f2f2d00000) (1024K)]
  0x000002b59fb191e0 JavaThread "Cache worker for file hash cache (D:\Dicoding\Belajar Membuat Aplikasi Android Untuk Pemula\UI GPT\1. Step 1 - LinearLayout\.gradle\8.13\fileHashes)"        [_thread_blocked, id=15548, stack(0x000000f2f2d00000,0x000000f2f2e00000) (1024K)]
  0x000002b59fb1c660 JavaThread "Cache worker for Build Output Cleanup Cache (D:\Dicoding\Belajar Membuat Aplikasi Android Untuk Pemula\UI GPT\1. Step 1 - LinearLayout\.gradle\buildOutputCleanup)"        [_thread_blocked, id=6024, stack(0x000000f2f2e00000,0x000000f2f2f00000) (1024K)]
  0x000002b59fb19870 JavaThread "File watcher server"        daemon [_thread_in_native, id=2232, stack(0x000000f2f2f00000,0x000000f2f3000000) (1024K)]
  0x000002b59fb1f450 JavaThread "File watcher consumer"      daemon [_thread_blocked, id=18340, stack(0x000000f2f3000000,0x000000f2f3100000) (1024K)]
  0x000002b59fb1da10 JavaThread "jar transforms"                    [_thread_blocked, id=18084, stack(0x000000f2f3100000,0x000000f2f3200000) (1024K)]
  0x000002b59fb1ccf0 JavaThread "jar transforms Thread 2"           [_thread_blocked, id=9372, stack(0x000000f2f3200000,0x000000f2f3300000) (1024K)]
  0x000002b59fb1edc0 JavaThread "jar transforms Thread 3"           [_thread_blocked, id=8936, stack(0x000000f2f3300000,0x000000f2f3400000) (1024K)]
  0x000002b59fb1fae0 JavaThread "jar transforms Thread 4"           [_thread_blocked, id=17736, stack(0x000000f2f3400000,0x000000f2f3500000) (1024K)]
  0x000002b59fb20170 JavaThread "jar transforms Thread 5"           [_thread_blocked, id=15008, stack(0x000000f2f3500000,0x000000f2f3600000) (1024K)]
  0x000002b59fb1d380 JavaThread "jar transforms Thread 6"           [_thread_blocked, id=19024, stack(0x000000f2f3600000,0x000000f2f3700000) (1024K)]
  0x000002b59fb1e0a0 JavaThread "jar transforms Thread 7"           [_thread_blocked, id=1828, stack(0x000000f2f3700000,0x000000f2f3800000) (1024K)]
  0x000002b59fb1e730 JavaThread "jar transforms Thread 8"           [_thread_blocked, id=2304, stack(0x000000f2f3800000,0x000000f2f3900000) (1024K)]
  0x000002b5a28a67d0 JavaThread "Cache worker for checksums cache (D:\Dicoding\Belajar Membuat Aplikasi Android Untuk Pemula\UI GPT\1. Step 1 - LinearLayout\.gradle\8.13\checksums)"        [_thread_blocked, id=4260, stack(0x000000f2f3900000,0x000000f2f3a00000) (1024K)]
  0x000002b5a28a88a0 JavaThread "Cache worker for file content cache (C:\Users\Asus\Downloads\gradle\gradle-9.0.0\caches\8.13\fileContent)"        [_thread_blocked, id=2636, stack(0x000000f2f3a00000,0x000000f2f3b00000) (1024K)]
  0x000002b5a28a5420 JavaThread "Cache worker for cache directory md-supplier (C:\Users\Asus\Downloads\gradle\gradle-9.0.0\caches\8.13\md-supplier)"        [_thread_blocked, id=15612, stack(0x000000f2f3b00000,0x000000f2f3c00000) (1024K)]
  0x000002b5a28a6e60 JavaThread "Cache worker for cache directory md-rule (C:\Users\Asus\Downloads\gradle\gradle-9.0.0\caches\8.13\md-rule)"        [_thread_blocked, id=16564, stack(0x000000f2f3c00000,0x000000f2f3d00000) (1024K)]
  0x000002b5a28a5ab0 JavaThread "Unconstrained build operations"        [_thread_blocked, id=6460, stack(0x000000f2f3d00000,0x000000f2f3e00000) (1024K)]
  0x000002b5a28a6140 JavaThread "Unconstrained build operations Thread 2"        [_thread_blocked, id=14304, stack(0x000000f2f3e00000,0x000000f2f3f00000) (1024K)]
  0x000002b599b4f6e0 JavaThread "Unconstrained build operations Thread 3"        [_thread_blocked, id=18372, stack(0x000000f2f3f00000,0x000000f2f4000000) (1024K)]
  0x000002b59e47a390 JavaThread "Unconstrained build operations Thread 4"        [_thread_blocked, id=9152, stack(0x000000f2f4000000,0x000000f2f4100000) (1024K)]
  0x000002b59e47b0b0 JavaThread "Unconstrained build operations Thread 5"        [_thread_blocked, id=16784, stack(0x000000f2f4100000,0x000000f2f4200000) (1024K)]
  0x000002b59e479670 JavaThread "Unconstrained build operations Thread 6"        [_thread_blocked, id=11304, stack(0x000000f2f4200000,0x000000f2f4300000) (1024K)]
  0x000002b59e47aa20 JavaThread "Unconstrained build operations Thread 7"        [_thread_blocked, id=15456, stack(0x000000f2f4300000,0x000000f2f4400000) (1024K)]
  0x000002b59e47b740 JavaThread "Unconstrained build operations Thread 8"        [_thread_blocked, id=13468, stack(0x000000f2f4400000,0x000000f2f4500000) (1024K)]
  0x000002b59e47bdd0 JavaThread "Unconstrained build operations Thread 9"        [_thread_blocked, id=19164, stack(0x000000f2f4500000,0x000000f2f4600000) (1024K)]
  0x000002b59e47c460 JavaThread "Unconstrained build operations Thread 10"        [_thread_blocked, id=9436, stack(0x000000f2f4600000,0x000000f2f4700000) (1024K)]
  0x000002b59e478fe0 JavaThread "Unconstrained build operations Thread 11"        [_thread_blocked, id=6224, stack(0x000000f2f4700000,0x000000f2f4800000) (1024K)]
  0x000002b59e47f8e0 JavaThread "Unconstrained build operations Thread 12"        [_thread_blocked, id=16964, stack(0x000000f2f4800000,0x000000f2f4900000) (1024K)]
  0x000002b59e47ff70 JavaThread "Unconstrained build operations Thread 13"        [_thread_blocked, id=9168, stack(0x000000f2f4900000,0x000000f2f4a00000) (1024K)]
  0x000002b59e47f250 JavaThread "Unconstrained build operations Thread 14"        [_thread_blocked, id=11180, stack(0x000000f2f4a00000,0x000000f2f4b00000) (1024K)]
  0x000002b59e47caf0 JavaThread "Unconstrained build operations Thread 15"        [_thread_blocked, id=204, stack(0x000000f2f4b00000,0x000000f2f4c00000) (1024K)]
  0x000002b59e480600 JavaThread "Unconstrained build operations Thread 16"        [_thread_blocked, id=5516, stack(0x000000f2f4c00000,0x000000f2f4d00000) (1024K)]
  0x000002b59e47d810 JavaThread "Unconstrained build operations Thread 17"        [_thread_blocked, id=19160, stack(0x000000f2f4d00000,0x000000f2f4e00000) (1024K)]
  0x000002b59e47d180 JavaThread "Unconstrained build operations Thread 18"        [_thread_blocked, id=1856, stack(0x000000f2f4e00000,0x000000f2f4f00000) (1024K)]
Total: 59

Other Threads:
  0x000002b5997eeb80 VMThread "VM Thread"                           [id=17404, stack(0x000000f2f0b00000,0x000000f2f0c00000) (1024K)]
  0x000002b59977fb00 WatcherThread "VM Periodic Task Thread"        [id=5624, stack(0x000000f2f0a00000,0x000000f2f0b00000) (1024K)]
  0x000002b582142a60 WorkerThread "GC Thread#0"                     [id=15408, stack(0x000000f2f0500000,0x000000f2f0600000) (1024K)]
  0x000002b59e15e070 WorkerThread "GC Thread#1"                     [id=5376, stack(0x000000f2f1800000,0x000000f2f1900000) (1024K)]
  0x000002b59e32e890 WorkerThread "GC Thread#2"                     [id=19316, stack(0x000000f2f1900000,0x000000f2f1a00000) (1024K)]
  0x000002b59e1fe990 WorkerThread "GC Thread#3"                     [id=19040, stack(0x000000f2f1a00000,0x000000f2f1b00000) (1024K)]
  0x000002b59e1fed30 WorkerThread "GC Thread#4"                     [id=18384, stack(0x000000f2f1b00000,0x000000f2f1c00000) (1024K)]
  0x000002b59fa49070 WorkerThread "GC Thread#5"                     [id=17784, stack(0x000000f2f1c00000,0x000000f2f1d00000) (1024K)]
  0x000002b59fbeb940 WorkerThread "GC Thread#6"                     [id=7184, stack(0x000000f2f2700000,0x000000f2f2800000) (1024K)]
  0x000002b59fbfea60 WorkerThread "GC Thread#7"                     [id=17824, stack(0x000000f2f2800000,0x000000f2f2900000) (1024K)]
  0x000002b582153a40 ConcurrentGCThread "G1 Main Marker"            [id=12956, stack(0x000000f2f0600000,0x000000f2f0700000) (1024K)]
  0x000002b582155380 WorkerThread "G1 Conc#0"                       [id=18676, stack(0x000000f2f0700000,0x000000f2f0800000) (1024K)]
  0x000002b59fc8e120 WorkerThread "G1 Conc#1"                       [id=1708, stack(0x000000f2f2900000,0x000000f2f2a00000) (1024K)]
  0x000002b5996361a0 ConcurrentGCThread "G1 Refine#0"               [id=15840, stack(0x000000f2f0800000,0x000000f2f0900000) (1024K)]
  0x000002b599638b30 ConcurrentGCThread "G1 Service"                [id=16756, stack(0x000000f2f0900000,0x000000f2f0a00000) (1024K)]
Total: 15

Threads with active compile tasks:
C2 CompilerThread0  7522 6532       4       java.net.URLClassLoader$1::run (5 bytes)
C2 CompilerThread1  7522 6531   !   4       java.net.URLClassLoader::findClass (47 bytes)
Total: 2

VM state: not at safepoint (normal execution)

VM Mutex/Monitor currently owned by a thread: None

Heap address: 0x0000000080000000, size: 2048 MB, Compressed Oops mode: 32-bit

CDS archive(s) not mapped
Compressed class space mapped at: 0x0000000100000000-0x0000000140000000, reserved size: 1073741824
Narrow klass base: 0x0000000000000000, Narrow klass shift: 3, Narrow klass range: 0x140000000

GC Precious Log:
 CardTable entry size: 512
 Card Set container configuration: InlinePtr #cards 5 size 8 Array Of Cards #cards 12 size 40 Howl #buckets 4 coarsen threshold 1843 Howl Bitmap #cards 512 size 80 coarsen threshold 460 Card regions per heap region 1 cards per card region 2048
 CPUs: 8 total, 8 available
 Memory: 7990M
 Large Page Support: Disabled
 NUMA Support: Disabled
 Compressed Oops: Enabled (32-bit)
 Heap Region Size: 1M
 Heap Min Capacity: 8M
 Heap Initial Capacity: 126M
 Heap Max Capacity: 2G
 Pre-touch: Disabled
 Parallel Workers: 8
 Concurrent Workers: 2
 Concurrent Refinement Workers: 8
 Periodic GC: Disabled

Heap:
 garbage-first heap   total 162816K, used 142398K [0x0000000080000000, 0x0000000100000000)
  region size 1024K, 49 young (50176K), 4 survivors (4096K)
 Metaspace       used 71580K, committed 73408K, reserved 1114112K
  class space    used 9796K, committed 10752K, reserved 1048576K

Heap Regions: E=young(eden), S=young(survivor), O=old, HS=humongous(starts), HC=humongous(continues), CS=collection set, F=free, TAMS=top-at-mark-start, PB=parsable bottom
|   0|0x0000000080000000, 0x0000000080100000, 0x0000000080100000|100%|HS|  |TAMS 0x0000000080000000| PB 0x0000000080000000| Complete 
|   1|0x0000000080100000, 0x0000000080200000, 0x0000000080200000|100%|HC|  |TAMS 0x0000000080100000| PB 0x0000000080100000| Complete 
|   2|0x0000000080200000, 0x0000000080300000, 0x0000000080300000|100%|HC|  |TAMS 0x0000000080200000| PB 0x0000000080200000| Complete 
|   3|0x0000000080300000, 0x0000000080400000, 0x0000000080400000|100%| O|  |TAMS 0x0000000080300000| PB 0x0000000080300000| Untracked 
|   4|0x0000000080400000, 0x0000000080500000, 0x0000000080500000|100%| O|  |TAMS 0x0000000080400000| PB 0x0000000080400000| Untracked 
|   5|0x0000000080500000, 0x0000000080600000, 0x0000000080600000|100%| O|  |TAMS 0x0000000080500000| PB 0x0000000080500000| Untracked 
|   6|0x0000000080600000, 0x0000000080700000, 0x0000000080700000|100%|HS|  |TAMS 0x0000000080600000| PB 0x0000000080600000| Complete 
|   7|0x0000000080700000, 0x0000000080800000, 0x0000000080800000|100%| O|  |TAMS 0x0000000080700000| PB 0x0000000080700000| Untracked 
|   8|0x0000000080800000, 0x0000000080900000, 0x0000000080900000|100%| O|  |TAMS 0x0000000080800000| PB 0x0000000080800000| Untracked 
|   9|0x0000000080900000, 0x0000000080a00000, 0x0000000080a00000|100%| O|  |TAMS 0x0000000080900000| PB 0x0000000080900000| Untracked 
|  10|0x0000000080a00000, 0x0000000080b00000, 0x0000000080b00000|100%| O|  |TAMS 0x0000000080a00000| PB 0x0000000080a00000| Untracked 
|  11|0x0000000080b00000, 0x0000000080c00000, 0x0000000080c00000|100%| O|  |TAMS 0x0000000080b00000| PB 0x0000000080b00000| Untracked 
|  12|0x0000000080c00000, 0x0000000080d00000, 0x0000000080d00000|100%| O|  |TAMS 0x0000000080c00000| PB 0x0000000080c00000| Untracked 
|  13|0x0000000080d00000, 0x0000000080e00000, 0x0000000080e00000|100%| O|  |TAMS 0x0000000080d00000| PB 0x0000000080d00000| Untracked 
|  14|0x0000000080e00000, 0x0000000080f00000, 0x0000000080f00000|100%| O|  |TAMS 0x0000000080e00000| PB 0x0000000080e00000| Untracked 
|  15|0x0000000080f00000, 0x0000000081000000, 0x0000000081000000|100%| O|  |TAMS 0x0000000080f00000| PB 0x0000000080f00000| Untracked 
|  16|0x0000000081000000, 0x0000000081100000, 0x0000000081100000|100%| O|  |TAMS 0x0000000081000000| PB 0x0000000081000000| Untracked 
|  17|0x0000000081100000, 0x0000000081200000, 0x0000000081200000|100%| O|  |TAMS 0x0000000081100000| PB 0x0000000081100000| Untracked 
|  18|0x0000000081200000, 0x0000000081300000, 0x0000000081300000|100%| O|  |TAMS 0x0000000081200000| PB 0x0000000081200000| Untracked 
|  19|0x0000000081300000, 0x0000000081400000, 0x0000000081400000|100%| O|  |TAMS 0x0000000081300000| PB 0x0000000081300000| Untracked 
|  20|0x0000000081400000, 0x0000000081500000, 0x0000000081500000|100%|HS|  |TAMS 0x0000000081400000| PB 0x0000000081400000| Complete 
|  21|0x0000000081500000, 0x0000000081600000, 0x0000000081600000|100%| O|  |TAMS 0x0000000081500000| PB 0x0000000081500000| Untracked 
|  22|0x0000000081600000, 0x0000000081700000, 0x0000000081700000|100%|HS|  |TAMS 0x0000000081600000| PB 0x0000000081600000| Complete 
|  23|0x0000000081700000, 0x0000000081800000, 0x0000000081800000|100%|HC|  |TAMS 0x0000000081700000| PB 0x0000000081700000| Complete 
|  24|0x0000000081800000, 0x0000000081900000, 0x0000000081900000|100%|HC|  |TAMS 0x0000000081800000| PB 0x0000000081800000| Complete 
|  25|0x0000000081900000, 0x0000000081a00000, 0x0000000081a00000|100%|HC|  |TAMS 0x0000000081900000| PB 0x0000000081900000| Complete 
|  26|0x0000000081a00000, 0x0000000081b00000, 0x0000000081b00000|100%|HC|  |TAMS 0x0000000081a00000| PB 0x0000000081a00000| Complete 
|  27|0x0000000081b00000, 0x0000000081c00000, 0x0000000081c00000|100%|HC|  |TAMS 0x0000000081b00000| PB 0x0000000081b00000| Complete 
|  28|0x0000000081c00000, 0x0000000081d00000, 0x0000000081d00000|100%|HS|  |TAMS 0x0000000081c00000| PB 0x0000000081c00000| Complete 
|  29|0x0000000081d00000, 0x0000000081e00000, 0x0000000081e00000|100%|HS|  |TAMS 0x0000000081d00000| PB 0x0000000081d00000| Complete 
|  30|0x0000000081e00000, 0x0000000081f00000, 0x0000000081f00000|100%|HC|  |TAMS 0x0000000081e00000| PB 0x0000000081e00000| Complete 
|  31|0x0000000081f00000, 0x0000000082000000, 0x0000000082000000|100%|HC|  |TAMS 0x0000000081f00000| PB 0x0000000081f00000| Complete 
|  32|0x0000000082000000, 0x0000000082100000, 0x0000000082100000|100%|HC|  |TAMS 0x0000000082000000| PB 0x0000000082000000| Complete 
|  33|0x0000000082100000, 0x0000000082200000, 0x0000000082200000|100%|HS|  |TAMS 0x0000000082100000| PB 0x0000000082100000| Complete 
|  34|0x0000000082200000, 0x0000000082300000, 0x0000000082300000|100%|HC|  |TAMS 0x0000000082200000| PB 0x0000000082200000| Complete 
|  35|0x0000000082300000, 0x0000000082400000, 0x0000000082400000|100%|HS|  |TAMS 0x0000000082300000| PB 0x0000000082300000| Complete 
|  36|0x0000000082400000, 0x0000000082500000, 0x0000000082500000|100%|HS|  |TAMS 0x0000000082400000| PB 0x0000000082400000| Complete 
|  37|0x0000000082500000, 0x0000000082600000, 0x0000000082600000|100%|HS|  |TAMS 0x0000000082500000| PB 0x0000000082500000| Complete 
|  38|0x0000000082600000, 0x0000000082700000, 0x0000000082700000|100%| O|  |TAMS 0x0000000082600000| PB 0x0000000082600000| Untracked 
|  39|0x0000000082700000, 0x0000000082800000, 0x0000000082800000|100%| O|  |TAMS 0x0000000082700000| PB 0x0000000082700000| Untracked 
|  40|0x0000000082800000, 0x0000000082900000, 0x0000000082900000|100%| O|  |TAMS 0x0000000082800000| PB 0x0000000082800000| Untracked 
|  41|0x0000000082900000, 0x0000000082a00000, 0x0000000082a00000|100%| O|  |TAMS 0x0000000082900000| PB 0x0000000082900000| Untracked 
|  42|0x0000000082a00000, 0x0000000082b00000, 0x0000000082b00000|100%| O|  |TAMS 0x0000000082a00000| PB 0x0000000082a00000| Untracked 
|  43|0x0000000082b00000, 0x0000000082c00000, 0x0000000082c00000|100%|HS|  |TAMS 0x0000000082b00000| PB 0x0000000082b00000| Complete 
|  44|0x0000000082c00000, 0x0000000082d00000, 0x0000000082d00000|100%|HC|  |TAMS 0x0000000082c00000| PB 0x0000000082c00000| Complete 
|  45|0x0000000082d00000, 0x0000000082e00000, 0x0000000082e00000|100%|HC|  |TAMS 0x0000000082d00000| PB 0x0000000082d00000| Complete 
|  46|0x0000000082e00000, 0x0000000082f00000, 0x0000000082f00000|100%|HC|  |TAMS 0x0000000082e00000| PB 0x0000000082e00000| Complete 
|  47|0x0000000082f00000, 0x0000000083000000, 0x0000000083000000|100%|HC|  |TAMS 0x0000000082f00000| PB 0x0000000082f00000| Complete 
|  48|0x0000000083000000, 0x0000000083100000, 0x0000000083100000|100%|HC|  |TAMS 0x0000000083000000| PB 0x0000000083000000| Complete 
|  49|0x0000000083100000, 0x0000000083200000, 0x0000000083200000|100%|HS|  |TAMS 0x0000000083100000| PB 0x0000000083100000| Complete 
|  50|0x0000000083200000, 0x0000000083300000, 0x0000000083300000|100%|HC|  |TAMS 0x0000000083200000| PB 0x0000000083200000| Complete 
|  51|0x0000000083300000, 0x0000000083400000, 0x0000000083400000|100%|HC|  |TAMS 0x0000000083300000| PB 0x0000000083300000| Complete 
|  52|0x0000000083400000, 0x0000000083500000, 0x0000000083500000|100%|HC|  |TAMS 0x0000000083400000| PB 0x0000000083400000| Complete 
|  53|0x0000000083500000, 0x0000000083600000, 0x0000000083600000|100%|HS|  |TAMS 0x0000000083500000| PB 0x0000000083500000| Complete 
|  54|0x0000000083600000, 0x0000000083700000, 0x0000000083700000|100%|HC|  |TAMS 0x0000000083600000| PB 0x0000000083600000| Complete 
|  55|0x0000000083700000, 0x00000000837e3b58, 0x0000000083800000| 88%| O|  |TAMS 0x0000000083700000| PB 0x0000000083700000| Untracked 
|  56|0x0000000083800000, 0x0000000083900000, 0x0000000083900000|100%| O|  |TAMS 0x0000000083800000| PB 0x0000000083800000| Untracked 
|  57|0x0000000083900000, 0x0000000083a00000, 0x0000000083a00000|100%| O|  |TAMS 0x0000000083900000| PB 0x0000000083900000| Untracked 
|  58|0x0000000083a00000, 0x0000000083b00000, 0x0000000083b00000|100%| O|  |TAMS 0x0000000083a00000| PB 0x0000000083a00000| Untracked 
|  59|0x0000000083b00000, 0x0000000083c00000, 0x0000000083c00000|100%|HS|  |TAMS 0x0000000083b00000| PB 0x0000000083b00000| Complete 
|  60|0x0000000083c00000, 0x0000000083d00000, 0x0000000083d00000|100%|HC|  |TAMS 0x0000000083c00000| PB 0x0000000083c00000| Complete 
|  61|0x0000000083d00000, 0x0000000083e00000, 0x0000000083e00000|100%| O|  |TAMS 0x0000000083d00000| PB 0x0000000083d00000| Untracked 
|  62|0x0000000083e00000, 0x0000000083e00000, 0x0000000083f00000|  0%| F|  |TAMS 0x0000000083e00000| PB 0x0000000083e00000| Untracked 
|  63|0x0000000083f00000, 0x0000000083f00000, 0x0000000084000000|  0%| F|  |TAMS 0x0000000083f00000| PB 0x0000000083f00000| Untracked 
|  64|0x0000000084000000, 0x0000000084100000, 0x0000000084100000|100%| O|  |TAMS 0x0000000084000000| PB 0x0000000084000000| Untracked 
|  65|0x0000000084100000, 0x0000000084200000, 0x0000000084200000|100%| O|  |TAMS 0x0000000084100000| PB 0x0000000084100000| Untracked 
|  66|0x0000000084200000, 0x0000000084300000, 0x0000000084300000|100%|HS|  |TAMS 0x0000000084200000| PB 0x0000000084200000| Complete 
|  67|0x0000000084300000, 0x0000000084400000, 0x0000000084400000|100%|HC|  |TAMS 0x0000000084300000| PB 0x0000000084300000| Complete 
|  68|0x0000000084400000, 0x0000000084500000, 0x0000000084500000|100%|HC|  |TAMS 0x0000000084400000| PB 0x0000000084400000| Complete 
|  69|0x0000000084500000, 0x0000000084600000, 0x0000000084600000|100%|HC|  |TAMS 0x0000000084500000| PB 0x0000000084500000| Complete 
|  70|0x0000000084600000, 0x0000000084700000, 0x0000000084700000|100%|HC|  |TAMS 0x0000000084600000| PB 0x0000000084600000| Complete 
|  71|0x0000000084700000, 0x0000000084800000, 0x0000000084800000|100%|HC|  |TAMS 0x0000000084700000| PB 0x0000000084700000| Complete 
|  72|0x0000000084800000, 0x0000000084800000, 0x0000000084900000|  0%| F|  |TAMS 0x0000000084800000| PB 0x0000000084800000| Untracked 
|  73|0x0000000084900000, 0x0000000084900000, 0x0000000084a00000|  0%| F|  |TAMS 0x0000000084900000| PB 0x0000000084900000| Untracked 
|  74|0x0000000084a00000, 0x0000000084b00000, 0x0000000084b00000|100%|HS|  |TAMS 0x0000000084a00000| PB 0x0000000084a00000| Complete 
|  75|0x0000000084b00000, 0x0000000084c00000, 0x0000000084c00000|100%|HC|  |TAMS 0x0000000084b00000| PB 0x0000000084b00000| Complete 
|  76|0x0000000084c00000, 0x0000000084d00000, 0x0000000084d00000|100%|HC|  |TAMS 0x0000000084c00000| PB 0x0000000084c00000| Complete 
|  77|0x0000000084d00000, 0x0000000084e00000, 0x0000000084e00000|100%|HC|  |TAMS 0x0000000084d00000| PB 0x0000000084d00000| Complete 
|  78|0x0000000084e00000, 0x0000000084f00000, 0x0000000084f00000|100%|HC|  |TAMS 0x0000000084e00000| PB 0x0000000084e00000| Complete 
|  79|0x0000000084f00000, 0x0000000085000000, 0x0000000085000000|100%|HC|  |TAMS 0x0000000084f00000| PB 0x0000000084f00000| Complete 
|  80|0x0000000085000000, 0x0000000085100000, 0x0000000085100000|100%|HS|  |TAMS 0x0000000085000000| PB 0x0000000085000000| Complete 
|  81|0x0000000085100000, 0x0000000085100000, 0x0000000085200000|  0%| F|  |TAMS 0x0000000085100000| PB 0x0000000085100000| Untracked 
|  82|0x0000000085200000, 0x0000000085200000, 0x0000000085300000|  0%| F|  |TAMS 0x0000000085200000| PB 0x0000000085200000| Untracked 
|  83|0x0000000085300000, 0x0000000085400000, 0x0000000085400000|100%| O|  |TAMS 0x0000000085300000| PB 0x0000000085300000| Untracked 
|  84|0x0000000085400000, 0x0000000085500000, 0x0000000085500000|100%| O|  |TAMS 0x0000000085400000| PB 0x0000000085400000| Untracked 
|  85|0x0000000085500000, 0x0000000085600000, 0x0000000085600000|100%| O|Cm|TAMS 0x0000000085500000| PB 0x0000000085500000| Complete 
|  86|0x0000000085600000, 0x0000000085600000, 0x0000000085700000|  0%| F|  |TAMS 0x0000000085600000| PB 0x0000000085600000| Untracked 
|  87|0x0000000085700000, 0x0000000085700000, 0x0000000085800000|  0%| F|  |TAMS 0x0000000085700000| PB 0x0000000085700000| Untracked 
|  88|0x0000000085800000, 0x0000000085800000, 0x0000000085900000|  0%| F|  |TAMS 0x0000000085800000| PB 0x0000000085800000| Untracked 
|  89|0x0000000085900000, 0x0000000085900000, 0x0000000085a00000|  0%| F|  |TAMS 0x0000000085900000| PB 0x0000000085900000| Untracked 
|  90|0x0000000085a00000, 0x0000000085a00000, 0x0000000085b00000|  0%| F|  |TAMS 0x0000000085a00000| PB 0x0000000085a00000| Untracked 
|  91|0x0000000085b00000, 0x0000000085b00000, 0x0000000085c00000|  0%| F|  |TAMS 0x0000000085b00000| PB 0x0000000085b00000| Untracked 
|  92|0x0000000085c00000, 0x0000000085c00000, 0x0000000085d00000|  0%| F|  |TAMS 0x0000000085c00000| PB 0x0000000085c00000| Untracked 
|  93|0x0000000085d00000, 0x0000000085d00000, 0x0000000085e00000|  0%| F|  |TAMS 0x0000000085d00000| PB 0x0000000085d00000| Untracked 
|  94|0x0000000085e00000, 0x0000000085e00000, 0x0000000085f00000|  0%| F|  |TAMS 0x0000000085e00000| PB 0x0000000085e00000| Untracked 
|  95|0x0000000085f00000, 0x0000000085f00000, 0x0000000086000000|  0%| F|  |TAMS 0x0000000085f00000| PB 0x0000000085f00000| Untracked 
|  96|0x0000000086000000, 0x0000000086000000, 0x0000000086100000|  0%| F|  |TAMS 0x0000000086000000| PB 0x0000000086000000| Untracked 
|  97|0x0000000086100000, 0x000000008610ba28, 0x0000000086200000|  4%| E|  |TAMS 0x0000000086100000| PB 0x0000000086100000| Complete 
|  98|0x0000000086200000, 0x0000000086300000, 0x0000000086300000|100%| E|  |TAMS 0x0000000086200000| PB 0x0000000086200000| Complete 
|  99|0x0000000086300000, 0x0000000086400000, 0x0000000086400000|100%| E|CS|TAMS 0x0000000086300000| PB 0x0000000086300000| Complete 
| 100|0x0000000086400000, 0x0000000086500000, 0x0000000086500000|100%| E|CS|TAMS 0x0000000086400000| PB 0x0000000086400000| Complete 
| 101|0x0000000086500000, 0x0000000086600000, 0x0000000086600000|100%| E|CS|TAMS 0x0000000086500000| PB 0x0000000086500000| Complete 
| 102|0x0000000086600000, 0x0000000086700000, 0x0000000086700000|100%| E|CS|TAMS 0x0000000086600000| PB 0x0000000086600000| Complete 
| 103|0x0000000086700000, 0x0000000086800000, 0x0000000086800000|100%| E|CS|TAMS 0x0000000086700000| PB 0x0000000086700000| Complete 
| 104|0x0000000086800000, 0x0000000086900000, 0x0000000086900000|100%| E|CS|TAMS 0x0000000086800000| PB 0x0000000086800000| Complete 
| 105|0x0000000086900000, 0x0000000086a00000, 0x0000000086a00000|100%| E|CS|TAMS 0x0000000086900000| PB 0x0000000086900000| Complete 
| 106|0x0000000086a00000, 0x0000000086b00000, 0x0000000086b00000|100%| E|CS|TAMS 0x0000000086a00000| PB 0x0000000086a00000| Complete 
| 107|0x0000000086b00000, 0x0000000086c00000, 0x0000000086c00000|100%| E|CS|TAMS 0x0000000086b00000| PB 0x0000000086b00000| Complete 
| 108|0x0000000086c00000, 0x0000000086d00000, 0x0000000086d00000|100%| E|CS|TAMS 0x0000000086c00000| PB 0x0000000086c00000| Complete 
| 109|0x0000000086d00000, 0x0000000086e00000, 0x0000000086e00000|100%| E|CS|TAMS 0x0000000086d00000| PB 0x0000000086d00000| Complete 
| 110|0x0000000086e00000, 0x0000000086f00000, 0x0000000086f00000|100%| E|CS|TAMS 0x0000000086e00000| PB 0x0000000086e00000| Complete 
| 111|0x0000000086f00000, 0x0000000087000000, 0x0000000087000000|100%| E|CS|TAMS 0x0000000086f00000| PB 0x0000000086f00000| Complete 
| 112|0x0000000087000000, 0x0000000087100000, 0x0000000087100000|100%| E|CS|TAMS 0x0000000087000000| PB 0x0000000087000000| Complete 
| 113|0x0000000087100000, 0x0000000087200000, 0x0000000087200000|100%| E|CS|TAMS 0x0000000087100000| PB 0x0000000087100000| Complete 
| 114|0x0000000087200000, 0x0000000087300000, 0x0000000087300000|100%| E|CS|TAMS 0x0000000087200000| PB 0x0000000087200000| Complete 
| 115|0x0000000087300000, 0x000000008732bef0, 0x0000000087400000| 17%| S|CS|TAMS 0x0000000087300000| PB 0x0000000087300000| Complete 
| 116|0x0000000087400000, 0x0000000087500000, 0x0000000087500000|100%| S|CS|TAMS 0x0000000087400000| PB 0x0000000087400000| Complete 
| 117|0x0000000087500000, 0x0000000087600000, 0x0000000087600000|100%| S|CS|TAMS 0x0000000087500000| PB 0x0000000087500000| Complete 
| 118|0x0000000087600000, 0x0000000087700000, 0x0000000087700000|100%| S|CS|TAMS 0x0000000087600000| PB 0x0000000087600000| Complete 
| 119|0x0000000087700000, 0x0000000087800000, 0x0000000087800000|100%| E|CS|TAMS 0x0000000087700000| PB 0x0000000087700000| Complete 
| 120|0x0000000087800000, 0x0000000087900000, 0x0000000087900000|100%| E|CS|TAMS 0x0000000087800000| PB 0x0000000087800000| Complete 
| 121|0x0000000087900000, 0x0000000087a00000, 0x0000000087a00000|100%| E|CS|TAMS 0x0000000087900000| PB 0x0000000087900000| Complete 
| 122|0x0000000087a00000, 0x0000000087b00000, 0x0000000087b00000|100%| E|CS|TAMS 0x0000000087a00000| PB 0x0000000087a00000| Complete 
| 123|0x0000000087b00000, 0x0000000087c00000, 0x0000000087c00000|100%| E|CS|TAMS 0x0000000087b00000| PB 0x0000000087b00000| Complete 
| 124|0x0000000087c00000, 0x0000000087d00000, 0x0000000087d00000|100%| E|CS|TAMS 0x0000000087c00000| PB 0x0000000087c00000| Complete 
| 125|0x0000000087d00000, 0x0000000087e00000, 0x0000000087e00000|100%| E|CS|TAMS 0x0000000087d00000| PB 0x0000000087d00000| Complete 
| 126|0x0000000087e00000, 0x0000000087f00000, 0x0000000087f00000|100%| E|CS|TAMS 0x0000000087e00000| PB 0x0000000087e00000| Complete 
| 127|0x0000000087f00000, 0x0000000088000000, 0x0000000088000000|100%| E|CS|TAMS 0x0000000087f00000| PB 0x0000000087f00000| Complete 
| 128|0x0000000088000000, 0x0000000088100000, 0x0000000088100000|100%| E|CS|TAMS 0x0000000088000000| PB 0x0000000088000000| Complete 
| 129|0x0000000088100000, 0x0000000088200000, 0x0000000088200000|100%| E|CS|TAMS 0x0000000088100000| PB 0x0000000088100000| Complete 
| 130|0x0000000088200000, 0x0000000088300000, 0x0000000088300000|100%| E|CS|TAMS 0x0000000088200000| PB 0x0000000088200000| Complete 
| 131|0x0000000088300000, 0x0000000088400000, 0x0000000088400000|100%| E|CS|TAMS 0x0000000088300000| PB 0x0000000088300000| Complete 
| 132|0x0000000088400000, 0x0000000088500000, 0x0000000088500000|100%| E|CS|TAMS 0x0000000088400000| PB 0x0000000088400000| Complete 
| 133|0x0000000088500000, 0x0000000088600000, 0x0000000088600000|100%| E|CS|TAMS 0x0000000088500000| PB 0x0000000088500000| Complete 
| 134|0x0000000088600000, 0x0000000088700000, 0x0000000088700000|100%| E|CS|TAMS 0x0000000088600000| PB 0x0000000088600000| Complete 
| 135|0x0000000088700000, 0x0000000088800000, 0x0000000088800000|100%| E|CS|TAMS 0x0000000088700000| PB 0x0000000088700000| Complete 
| 136|0x0000000088800000, 0x0000000088900000, 0x0000000088900000|100%| E|CS|TAMS 0x0000000088800000| PB 0x0000000088800000| Complete 
| 137|0x0000000088900000, 0x0000000088a00000, 0x0000000088a00000|100%| E|CS|TAMS 0x0000000088900000| PB 0x0000000088900000| Complete 
| 138|0x0000000088a00000, 0x0000000088b00000, 0x0000000088b00000|100%| E|CS|TAMS 0x0000000088a00000| PB 0x0000000088a00000| Complete 
| 139|0x0000000088b00000, 0x0000000088c00000, 0x0000000088c00000|100%| E|CS|TAMS 0x0000000088b00000| PB 0x0000000088b00000| Complete 
| 140|0x0000000088c00000, 0x0000000088d00000, 0x0000000088d00000|100%| E|CS|TAMS 0x0000000088c00000| PB 0x0000000088c00000| Complete 
| 141|0x0000000088d00000, 0x0000000088e00000, 0x0000000088e00000|100%| E|CS|TAMS 0x0000000088d00000| PB 0x0000000088d00000| Complete 
| 142|0x0000000088e00000, 0x0000000088f00000, 0x0000000088f00000|100%| E|CS|TAMS 0x0000000088e00000| PB 0x0000000088e00000| Complete 
| 143|0x0000000088f00000, 0x0000000089000000, 0x0000000089000000|100%| E|CS|TAMS 0x0000000088f00000| PB 0x0000000088f00000| Complete 
| 144|0x0000000089000000, 0x0000000089100000, 0x0000000089100000|100%| E|CS|TAMS 0x0000000089000000| PB 0x0000000089000000| Complete 
| 145|0x0000000089100000, 0x0000000089200000, 0x0000000089200000|100%| E|CS|TAMS 0x0000000089100000| PB 0x0000000089100000| Complete 
| 146|0x0000000089200000, 0x0000000089300000, 0x0000000089300000|100%| E|CS|TAMS 0x0000000089200000| PB 0x0000000089200000| Complete 
|2036|0x00000000ff400000, 0x00000000ff500000, 0x00000000ff500000|100%| O|  |TAMS 0x00000000ff400000| PB 0x00000000ff400000| Untracked 
|2037|0x00000000ff500000, 0x00000000ff600000, 0x00000000ff600000|100%| O|  |TAMS 0x00000000ff500000| PB 0x00000000ff500000| Untracked 
|2038|0x00000000ff600000, 0x00000000ff700000, 0x00000000ff700000|100%| O|  |TAMS 0x00000000ff600000| PB 0x00000000ff600000| Untracked 
|2039|0x00000000ff700000, 0x00000000ff800000, 0x00000000ff800000|100%| O|  |TAMS 0x00000000ff700000| PB 0x00000000ff700000| Untracked 
|2040|0x00000000ff800000, 0x00000000ff900000, 0x00000000ff900000|100%| O|  |TAMS 0x00000000ff800000| PB 0x00000000ff800000| Untracked 
|2041|0x00000000ff900000, 0x00000000ffa00000, 0x00000000ffa00000|100%| O|Cm|TAMS 0x00000000ff900000| PB 0x00000000ff900000| Complete 
|2042|0x00000000ffa00000, 0x00000000ffb00000, 0x00000000ffb00000|100%| O|  |TAMS 0x00000000ffa00000| PB 0x00000000ffa00000| Untracked 
|2043|0x00000000ffb00000, 0x00000000ffc00000, 0x00000000ffc00000|100%| O|  |TAMS 0x00000000ffb00000| PB 0x00000000ffb00000| Untracked 
|2044|0x00000000ffc00000, 0x00000000ffd00000, 0x00000000ffd00000|100%| O|  |TAMS 0x00000000ffc00000| PB 0x00000000ffc00000| Untracked 
|2045|0x00000000ffd00000, 0x00000000ffe00000, 0x00000000ffe00000|100%| O|  |TAMS 0x00000000ffd00000| PB 0x00000000ffd00000| Untracked 
|2046|0x00000000ffe00000, 0x00000000fff00000, 0x00000000fff00000|100%| O|  |TAMS 0x00000000ffe00000| PB 0x00000000ffe00000| Untracked 
|2047|0x00000000fff00000, 0x0000000100000000, 0x0000000100000000|100%| O|  |TAMS 0x00000000fff00000| PB 0x00000000fff00000| Untracked 

Card table byte_map: [0x000002b594970000,0x000002b594d70000] _byte_map_base: 0x000002b594570000

Marking Bits: (CMBitMap*) 0x000002b582143160
 Bits: [0x000002b594d70000, 0x000002b596d70000)

Polling page: 0x000002b5818b0000

Metaspace:

Usage:
  Non-class:     60.34 MB used.
      Class:      9.57 MB used.
       Both:     69.90 MB used.

Virtual space:
  Non-class space:       64.00 MB reserved,      61.19 MB ( 96%) committed,  1 nodes.
      Class space:        1.00 GB reserved,      10.50 MB (  1%) committed,  1 nodes.
             Both:        1.06 GB reserved,      71.69 MB (  7%) committed. 

Chunk freelists:
   Non-Class:  2.75 MB
       Class:  5.54 MB
        Both:  8.29 MB

MaxMetaspaceSize: unlimited
CompressedClassSpaceSize: 1.00 GB
Initial GC threshold: 21.00 MB
Current GC threshold: 105.62 MB
CDS: off
 - commit_granule_bytes: 65536.
 - commit_granule_words: 8192.
 - virtual_space_node_default_size: 8388608.
 - enlarge_chunks_in_place: 1.
 - use_allocation_guard: 0.


Internal statistics:

num_allocs_failed_limit: 6.
num_arena_births: 3390.
num_arena_deaths: 0.
num_vsnodes_births: 2.
num_vsnodes_deaths: 0.
num_space_committed: 1147.
num_space_uncommitted: 0.
num_chunks_returned_to_freelist: 6.
num_chunks_taken_from_freelist: 6422.
num_chunk_merges: 6.
num_chunk_splits: 4141.
num_chunks_enlarged: 2519.
num_inconsistent_stats: 0.

CodeHeap 'non-profiled nmethods': size=120000Kb used=3469Kb max_used=3469Kb free=116530Kb
 bounds [0x000002b58cd10000, 0x000002b58d080000, 0x000002b594240000]
CodeHeap 'profiled nmethods': size=120000Kb used=10865Kb max_used=10865Kb free=109134Kb
 bounds [0x000002b585240000, 0x000002b585ce0000, 0x000002b58c770000]
CodeHeap 'non-nmethods': size=5760Kb used=2745Kb max_used=2817Kb free=3014Kb
 bounds [0x000002b58c770000, 0x000002b58ca40000, 0x000002b58cd10000]
 total_blobs=6613 nmethods=5724 adapters=793
 compilation: enabled
              stopped_count=0, restarted_count=0
 full_count=0

Compilation events (20 events):
Event: 7.401 Thread 0x000002b5999cbd50 6580       3       org.gradle.internal.operations.DefaultBuildOperationRunner$DefaultBuildOperationContext::<init> (15 bytes)
Event: 7.401 Thread 0x000002b5999cbd50 nmethod 6580 0x000002b585cc3610 code [0x000002b585cc37c0, 0x000002b585cc39e0]
Event: 7.402 Thread 0x000002b5999cbd50 6581       3       org.gradle.internal.operations.OperationIdentifier::<init> (26 bytes)
Event: 7.402 Thread 0x000002b5999cbd50 nmethod 6581 0x000002b585cc3a90 code [0x000002b585cc3c40, 0x000002b585cc3ea0]
Event: 7.402 Thread 0x000002b5999cbd50 6582       3       org.gradle.internal.operations.BuildOperationDescriptor::<init> (18 bytes)
Event: 7.402 Thread 0x000002b5999cbd50 nmethod 6582 0x000002b585cc3f90 code [0x000002b585cc4140, 0x000002b585cc42a8]
Event: 7.402 Thread 0x000002b5999cbd50 6583       3       org.gradle.internal.operations.DefaultBuildOperationAncestryTracker::started (26 bytes)
Event: 7.403 Thread 0x000002b5999cbd50 nmethod 6583 0x000002b585cc4390 code [0x000002b585cc4540, 0x000002b585cc4788]
Event: 7.408 Thread 0x000002b5999cbd50 6584       3       org.gradle.internal.operations.BuildOperationState::<init> (26 bytes)
Event: 7.408 Thread 0x000002b5999cbd50 nmethod 6584 0x000002b585cc4890 code [0x000002b585cc4a40, 0x000002b585cc4d70]
Event: 7.408 Thread 0x000002b5999cbd50 6585       3       org.gradle.internal.operations.BuildOperationProgressEventListenerAdapter::<init> (20 bytes)
Event: 7.408 Thread 0x000002b5999cbd50 nmethod 6585 0x000002b585cc4e90 code [0x000002b585cc5040, 0x000002b585cc52c0]
Event: 7.408 Thread 0x000002b5999cbd50 6586       3       org.gradle.tooling.internal.provider.runner.PluginApplicationTracker::started (152 bytes)
Event: 7.409 Thread 0x000002b5999cbd50 nmethod 6586 0x000002b585cc5390 code [0x000002b585cc57e0, 0x000002b585cc7bf8]
Event: 7.410 Thread 0x000002b5999cbd50 6588       3       org.gradle.internal.operations.DefaultBuildOperationListenerManager$1::started (47 bytes)
Event: 7.410 Thread 0x000002b5999cbd50 nmethod 6588 0x000002b585cc8690 code [0x000002b585cc8880, 0x000002b585cc8db0]
Event: 7.410 Thread 0x000002b5999cbd50 6587       3       org.gradle.internal.service.scopes.WorkerSharedGlobalScopeServices::lambda$createBuildOperationRunner$0 (11 bytes)
Event: 7.410 Thread 0x000002b5999cbd50 nmethod 6587 0x000002b585cc8f90 code [0x000002b585cc9140, 0x000002b585cc9458]
Event: 7.410 Thread 0x000002b5999cbd50 6589       3       org.gradle.tooling.internal.provider.runner.TaskOperationMapper$PostProcessors::started (43 bytes)
Event: 7.410 Thread 0x000002b5999cbd50 nmethod 6589 0x000002b585cc9590 code [0x000002b585cc9780, 0x000002b585cc9d18]

GC Heap History (20 events):
Event: 3.571 GC heap before
{Heap before GC invocations=9 (full 0):
 garbage-first heap   total 71680K, used 69327K [0x0000000080000000, 0x0000000100000000)
  region size 1024K, 20 young (20480K), 5 survivors (5120K)
 Metaspace       used 36166K, committed 37120K, reserved 1114112K
  class space    used 4896K, committed 5376K, reserved 1048576K
}
Event: 3.577 GC heap after
{Heap after GC invocations=10 (full 0):
 garbage-first heap   total 97280K, used 60319K [0x0000000080000000, 0x0000000100000000)
  region size 1024K, 5 young (5120K), 5 survivors (5120K)
 Metaspace       used 36166K, committed 37120K, reserved 1114112K
  class space    used 4896K, committed 5376K, reserved 1048576K
}
Event: 3.887 GC heap before
{Heap before GC invocations=10 (full 0):
 garbage-first heap   total 97280K, used 84895K [0x0000000080000000, 0x0000000100000000)
  region size 1024K, 29 young (29696K), 5 survivors (5120K)
 Metaspace       used 39529K, committed 40512K, reserved 1114112K
  class space    used 5400K, committed 5888K, reserved 1048576K
}
Event: 3.890 GC heap after
{Heap after GC invocations=11 (full 0):
 garbage-first heap   total 97280K, used 61408K [0x0000000080000000, 0x0000000100000000)
  region size 1024K, 2 young (2048K), 2 survivors (2048K)
 Metaspace       used 39529K, committed 40512K, reserved 1114112K
  class space    used 5400K, committed 5888K, reserved 1048576K
}
Event: 4.245 GC heap before
{Heap before GC invocations=11 (full 0):
 garbage-first heap   total 97280K, used 84960K [0x0000000080000000, 0x0000000100000000)
  region size 1024K, 26 young (26624K), 2 survivors (2048K)
 Metaspace       used 44897K, committed 45888K, reserved 1114112K
  class space    used 6008K, committed 6464K, reserved 1048576K
}
Event: 4.248 GC heap after
{Heap after GC invocations=12 (full 0):
 garbage-first heap   total 97280K, used 64097K [0x0000000080000000, 0x0000000100000000)
  region size 1024K, 4 young (4096K), 4 survivors (4096K)
 Metaspace       used 44897K, committed 45888K, reserved 1114112K
  class space    used 6008K, committed 6464K, reserved 1048576K
}
Event: 4.396 GC heap before
{Heap before GC invocations=13 (full 0):
 garbage-first heap   total 107520K, used 85601K [0x0000000080000000, 0x0000000100000000)
  region size 1024K, 26 young (26624K), 4 survivors (4096K)
 Metaspace       used 45800K, committed 46848K, reserved 1114112K
  class space    used 6074K, committed 6592K, reserved 1048576K
}
Event: 4.400 GC heap after
{Heap after GC invocations=14 (full 0):
 garbage-first heap   total 107520K, used 66851K [0x0000000080000000, 0x0000000100000000)
  region size 1024K, 3 young (3072K), 3 survivors (3072K)
 Metaspace       used 45800K, committed 46848K, reserved 1114112K
  class space    used 6074K, committed 6592K, reserved 1048576K
}
Event: 4.788 GC heap before
{Heap before GC invocations=14 (full 0):
 garbage-first heap   total 107520K, used 99619K [0x0000000080000000, 0x0000000100000000)
  region size 1024K, 31 young (31744K), 3 survivors (3072K)
 Metaspace       used 49365K, committed 50496K, reserved 1114112K
  class space    used 6477K, committed 7040K, reserved 1048576K
}
Event: 4.793 GC heap after
{Heap after GC invocations=15 (full 0):
 garbage-first heap   total 129024K, used 68369K [0x0000000080000000, 0x0000000100000000)
  region size 1024K, 4 young (4096K), 4 survivors (4096K)
 Metaspace       used 49365K, committed 50496K, reserved 1114112K
  class space    used 6477K, committed 7040K, reserved 1048576K
}
Event: 5.301 GC heap before
{Heap before GC invocations=15 (full 0):
 garbage-first heap   total 129024K, used 111377K [0x0000000080000000, 0x0000000100000000)
  region size 1024K, 46 young (47104K), 4 survivors (4096K)
 Metaspace       used 54326K, committed 55936K, reserved 1114112K
  class space    used 7299K, committed 8064K, reserved 1048576K
}
Event: 5.305 GC heap after
{Heap after GC invocations=16 (full 0):
 garbage-first heap   total 129024K, used 70572K [0x0000000080000000, 0x0000000100000000)
  region size 1024K, 6 young (6144K), 6 survivors (6144K)
 Metaspace       used 54326K, committed 55936K, reserved 1114112K
  class space    used 7299K, committed 8064K, reserved 1048576K
}
Event: 5.881 GC heap before
{Heap before GC invocations=17 (full 0):
 garbage-first heap   total 129024K, used 121772K [0x0000000080000000, 0x0000000100000000)
  region size 1024K, 48 young (49152K), 6 survivors (6144K)
 Metaspace       used 57405K, committed 59008K, reserved 1114112K
  class space    used 7804K, committed 8576K, reserved 1048576K
}
Event: 5.888 GC heap after
{Heap after GC invocations=18 (full 0):
 garbage-first heap   total 135168K, used 85160K [0x0000000080000000, 0x0000000100000000)
  region size 1024K, 6 young (6144K), 6 survivors (6144K)
 Metaspace       used 57405K, committed 59008K, reserved 1114112K
  class space    used 7804K, committed 8576K, reserved 1048576K
}
Event: 6.182 GC heap before
{Heap before GC invocations=18 (full 0):
 garbage-first heap   total 135168K, used 129192K [0x0000000080000000, 0x0000000100000000)
  region size 1024K, 40 young (40960K), 6 survivors (6144K)
 Metaspace       used 59870K, committed 61504K, reserved 1114112K
  class space    used 8022K, committed 8832K, reserved 1048576K
}
Event: 6.188 GC heap after
{Heap after GC invocations=19 (full 0):
 garbage-first heap   total 139264K, used 94616K [0x0000000080000000, 0x0000000100000000)
  region size 1024K, 2 young (2048K), 2 survivors (2048K)
 Metaspace       used 59870K, committed 61504K, reserved 1114112K
  class space    used 8022K, committed 8832K, reserved 1048576K
}
Event: 6.528 GC heap before
{Heap before GC invocations=19 (full 0):
 garbage-first heap   total 139264K, used 127384K [0x0000000080000000, 0x0000000100000000)
  region size 1024K, 34 young (34816K), 2 survivors (2048K)
 Metaspace       used 62728K, committed 64448K, reserved 1114112K
  class space    used 8435K, committed 9280K, reserved 1048576K
}
Event: 6.531 GC heap after
{Heap after GC invocations=20 (full 0):
 garbage-first heap   total 139264K, used 95962K [0x0000000080000000, 0x0000000100000000)
  region size 1024K, 4 young (4096K), 4 survivors (4096K)
 Metaspace       used 62728K, committed 64448K, reserved 1114112K
  class space    used 8435K, committed 9280K, reserved 1048576K
}
Event: 6.892 GC heap before
{Heap before GC invocations=21 (full 0):
 garbage-first heap   total 162816K, used 124634K [0x0000000080000000, 0x0000000100000000)
  region size 1024K, 32 young (32768K), 4 survivors (4096K)
 Metaspace       used 66751K, committed 68544K, reserved 1114112K
  class space    used 9041K, committed 9920K, reserved 1048576K
}
Event: 6.896 GC heap after
{Heap after GC invocations=22 (full 0):
 garbage-first heap   total 162816K, used 97342K [0x0000000080000000, 0x0000000100000000)
  region size 1024K, 4 young (4096K), 4 survivors (4096K)
 Metaspace       used 66751K, committed 68544K, reserved 1114112K
  class space    used 9041K, committed 9920K, reserved 1048576K
}

Dll operation events (3 events):
Event: 0.007 Loaded shared library C:\Program Files\Android\Android Studio\jbr\bin\java.dll
Event: 0.011 Loaded shared library C:\Program Files\Android\Android Studio\jbr\bin\zip.dll
Event: 0.550 Loaded shared library C:\Program Files\Android\Android Studio\jbr\bin\verify.dll

Deoptimization events (20 events):
Event: 7.297 Thread 0x000002b59fb1b940 Uncommon trap: trap_request=0xffffffde fr.pc=0x000002b58d05525c relative=0x0000000000003c1c
Event: 7.297 Thread 0x000002b59fb1b940 Uncommon trap: reason=class_check action=maybe_recompile pc=0x000002b58d05525c method=java.net.URLClassLoader.defineClass(Ljava/lang/String;Ljdk/internal/loader/Resource;)Ljava/lang/Class; @ 34 c2
Event: 7.297 Thread 0x000002b59fb1b940 DEOPT PACKING pc=0x000002b58d05525c sp=0x000000f2f23f7440
Event: 7.297 Thread 0x000002b59fb1b940 DEOPT UNPACKING pc=0x000002b58c7c46a2 sp=0x000000f2f23f7238 mode 2
Event: 7.298 Thread 0x000002b59fb1b940 Uncommon trap: trap_request=0xffffffde fr.pc=0x000002b58d05525c relative=0x0000000000003c1c
Event: 7.298 Thread 0x000002b59fb1b940 Uncommon trap: reason=class_check action=maybe_recompile pc=0x000002b58d05525c method=java.net.URLClassLoader.defineClass(Ljava/lang/String;Ljdk/internal/loader/Resource;)Ljava/lang/Class; @ 34 c2
Event: 7.298 Thread 0x000002b59fb1b940 DEOPT PACKING pc=0x000002b58d05525c sp=0x000000f2f23f7440
Event: 7.298 Thread 0x000002b59fb1b940 DEOPT UNPACKING pc=0x000002b58c7c46a2 sp=0x000000f2f23f7238 mode 2
Event: 7.300 Thread 0x000002b59fb1b940 Uncommon trap: trap_request=0xffffffde fr.pc=0x000002b58d04a97c relative=0x0000000000003c5c
Event: 7.300 Thread 0x000002b59fb1b940 Uncommon trap: reason=class_check action=maybe_recompile pc=0x000002b58d04a97c method=java.net.URLClassLoader.defineClass(Ljava/lang/String;Ljdk/internal/loader/Resource;)Ljava/lang/Class; @ 34 c2
Event: 7.300 Thread 0x000002b59fb1b940 DEOPT PACKING pc=0x000002b58d04a97c sp=0x000000f2f23f7390
Event: 7.300 Thread 0x000002b59fb1b940 DEOPT UNPACKING pc=0x000002b58c7c46a2 sp=0x000000f2f23f72e0 mode 2
Event: 7.339 Thread 0x000002b59fb1b940 Uncommon trap: trap_request=0xffffff45 fr.pc=0x000002b58cf9a554 relative=0x0000000000000414
Event: 7.339 Thread 0x000002b59fb1b940 Uncommon trap: reason=unstable_if action=reinterpret pc=0x000002b58cf9a554 method=org.gradle.internal.reflect.PropertyAccessorType.isGetGetterName(Ljava/lang/String;)Z @ 14 c2
Event: 7.339 Thread 0x000002b59fb1b940 DEOPT PACKING pc=0x000002b58cf9a554 sp=0x000000f2f23f7cd0
Event: 7.339 Thread 0x000002b59fb1b940 DEOPT UNPACKING pc=0x000002b58c7c46a2 sp=0x000000f2f23f7c28 mode 2
Event: 7.401 Thread 0x000002b59fb1b940 Uncommon trap: trap_request=0xffffff45 fr.pc=0x000002b58d0119ac relative=0x00000000000017ec
Event: 7.401 Thread 0x000002b59fb1b940 Uncommon trap: reason=unstable_if action=reinterpret pc=0x000002b58d0119ac method=java.util.concurrent.ConcurrentHashMap.computeIfAbsent(Ljava/lang/Object;Ljava/util/function/Function;)Ljava/lang/Object; @ 123 c2
Event: 7.401 Thread 0x000002b59fb1b940 DEOPT PACKING pc=0x000002b58d0119ac sp=0x000000f2f23f8b40
Event: 7.401 Thread 0x000002b59fb1b940 DEOPT UNPACKING pc=0x000002b58c7c46a2 sp=0x000000f2f23f8ae0 mode 2

Classes loaded (20 events):
Event: 7.182 Loading class java/util/IdentityHashMap$EntrySet
Event: 7.182 Loading class java/util/IdentityHashMap$EntrySet done
Event: 7.182 Loading class java/util/IdentityHashMap$EntryIterator
Event: 7.182 Loading class java/util/IdentityHashMap$IdentityHashMapIterator
Event: 7.182 Loading class java/util/IdentityHashMap$IdentityHashMapIterator done
Event: 7.182 Loading class java/util/IdentityHashMap$EntryIterator done
Event: 7.182 Loading class java/util/IdentityHashMap$EntryIterator$Entry
Event: 7.182 Loading class java/util/IdentityHashMap$EntryIterator$Entry done
Event: 7.219 Loading class java/lang/invoke/SerializedLambda$1
Event: 7.219 Loading class java/lang/invoke/SerializedLambda$1 done
Event: 7.237 Loading class org/xml/sax/Locator
Event: 7.237 Loading class org/xml/sax/Locator done
Event: 7.237 Loading class org/xml/sax/SAXParseException
Event: 7.237 Loading class org/xml/sax/SAXParseException done
Event: 7.238 Loading class org/xml/sax/Attributes
Event: 7.238 Loading class org/xml/sax/Attributes done
Event: 7.285 Loading class java/util/DualPivotQuicksort
Event: 7.285 Loading class java/util/DualPivotQuicksort done
Event: 7.337 Loading class java/util/function/LongUnaryOperator
Event: 7.337 Loading class java/util/function/LongUnaryOperator done

Classes unloaded (0 events):
No events

Classes redefined (0 events):
No events

Internal exceptions (20 events):
Event: 7.178 Thread 0x000002b59fb1b940 Exception <a 'java/lang/NoSuchMethodError'{0x0000000087b3a1e8}: 'void java.lang.invoke.DelegatingMethodHandle$Holder.reinvoke_L(java.lang.Object, java.lang.Object, int)'> (0x0000000087b3a1e8) 
thrown [s\src\hotspot\share\interpreter\linkResolver.cpp, line 784]
Event: 7.178 Thread 0x000002b59fb1b940 Exception <a 'java/lang/NoSuchMethodError'{0x0000000087b417f0}: 'int java.lang.invoke.Invokers$Holder.invokeExact_MT(java.lang.Object, java.lang.Object, java.lang.Object)'> (0x0000000087b417f0) 
thrown [s\src\hotspot\share\interpreter\linkResolver.cpp, line 784]
Event: 7.179 Thread 0x000002b59fb1b940 Exception <a 'java/lang/NoSuchMethodError'{0x0000000087b51830}: 'long java.lang.invoke.DelegatingMethodHandle$Holder.reinvoke_L(java.lang.Object, java.lang.Object)'> (0x0000000087b51830) 
thrown [s\src\hotspot\share\interpreter\linkResolver.cpp, line 784]
Event: 7.179 Thread 0x000002b59fb1b940 Exception <a 'java/lang/NoSuchMethodError'{0x0000000087b5c148}: 'void java.lang.invoke.DelegatingMethodHandle$Holder.reinvoke_L(java.lang.Object, java.lang.Object, long)'> (0x0000000087b5c148) 
thrown [s\src\hotspot\share\interpreter\linkResolver.cpp, line 784]
Event: 7.180 Thread 0x000002b59fb1b940 Exception <a 'java/lang/NoSuchMethodError'{0x0000000087b63968}: 'long java.lang.invoke.Invokers$Holder.invokeExact_MT(java.lang.Object, java.lang.Object, java.lang.Object)'> (0x0000000087b63968) 
thrown [s\src\hotspot\share\interpreter\linkResolver.cpp, line 784]
Event: 7.209 Thread 0x000002b59fb1b940 Exception <a 'java/lang/NoSuchMethodError'{0x0000000087824c28}: 'void java.lang.invoke.Invokers$Holder.invokeExact_MT(java.lang.Object, java.lang.Object, java.lang.Object, java.lang.Object)'> (0x0000000087824c28) 
thrown [s\src\hotspot\share\interpreter\linkResolver.cpp, line 784]
Event: 7.214 Thread 0x000002b59fb1b940 Exception <a 'java/lang/ClassNotFoundException'{0x0000000087899ec8}: org/gradle/internal/serialize/codecs/core/ClosureCodec$BrokenScriptBeanInfo> (0x0000000087899ec8) 
thrown [s\src\hotspot\share\classfile\systemDictionary.cpp, line 312]
Event: 7.214 Thread 0x000002b59fb1b940 Exception <a 'java/lang/ClassNotFoundException'{0x00000000878a9f70}: org/gradle/internal/serialize/codecs/core/ClosureCodec$BrokenScriptCustomizer> (0x00000000878a9f70) 
thrown [s\src\hotspot\share\classfile\systemDictionary.cpp, line 312]
Event: 7.215 Thread 0x000002b59fb1b940 Exception <a 'java/lang/ClassNotFoundException'{0x00000000878c5ac8}: org/gradle/api/invocation/GradleBeanInfo> (0x00000000878c5ac8) 
thrown [s\src\hotspot\share\classfile\systemDictionary.cpp, line 312]
Event: 7.215 Thread 0x000002b59fb1b940 Exception <a 'java/lang/ClassNotFoundException'{0x00000000878d2da8}: org/gradle/api/invocation/GradleCustomizer> (0x00000000878d2da8) 
thrown [s\src\hotspot\share\classfile\systemDictionary.cpp, line 312]
Event: 7.218 Thread 0x000002b59fb1b940 Exception <a 'java/lang/NoSuchMethodError'{0x00000000878f4eb0}: 'void java.lang.invoke.Invokers$Holder.invokeExact_MT(java.lang.Object, java.lang.Object, int, java.lang.Object)'> (0x00000000878f4eb0) 
thrown [s\src\hotspot\share\interpreter\linkResolver.cpp, line 784]
Event: 7.221 Thread 0x000002b59fb1b940 Exception <a 'java/lang/NoSuchMethodError'{0x0000000087717a38}: 'void java.lang.invoke.Invokers$Holder.invokeExact_MT(java.lang.Object, java.lang.Object, long, java.lang.Object)'> (0x0000000087717a38) 
thrown [s\src\hotspot\share\interpreter\linkResolver.cpp, line 784]
Event: 7.231 Thread 0x000002b59fb1b940 Exception <a 'java/lang/ClassNotFoundException'{0x0000000087251bd0}: org/gradle/api/internal/project/DefaultProject_DecoratedBeanInfo> (0x0000000087251bd0) 
thrown [s\src\hotspot\share\classfile\systemDictionary.cpp, line 312]
Event: 7.231 Thread 0x000002b59fb1b940 Exception <a 'java/lang/ClassNotFoundException'{0x000000008725ddf0}: org/gradle/api/internal/project/DefaultProjectBeanInfo> (0x000000008725ddf0) 
thrown [s\src\hotspot\share\classfile\systemDictionary.cpp, line 312]
Event: 7.231 Thread 0x000002b59fb1b940 Exception <a 'java/lang/ClassNotFoundException'{0x000000008726a0c8}: org/gradle/api/internal/project/DefaultProjectCustomizer> (0x000000008726a0c8) 
thrown [s\src\hotspot\share\classfile\systemDictionary.cpp, line 312]
Event: 7.235 Thread 0x000002b59fb1b940 Exception <a 'java/lang/ClassNotFoundException'{0x00000000871285a0}: org/gradle/api/internal/project/DefaultProject_DecoratedCustomizer> (0x00000000871285a0) 
thrown [s\src\hotspot\share\classfile\systemDictionary.cpp, line 312]
Event: 7.337 Thread 0x000002b59fb1b940 Exception <a 'java/lang/NoSuchMethodError'{0x00000000869ffd08}: 'long java.lang.invoke.DirectMethodHandle$Holder.invokeStatic(java.lang.Object, long)'> (0x00000000869ffd08) 
thrown [s\src\hotspot\share\interpreter\linkResolver.cpp, line 784]
Event: 7.393 Thread 0x000002b59fb1b940 Exception <a 'java/lang/NoSuchMethodError'{0x0000000086457210}: 'java.lang.Object java.lang.invoke.DirectMethodHandle$Holder.invokeVirtual(java.lang.Object, java.lang.Object, java.lang.Object, java.lang.Object, java.lang.Object, java.lang.Object, java.lang.Object, java.lang.Object, java.lang.Object, java.lang.Object, java.lang.Object, java.lang.Object, java.lang.Object, java.lang.Object, java.lang.Object, java.lang.Object, java.lang.Object)'> (0x0000000086457210) 
thrown [s\src\hotspot\share\interpreter\li
Event: 7.393 Thread 0x000002b59fb1b940 Exception <a 'java/lang/NoSuchMethodError'{0x000000008645d380}: 'java.lang.Object java.lang.invoke.DirectMethodHandle$Holder.invokeSpecial(java.lang.Object, java.lang.Object, java.lang.Object, java.lang.Object, java.lang.Object, java.lang.Object, java.lang.Object, java.lang.Object, java.lang.Object, java.lang.Object, java.lang.Object, java.lang.Object, java.lang.Object, java.lang.Object, java.lang.Object, java.lang.Object, java.lang.Object, java.lang.Object)'> (0x000000008645d380) 
thrown [s\src\hotspot\sh
Event: 7.394 Thread 0x000002b59fb1b940 Exception <a 'java/lang/NoSuchMethodError'{0x0000000086462b88}: 'java.lang.Object java.lang.invoke.DelegatingMethodHandle$Holder.reinvoke_L(java.lang.Object, java.lang.Object, java.lang.Object, java.lang.Object, java.lang.Object, java.lang.Object, java.lang.Object, java.lang.Object, java.lang.Object, java.lang.Object, java.lang.Object, java.lang.Object, java.lang.Object, java.lang.Object, java.lang.Object, java.lang.Object, java.lang.Object)'> (0x0000000086462b88) 
thrown [s\src\hotspot\share\interpreter\l

ZGC Phase Switch (0 events):
No events

VM Operations (20 events):
Event: 6.182 Executing VM operation: G1CollectForAllocation (G1 Evacuation Pause)
Event: 6.188 Executing VM operation: G1CollectForAllocation (G1 Evacuation Pause) done
Event: 6.528 Executing VM operation: G1CollectForAllocation (G1 Evacuation Pause)
Event: 6.531 Executing VM operation: G1CollectForAllocation (G1 Evacuation Pause) done
Event: 6.565 Executing VM operation: G1PauseRemark
Event: 6.568 Executing VM operation: G1PauseRemark done
Event: 6.582 Executing VM operation: G1PauseCleanup
Event: 6.582 Executing VM operation: G1PauseCleanup done
Event: 6.892 Executing VM operation: G1CollectForAllocation (G1 Evacuation Pause)
Event: 6.896 Executing VM operation: G1CollectForAllocation (G1 Evacuation Pause) done
Event: 6.954 Executing VM operation: HandshakeAllThreads (Deoptimize)
Event: 6.954 Executing VM operation: HandshakeAllThreads (Deoptimize) done
Event: 7.018 Executing VM operation: HandshakeAllThreads (Deoptimize)
Event: 7.018 Executing VM operation: HandshakeAllThreads (Deoptimize) done
Event: 7.122 Executing VM operation: HandshakeAllThreads (Deoptimize)
Event: 7.122 Executing VM operation: HandshakeAllThreads (Deoptimize) done
Event: 7.193 Executing VM operation: HandshakeAllThreads (Deoptimize)
Event: 7.193 Executing VM operation: HandshakeAllThreads (Deoptimize) done
Event: 7.217 Executing VM operation: ICBufferFull
Event: 7.217 Executing VM operation: ICBufferFull done

Memory protections (0 events):
No events

Nmethod flushes (20 events):
Event: 6.567 Thread 0x000002b5997eeb80 flushing  nmethod 0x000002b58530ae90
Event: 6.567 Thread 0x000002b5997eeb80 flushing  nmethod 0x000002b5853daa10
Event: 6.567 Thread 0x000002b5997eeb80 flushing  nmethod 0x000002b585405f90
Event: 6.567 Thread 0x000002b5997eeb80 flushing  nmethod 0x000002b58540b190
Event: 6.567 Thread 0x000002b5997eeb80 flushing  nmethod 0x000002b58540d010
Event: 6.567 Thread 0x000002b5997eeb80 flushing  nmethod 0x000002b585584c10
Event: 6.567 Thread 0x000002b5997eeb80 flushing  nmethod 0x000002b585585810
Event: 6.567 Thread 0x000002b5997eeb80 flushing  nmethod 0x000002b585587690
Event: 6.567 Thread 0x000002b5997eeb80 flushing  nmethod 0x000002b5856f2810
Event: 6.567 Thread 0x000002b5997eeb80 flushing  nmethod 0x000002b5856f7590
Event: 6.567 Thread 0x000002b5997eeb80 flushing  nmethod 0x000002b5856f8410
Event: 6.567 Thread 0x000002b5997eeb80 flushing  nmethod 0x000002b58577bb10
Event: 6.567 Thread 0x000002b5997eeb80 flushing  nmethod 0x000002b58577bf10
Event: 6.567 Thread 0x000002b5997eeb80 flushing  nmethod 0x000002b58577c310
Event: 6.567 Thread 0x000002b5997eeb80 flushing  nmethod 0x000002b5857e4c90
Event: 6.567 Thread 0x000002b5997eeb80 flushing  nmethod 0x000002b5857e6110
Event: 6.567 Thread 0x000002b5997eeb80 flushing  nmethod 0x000002b5857e9c90
Event: 6.567 Thread 0x000002b5997eeb80 flushing  nmethod 0x000002b585894810
Event: 6.567 Thread 0x000002b5997eeb80 flushing  nmethod 0x000002b5858ff990
Event: 6.567 Thread 0x000002b5997eeb80 flushing  nmethod 0x000002b585a3b090

Events (20 events):
Event: 4.981 Thread 0x000002b59fb1b940 Thread added: 0x000002b5a28a6e60
Event: 5.525 Thread 0x000002b59fb1b940 Thread added: 0x000002b5a28a5ab0
Event: 5.526 Thread 0x000002b59fb1b940 Thread added: 0x000002b5a28a6140
Event: 5.560 Thread 0x000002b59fb1b940 Thread added: 0x000002b599b4f6e0
Event: 5.561 Thread 0x000002b59fb1b940 Thread added: 0x000002b59e47a390
Event: 5.708 Thread 0x000002b59fb1b940 Thread added: 0x000002b59e47b0b0
Event: 5.709 Thread 0x000002b59fb1b940 Thread added: 0x000002b59e479670
Event: 5.710 Thread 0x000002b59fb1b940 Thread added: 0x000002b59e47aa20
Event: 5.710 Thread 0x000002b59fb1b940 Thread added: 0x000002b59e47b740
Event: 5.711 Thread 0x000002b59fb1b940 Thread added: 0x000002b59e47bdd0
Event: 5.712 Thread 0x000002b59fb1b940 Thread added: 0x000002b59e47c460
Event: 5.712 Thread 0x000002b59fb1b940 Thread added: 0x000002b59e478fe0
Event: 5.734 Thread 0x000002b59fb1b940 Thread added: 0x000002b59e47f8e0
Event: 5.735 Thread 0x000002b59fb1b940 Thread added: 0x000002b59e47ff70
Event: 5.735 Thread 0x000002b59fb1b940 Thread added: 0x000002b59e47f250
Event: 5.736 Thread 0x000002b59fb1b940 Thread added: 0x000002b59e47caf0
Event: 5.736 Thread 0x000002b59fb1b940 Thread added: 0x000002b59e480600
Event: 5.737 Thread 0x000002b59fb1b940 Thread added: 0x000002b59e47d810
Event: 5.737 Thread 0x000002b59fb1b940 Thread added: 0x000002b59e47d180
Event: 6.681 Thread 0x000002b59e1554e0 Thread exited: 0x000002b59e1554e0


Dynamic libraries:
0x00007ff618a70000 - 0x00007ff618a7a000 	C:\Program Files\Android\Android Studio\jbr\bin\java.exe
0x00007ffae2ea0000 - 0x00007ffae3107000 	C:\WINDOWS\SYSTEM32\ntdll.dll
0x00007ffae0d30000 - 0x00007ffae0df9000 	C:\WINDOWS\System32\KERNEL32.DLL
0x00007ffae06f0000 - 0x00007ffae0adf000 	C:\WINDOWS\System32\KERNELBASE.dll
0x00007ffae0180000 - 0x00007ffae02cb000 	C:\WINDOWS\System32\ucrtbase.dll
0x00007ffad7600000 - 0x00007ffad761b000 	C:\Program Files\Android\Android Studio\jbr\bin\VCRUNTIME140.dll
0x00007ffab2b40000 - 0x00007ffab2b58000 	C:\Program Files\Android\Android Studio\jbr\bin\jli.dll
0x00007ffae2890000 - 0x00007ffae2a55000 	C:\WINDOWS\System32\USER32.dll
0x00007ffac8990000 - 0x00007ffac8c23000 	C:\WINDOWS\WinSxS\amd64_microsoft.windows.common-controls_6595b64144ccf1df_6.0.26100.7309_none_3e05feeae336a044\COMCTL32.dll
0x00007ffae00a0000 - 0x00007ffae00c7000 	C:\WINDOWS\System32\win32u.dll
0x00007ffae2a60000 - 0x00007ffae2b09000 	C:\WINDOWS\System32\msvcrt.dll
0x00007ffae0c40000 - 0x00007ffae0c6b000 	C:\WINDOWS\System32\GDI32.dll
0x00007ffae02d0000 - 0x00007ffae03fc000 	C:\WINDOWS\System32\gdi32full.dll
0x00007ffadfff0000 - 0x00007ffae0093000 	C:\WINDOWS\System32\msvcp_win.dll
0x00007ffae0e00000 - 0x00007ffae0e31000 	C:\WINDOWS\System32\IMM32.DLL
0x00007ffaceca0000 - 0x00007ffacecac000 	C:\Program Files\Android\Android Studio\jbr\bin\vcruntime140_1.dll
0x00007ffa68640000 - 0x00007ffa686cd000 	C:\Program Files\Android\Android Studio\jbr\bin\msvcp140.dll
0x00007ffa56080000 - 0x00007ffa56d0b000 	C:\Program Files\Android\Android Studio\jbr\bin\server\jvm.dll
0x00007ffae0c70000 - 0x00007ffae0d24000 	C:\WINDOWS\System32\ADVAPI32.dll
0x00007ffae15a0000 - 0x00007ffae1646000 	C:\WINDOWS\System32\sechost.dll
0x00007ffae2660000 - 0x00007ffae2778000 	C:\WINDOWS\System32\RPCRT4.dll
0x00007ffae1f20000 - 0x00007ffae1f94000 	C:\WINDOWS\System32\WS2_32.dll
0x00007ffadfe50000 - 0x00007ffadfeae000 	C:\WINDOWS\SYSTEM32\POWRPROF.dll
0x00007ffad0950000 - 0x00007ffad095b000 	C:\WINDOWS\SYSTEM32\VERSION.dll
0x00007ffac3d60000 - 0x00007ffac3d95000 	C:\WINDOWS\SYSTEM32\WINMM.dll
0x00007ffadfe30000 - 0x00007ffadfe44000 	C:\WINDOWS\SYSTEM32\UMPDC.dll
0x00007ffadeda0000 - 0x00007ffadedbb000 	C:\WINDOWS\SYSTEM32\kernel.appcore.dll
0x00007ffac9e60000 - 0x00007ffac9e6a000 	C:\Program Files\Android\Android Studio\jbr\bin\jimage.dll
0x00007ffada650000 - 0x00007ffada892000 	C:\WINDOWS\SYSTEM32\DBGHELP.DLL
0x00007ffae1ff0000 - 0x00007ffae2375000 	C:\WINDOWS\System32\combase.dll
0x00007ffae18e0000 - 0x00007ffae19b6000 	C:\WINDOWS\System32\OLEAUT32.dll
0x00007ffab7170000 - 0x00007ffab71ac000 	C:\WINDOWS\SYSTEM32\dbgcore.DLL
0x00007ffae00d0000 - 0x00007ffae0175000 	C:\WINDOWS\System32\bcryptPrimitives.dll
0x00007ffad9860000 - 0x00007ffad986e000 	C:\Program Files\Android\Android Studio\jbr\bin\instrument.dll
0x00007ffac9b50000 - 0x00007ffac9b70000 	C:\Program Files\Android\Android Studio\jbr\bin\java.dll
0x00007ffac7570000 - 0x00007ffac7588000 	C:\Program Files\Android\Android Studio\jbr\bin\zip.dll
0x00007ffae0e40000 - 0x00007ffae1593000 	C:\WINDOWS\System32\SHELL32.dll
0x00007ffae0400000 - 0x00007ffae056a000 	C:\WINDOWS\System32\wintypes.dll
0x00007ffaddbc0000 - 0x00007ffade41e000 	C:\WINDOWS\SYSTEM32\windows.storage.dll
0x00007ffae17d0000 - 0x00007ffae18c5000 	C:\WINDOWS\System32\SHCORE.dll
0x00007ffae2560000 - 0x00007ffae25c6000 	C:\WINDOWS\System32\shlwapi.dll
0x00007ffadff10000 - 0x00007ffadff39000 	C:\WINDOWS\SYSTEM32\profapi.dll
0x00007ffac7560000 - 0x00007ffac7570000 	C:\Program Files\Android\Android Studio\jbr\bin\net.dll
0x00007ffad1150000 - 0x00007ffad1278000 	C:\WINDOWS\SYSTEM32\WINHTTP.dll
0x00007ffadf310000 - 0x00007ffadf37b000 	C:\WINDOWS\system32\mswsock.dll
0x00007ffac73f0000 - 0x00007ffac7406000 	C:\Program Files\Android\Android Studio\jbr\bin\nio.dll
0x00007ffac4b30000 - 0x00007ffac4b40000 	C:\Program Files\Android\Android Studio\jbr\bin\verify.dll
0x00007ffac9b80000 - 0x00007ffac9ba7000 	C:\Users\Asus\Downloads\gradle\gradle-9.0.0\native\1def1411415f61bf3af743bc5b6707747c0891f09f0c88961ee8f79bc544acac\windows-amd64\native-platform.dll
0x00007ffac4e70000 - 0x00007ffac4ee8000 	C:\Users\Asus\Downloads\gradle\gradle-9.0.0\native\0.2.7\x86_64-windows-gnu\gradle-fileevents.dll
0x00007ffac5590000 - 0x00007ffac5599000 	C:\Program Files\Android\Android Studio\jbr\bin\management.dll
0x00007ffac54e0000 - 0x00007ffac54eb000 	C:\Program Files\Android\Android Studio\jbr\bin\management_ext.dll
0x00007ffae1650000 - 0x00007ffae1658000 	C:\WINDOWS\System32\PSAPI.DLL
0x00007ffade820000 - 0x00007ffade854000 	C:\WINDOWS\SYSTEM32\IPHLPAPI.DLL
0x00007ffae25f0000 - 0x00007ffae25fa000 	C:\WINDOWS\System32\NSI.dll
0x00007ffac5e20000 - 0x00007ffac5e29000 	C:\Program Files\Android\Android Studio\jbr\bin\extnet.dll
0x00007ffadf5d0000 - 0x00007ffadf5eb000 	C:\WINDOWS\SYSTEM32\CRYPTSP.dll
0x00007ffaded00000 - 0x00007ffaded3a000 	C:\WINDOWS\system32\rsaenh.dll
0x00007ffadf3c0000 - 0x00007ffadf3eb000 	C:\WINDOWS\SYSTEM32\USERENV.dll
0x00007ffadfee0000 - 0x00007ffadff0a000 	C:\WINDOWS\SYSTEM32\bcrypt.dll
0x00007ffadf5f0000 - 0x00007ffadf5fc000 	C:\WINDOWS\SYSTEM32\CRYPTBASE.dll
0x00007ffa76600000 - 0x00007ffa76608000 	C:\WINDOWS\system32\wshunix.dll

dbghelp: loaded successfully - version: 4.0.5 - missing functions: none
symbol engine: initialized successfully - sym options: 0x614 - pdb path: .;C:\Program Files\Android\Android Studio\jbr\bin;C:\WINDOWS\SYSTEM32;C:\WINDOWS\WinSxS\amd64_microsoft.windows.common-controls_6595b64144ccf1df_6.0.26100.7309_none_3e05feeae336a044;C:\Program Files\Android\Android Studio\jbr\bin\server;C:\Users\Asus\Downloads\gradle\gradle-9.0.0\native\1def1411415f61bf3af743bc5b6707747c0891f09f0c88961ee8f79bc544acac\windows-amd64;C:\Users\Asus\Downloads\gradle\gradle-9.0.0\native\0.2.7\x86_64-windows-gnu

VM Arguments:
jvm_args: --add-opens=java.base/java.lang=ALL-UNNAMED --add-opens=java.base/java.lang.invoke=ALL-UNNAMED --add-opens=java.base/java.util=ALL-UNNAMED --add-opens=java.prefs/java.util.prefs=ALL-UNNAMED --add-exports=jdk.compiler/com.sun.tools.javac.api=ALL-UNNAMED --add-exports=jdk.compiler/com.sun.tools.javac.util=ALL-UNNAMED --add-opens=java.base/java.util=ALL-UNNAMED --add-opens=java.prefs/java.util.prefs=ALL-UNNAMED --add-opens=java.base/java.nio.charset=ALL-UNNAMED --add-opens=java.base/java.net=ALL-UNNAMED --add-opens=java.base/java.util.concurrent.atomic=ALL-UNNAMED --add-opens=java.xml/javax.xml.namespace=ALL-UNNAMED -Xmx2048m -Dfile.encoding=UTF-8 -Duser.country=US -Duser.language=en -Duser.variant -javaagent:C:\Users\Asus\Downloads\gradle\gradle-9.0.0\wrapper\dists\gradle-8.13-bin\5xuhj0ry160q40clulazy9h7d\gradle-8.13\lib\agents\gradle-instrumentation-agent-8.13.jar 
java_command: org.gradle.launcher.daemon.bootstrap.GradleDaemon 8.13
java_class_path (initial): C:\Users\Asus\Downloads\gradle\gradle-9.0.0\wrapper\dists\gradle-8.13-bin\5xuhj0ry160q40clulazy9h7d\gradle-8.13\lib\gradle-daemon-main-8.13.jar
Launcher Type: SUN_STANDARD

[Global flags]
     intx CICompilerCount                          = 4                                         {product} {ergonomic}
     uint ConcGCThreads                            = 2                                         {product} {ergonomic}
     uint G1ConcRefinementThreads                  = 8                                         {product} {ergonomic}
   size_t G1HeapRegionSize                         = 1048576                                   {product} {ergonomic}
    uintx GCDrainStackTargetSize                   = 64                                        {product} {ergonomic}
   size_t InitialHeapSize                          = 132120576                                 {product} {ergonomic}
   size_t MarkStackSize                            = 4194304                                   {product} {ergonomic}
   size_t MaxHeapSize                              = 2147483648                                {product} {command line}
   size_t MaxNewSize                               = 1287651328                                {product} {ergonomic}
   size_t MinHeapDeltaBytes                        = 1048576                                   {product} {ergonomic}
   size_t MinHeapSize                              = 8388608                                   {product} {ergonomic}
    uintx NonNMethodCodeHeapSize                   = 5839372                                {pd product} {ergonomic}
    uintx NonProfiledCodeHeapSize                  = 122909434                              {pd product} {ergonomic}
    uintx ProfiledCodeHeapSize                     = 122909434                              {pd product} {ergonomic}
    uintx ReservedCodeCacheSize                    = 251658240                              {pd product} {ergonomic}
     bool SegmentedCodeCache                       = true                                      {product} {ergonomic}
   size_t SoftMaxHeapSize                          = 2147483648                             {manageable} {ergonomic}
     bool UseCompressedOops                        = true                           {product lp64_product} {ergonomic}
     bool UseG1GC                                  = true                                      {product} {ergonomic}
     bool UseLargePagesIndividualAllocation        = false                                  {pd product} {ergonomic}

Logging:
Log output configuration:
 #0: stdout all=warning uptime,level,tags foldmultilines=false
 #1: stderr all=off uptime,level,tags foldmultilines=false

Environment Variables:
PATH=C:\Program Files\Common Files\Oracle\Java\javapath;C:\Python312\Scripts\;C:\Python312\;C:\Windows\system32;C:\Windows;C:\Windows\System32\Wbem;C:\Windows\System32\WindowsPowerShell\v1.0\;C:\Windows\System32\OpenSSH\;C:\Program Files (x86)\NVIDIA Corporation\PhysX\Common;C:\WINDOWS\system32;C:\WINDOWS;C:\WINDOWS\System32\Wbem;C:\WINDOWS\System32\WindowsPowerShell\v1.0\;C:\WINDOWS\System32\OpenSSH\;C:\php-8.3.9;C:\Program Files\nodejs\;C:\laragon\bin\nodejs\node-v20.15.1-win-x64;C:\ProgramData\chocolatey\bin;C:\composer;C:\Program Files\Git\cmd;C:\Program Files\Java\jdk-22\bin;C:\Program Files\Dart\dart-sdk\bin;C:\src\flutter\bin;C:\Dart\dart-sdk\bin;C:\gradle-9.0.0\bin;C:\Users\Asus\AppData\Local\Microsoft\WindowsApps;C:\Users\Asus\AppData\Local\Programs\Microsoft VS Code\bin;C:\Users\Asus\AppData\Roaming\npm;C:\Users\Asus\AppData\Roaming\Composer\vendor\bin;C:\src\flutter\bin;C:\Dart\dart-sdk\bin;
USERNAME=Asus
OS=Windows_NT
PROCESSOR_IDENTIFIER=Intel64 Family 6 Model 142 Stepping 12, GenuineIntel
TMP=C:\Users\Asus\AppData\Local\Temp
TEMP=C:\Users\Asus\AppData\Local\Temp




Periodic native trim disabled

JNI global refs:
JNI global refs: 26, weak refs: 2

JNI global refs memory usage: 835, weak refs: 833

Process memory usage:
Resident Set Size: 384480K (4% of 8182576K total physical memory with 513016K free physical memory)

OOME stack traces (most recent first):
Classloader memory used:
Loader org.gradle.internal.classloader.VisitableURLClassLoader                         : 36366K
Loader bootstrap                                                                       : 23157K
Loader org.gradle.initialization.MixInLegacyTypesClassLoader                           : 9365K
Loader org.gradle.internal.classloader.VisitableURLClassLoader                         : 888K
Loader org.gradle.internal.classloader.VisitableURLClassLoader$InstrumentingVisitableURLClassLoader: 726K
Loader jdk.internal.loader.ClassLoaders$PlatformClassLoader                            : 492K
Loader jdk.internal.loader.ClassLoaders$AppClassLoader                                 : 235K
Loader jdk.internal.reflect.DelegatingClassLoader                                      : 214K
Loader org.gradle.groovy.scripts.internal.DefaultScriptCompilationHandler$ScriptClassLoader: 89056B
Loader org.codehaus.groovy.runtime.callsite.CallSiteClassLoader                        : 49592B

Classes loaded by more than one classloader:
Class org.gradle.api.GradleException                                                  : loaded 3 times (x 78B)
Class org.gradle.internal.classloader.FilteringClassLoader                            : loaded 2 times (x 101B)
Class org.gradle.internal.classloader.ClassLoaderHierarchy                            : loaded 2 times (x 66B)
Class org.gradle.api.internal.classpath.ManifestUtil                                  : loaded 2 times (x 67B)
Class org.jetbrains.plugins.gradle.model.GradleExtensions                             : loaded 2 times (x 66B)
Class org.jetbrains.plugins.gradle.model.AnnotationProcessingModel                    : loaded 2 times (x 66B)
Class org.gradle.internal.operations.MultipleBuildOperationFailures                   : loaded 2 times (x 91B)
Class org.gradle.internal.classloader.DefaultClassLoaderFactory                       : loaded 2 times (x 78B)
Class kotlin.collections.AbstractList$Companion                                       : loaded 2 times (x 67B)
Class org.gradle.internal.classloader.ClassLoaderVisitor                              : loaded 2 times (x 72B)
Class org.gradle.api.internal.classpath.EffectiveClassPath                            : loaded 2 times (x 86B)
Class org.gradle.tooling.internal.gradle.DefaultProjectIdentifier                     : loaded 2 times (x 82B)
Class org.gradle.api.internal.DefaultClassPathProvider                                : loaded 2 times (x 72B)
Class [Lorg.gradle.api.internal.ClassPathProvider;                                    : loaded 2 times (x 65B)
Class org.gradle.api.internal.ClassPathProvider                                       : loaded 2 times (x 66B)
Class org.gradle.internal.service.UnknownServiceException                             : loaded 2 times (x 79B)
Class org.jetbrains.kotlin.idea.gradleTooling.KotlinDslScriptAdditionalTask           : loaded 2 times (x 66B)
Class org.gradle.internal.classpath.TransformedClassPath                              : loaded 2 times (x 92B)
Class org.gradle.internal.classloader.InstrumentingClassLoader                        : loaded 2 times (x 66B)
Class kotlin.enums.EnumEntriesList                                                    : loaded 2 times (x 219B)
Class org.jetbrains.kotlin.idea.gradleTooling.KotlinSourceSetContainer                : loaded 2 times (x 66B)
Class org.jetbrains.plugins.gradle.model.IntelliJSettings                             : loaded 2 times (x 66B)
Class org.gradle.internal.service.ServiceLocator                                      : loaded 2 times (x 66B)
Class org.gradle.tooling.model.UnsupportedMethodException                             : loaded 2 times (x 78B)
Class sync_studio_tooling4_2uvmbvekc4d4c87t8whvyah1v                                  : loaded 2 times (x 175B)
Class com.intellij.compose.ide.plugin.gradleTooling.rt.ComposeResourcesModel          : loaded 2 times (x 66B)
Class org.gradle.internal.InternalTransformer                                         : loaded 2 times (x 66B)
Class org.gradle.internal.time.DefaultTimer                                           : loaded 2 times (x 76B)
Class org.gradle.internal.classloader.ClasspathUtil$1                                 : loaded 2 times (x 72B)
Class org.gradle.api.internal.classpath.DefaultModuleRegistry$DefaultModule           : loaded 2 times (x 82B)
Class org.gradle.internal.time.DefaultCountdownTimer                                  : loaded 2 times (x 84B)
Class org.gradle.tooling.internal.gradle.DefaultBuildIdentifier                       : loaded 2 times (x 75B)
Class kotlin.Function                                                                 : loaded 2 times (x 66B)
Class org.gradle.api.internal.classpath.Module                                        : loaded 2 times (x 66B)
Class org.gradle.api.internal.classpath.UnknownModuleException                        : loaded 2 times (x 78B)
Class com.intellij.openapi.externalSystem.model.project.dependencies.ProjectDependencies: loaded 2 times (x 66B)
Class org.gradle.tooling.internal.gradle.GradleProjectIdentity                        : loaded 2 times (x 66B)
Class org.gradle.api.internal.DefaultClassPathRegistry                                : loaded 2 times (x 72B)
Class org.gradle.api.internal.ClassPathRegistry                                       : loaded 2 times (x 66B)
Class org.gradle.internal.classpath.DefaultClassPath$ImmutableUniqueList              : loaded 2 times (x 195B)
Class Settings_gradle$1                                                               : loaded 2 times (x 70B)
Class Program                                                                         : loaded 2 times (x 68B)
Class org.gradle.internal.classpath.ClassPath                                         : loaded 2 times (x 66B)
Class org.gradle.api.UncheckedIOException                                             : loaded 2 times (x 78B)
Class org.jetbrains.kotlin.idea.gradleTooling.KotlinGradleModel                       : loaded 2 times (x 66B)
Class org.gradle.tooling.model.Model                                                  : loaded 2 times (x 66B)
Class kotlin.UninitializedPropertyAccessException                                     : loaded 2 times (x 78B)
Class org.jetbrains.plugins.gradle.model.IntelliJProjectSettings                      : loaded 2 times (x 66B)
Class org.gradle.internal.installation.GradleInstallation$1                           : loaded 2 times (x 71B)
Class org.gradle.api.internal.classpath.ModuleRegistry                                : loaded 2 times (x 66B)
Class org.jetbrains.plugins.gradle.model.VersionCatalogsModel                         : loaded 2 times (x 66B)
Class org.gradle.api.internal.classpath.DefaultModuleRegistry                         : loaded 2 times (x 82B)
Class org.gradle.internal.time.MonotonicClock                                         : loaded 2 times (x 73B)
Class org.gradle.internal.service.ServiceLookupException                              : loaded 2 times (x 78B)
Class org.gradle.internal.classloader.ClassLoaderFactory                              : loaded 2 times (x 66B)
Class org.gradle.internal.service.CachingServiceLocator                               : loaded 2 times (x 78B)
Class org.jetbrains.plugins.gradle.model.RepositoryModels                             : loaded 2 times (x 66B)
Class org.gradle.internal.time.TimeSource                                             : loaded 2 times (x 66B)
Class org.gradle.tooling.internal.gradle.GradleBuildIdentity                          : loaded 2 times (x 66B)
Class kotlin.enums.EnumEntries                                                        : loaded 2 times (x 66B)
Class org.gradle.internal.exceptions.ResolutionProvider                               : loaded 2 times (x 66B)
Class org.gradle.tooling.model.ProjectIdentifier                                      : loaded 2 times (x 66B)
Class org.gradle.internal.classloader.ClasspathUtil                                   : loaded 2 times (x 67B)
Class org.gradle.internal.time.TimeSource$1                                           : loaded 2 times (x 73B)
Class kotlin.jvm.internal.DefaultConstructorMarker                                    : loaded 2 times (x 67B)
Class org.gradle.api.specs.Spec                                                       : loaded 2 times (x 66B)
Class org.gradle.internal.time.Clock                                                  : loaded 2 times (x 66B)
Class kotlin.collections.AbstractList                                                 : loaded 2 times (x 193B)
Class kotlin.collections.AbstractCollection                                           : loaded 2 times (x 113B)
Class org.gradle.internal.classloader.VisitableURLClassLoader$InstrumentingVisitableURLClassLoader: loaded 2 times (x 119B)
Class org.gradle.internal.classloader.VisitableURLClassLoader$Spec                    : loaded 2 times (x 70B)
Class org.gradle.internal.classpath.DefaultClassPath                                  : loaded 2 times (x 86B)
Class org.gradle.internal.classloader.ClassLoaderSpec                                 : loaded 2 times (x 67B)
Class Settings_gradle$1$1                                                             : loaded 2 times (x 70B)
Class kotlin.Unit                                                                     : loaded 2 times (x 67B)
Class org.gradle.internal.classloader.VisitableURLClassLoader                         : loaded 2 times (x 113B)
Class Settings_gradle                                                                 : loaded 2 times (x 124B)
Class org.gradle.internal.Cast                                                        : loaded 2 times (x 67B)
Class org.gradle.api.Action                                                           : loaded 2 times (x 66B)
Class ijInit2_dfp6dzo1uw4j32ye4gz0i92sw                                               : loaded 2 times (x 175B)
Class kotlin.jvm.functions.Function1                                                  : loaded 2 times (x 66B)
Class org.gradle.internal.classpath.DefaultClassPath$ImmutableUniqueList$Builder      : loaded 2 times (x 71B)
Class kotlin.NotImplementedError                                                      : loaded 2 times (x 78B)
Class org.gradle.internal.exceptions.NonGradleCauseExceptionsHolder                   : loaded 2 times (x 66B)
Class org.jetbrains.plugins.gradle.tooling.ModelBuilderService$Parameter              : loaded 2 times (x 66B)
Class kotlin.enums.EnumEntriesKt                                                      : loaded 2 times (x 67B)
Class org.gradle.internal.IoActions                                                   : loaded 2 times (x 67B)
Class org.gradle.internal.classloader.SystemClassLoaderSpec                           : loaded 2 times (x 67B)
Class org.gradle.internal.exceptions.MultiCauseException                              : loaded 2 times (x 66B)
Class org.gradle.internal.time.CountdownTimer                                         : loaded 2 times (x 66B)
Class kotlin.jvm.internal.Intrinsics                                                  : loaded 2 times (x 67B)
Class org.gradle.tooling.model.ProjectModel                                           : loaded 2 times (x 66B)
Class kotlin.KotlinNullPointerException                                               : loaded 2 times (x 79B)
Class org.jetbrains.plugins.gradle.model.tests.ExternalTestsModel                     : loaded 2 times (x 66B)
Class org.gradle.internal.exceptions.DefaultMultiCauseException                       : loaded 2 times (x 91B)
Class org.gradle.internal.time.Time                                                   : loaded 2 times (x 67B)
Class org.jetbrains.plugins.gradle.model.DependencyAccessorsModel                     : loaded 2 times (x 66B)
Class org.gradle.api.internal.classpath.GlobalCacheRootsProvider                      : loaded 2 times (x 66B)
Class org.jetbrains.kotlin.idea.gradleTooling.KotlinMPPGradleModel                    : loaded 2 times (x 66B)
Class org.gradle.tooling.model.BuildIdentifier                                        : loaded 2 times (x 66B)
Class org.jetbrains.kotlin.idea.gradleTooling.PrepareKotlinIdeImportTaskModel         : loaded 2 times (x 66B)
Class org.gradle.internal.time.Timer                                                  : loaded 2 times (x 66B)
Class kotlin.jvm.internal.markers.KMappedMarker                                       : loaded 2 times (x 66B)
Class org.gradle.internal.installation.CurrentGradleInstallationLocator               : loaded 2 times (x 67B)
Class org.gradle.internal.service.DefaultServiceLocator                               : loaded 2 times (x 79B)
Class org.gradle.util.GradleVersion                                                   : loaded 2 times (x 75B)
Class org.gradle.internal.installation.CurrentGradleInstallation                      : loaded 2 times (x 69B)
Class org.jetbrains.plugins.gradle.javaModel.JavaGradleManifestModel                  : loaded 2 times (x 66B)
Class org.gradle.util.internal.GUtil                                                  : loaded 2 times (x 67B)
Class org.gradle.internal.installation.GradleInstallation                             : loaded 2 times (x 71B)

---------------  S Y S T E M  ---------------

OS:
 Windows 11 , 64 bit Build 26100 (10.0.26100.7309)
OS uptime: 0 days 5:17 hours
Hyper-V role detected

CPU: total 8 (initial active 8) (4 cores per cpu, 2 threads per core) family 6 model 142 stepping 12 microcode 0xde, cx8, cmov, fxsr, ht, mmx, 3dnowpref, sse, sse2, sse3, ssse3, sse4.1, sse4.2, popcnt, lzcnt, tsc, tscinvbit, avx, avx2, aes, erms, clmul, bmi1, bmi2, adx, fma, vzeroupper, clflush, clflushopt, hv, rdtscp, f16c
Processor Information for the first 8 processors :
  Max Mhz: 2304, Current Mhz: 1803, Mhz Limit: 1797

Memory: 4k page, system-wide physical 7990M (499M free)
TotalPageFile size 16182M (AvailPageFile size 5M)
current process WorkingSet (physical memory assigned to process): 377M, peak: 377M
current process commit charge ("private bytes"): 412M, peak: 412M

vm_info: OpenJDK 64-Bit Server VM (21.0.6+-13391695-b895.109) for windows-amd64 JRE (21.0.6+-13391695-b895.109), built on 2025-04-22T21:19:17Z by "builder" with MS VC++ 16.10 / 16.11 (VS2019)

END.
