#
# There is insufficient memory for the Java Runtime Environment to continue.
# Native memory allocation (malloc) failed to allocate 1543696 bytes. Error detail: Chunk::new
# Possible reasons:
#   The system is out of physical RAM or swap space
#   This process is running with CompressedOops enabled, and the Java Heap may be blocking the growth of the native heap
# Possible solutions:
#   Reduce memory load on the system
#   Increase physical memory or swap space
#   Check if swap backing store is full
#   Decrease Java heap size (-Xmx/-Xms)
#   Decrease number of Java threads
#   Decrease Java thread stack sizes (-Xss)
#   Set larger code cache with -XX:ReservedCodeCacheSize=
#   JVM is running with Unscaled Compressed Oops mode in which the Java heap is
#     placed in the first 4GB address space. The Java Heap base address is the
#     maximum limit for the native heap growth. Please use -XX:HeapBaseMinAddress
#     to set the Java Heap base and to place the Java Heap above 4GB virtual address.
# This output file may be truncated or incomplete.
#
#  Out of Memory Error (arena.cpp:168), pid=10948, tid=10620
#
# JRE version: OpenJDK Runtime Environment (21.0.6) (build 21.0.6+-13391695-b895.109)
# Java VM: OpenJDK 64-Bit Server VM (21.0.6+-13391695-b895.109, mixed mode, tiered, compressed oops, compressed class ptrs, g1 gc, windows-amd64)
# No core dump will be written. Minidumps are not enabled by default on client versions of Windows
#

---------------  S U M M A R Y ------------

Command Line: --add-opens=java.base/java.lang=ALL-UNNAMED --add-opens=java.base/java.lang.invoke=ALL-UNNAMED --add-opens=java.base/java.util=ALL-UNNAMED --add-opens=java.prefs/java.util.prefs=ALL-UNNAMED --add-exports=jdk.compiler/com.sun.tools.javac.api=ALL-UNNAMED --add-exports=jdk.compiler/com.sun.tools.javac.util=ALL-UNNAMED --add-opens=java.base/java.util=ALL-UNNAMED --add-opens=java.prefs/java.util.prefs=ALL-UNNAMED --add-opens=java.base/java.nio.charset=ALL-UNNAMED --add-opens=java.base/java.net=ALL-UNNAMED --add-opens=java.base/java.util.concurrent.atomic=ALL-UNNAMED --add-opens=java.xml/javax.xml.namespace=ALL-UNNAMED -Xmx2048m -Dfile.encoding=UTF-8 -Duser.country=US -Duser.language=en -Duser.variant -javaagent:C:\Users\Asus\.gradle\wrapper\dists\gradle-8.13-bin\5xuhj0ry160q40clulazy9h7d\gradle-8.13\lib\agents\gradle-instrumentation-agent-8.13.jar org.gradle.launcher.daemon.bootstrap.GradleDaemon 8.13

Host: Intel(R) Core(TM) i7-10510U CPU @ 1.80GHz, 8 cores, 7G,  Windows 11 , 64 bit Build 26100 (10.0.26100.7623)
Time: Fri Jan 16 19:52:49 2026 SE Asia Standard Time elapsed time: 12.892773 seconds (0d 0h 0m 12s)

---------------  T H R E A D  ---------------

Current thread (0x00000228dc149d10):  JavaThread "C2 CompilerThread1" daemon [_thread_in_native, id=10620, stack(0x0000009b7a000000,0x0000009b7a100000) (1024K)]


Current CompileTask:
C2:12892 8162   !   4       java.net.URLClassLoader::findClass (47 bytes)

Stack: [0x0000009b7a000000,0x0000009b7a100000]
Native frames: (J=compiled Java code, j=interpreted, Vv=VM code, C=native code)
V  [jvm.dll+0x6d0639]
V  [jvm.dll+0x85eb03]
V  [jvm.dll+0x86105e]
V  [jvm.dll+0x861743]
V  [jvm.dll+0x27e6e6]
V  [jvm.dll+0xbff6d]
V  [jvm.dll+0xc04a3]
V  [jvm.dll+0x3b6171]
V  [jvm.dll+0x1de684]
V  [jvm.dll+0x247dd4]
V  [jvm.dll+0x247251]
V  [jvm.dll+0x1c5f04]
V  [jvm.dll+0x2569ac]
V  [jvm.dll+0x254ef6]
V  [jvm.dll+0x3f0e96]
V  [jvm.dll+0x806ed8]
V  [jvm.dll+0x6cef0d]
C  [ucrtbase.dll+0x37b0]
C  [KERNEL32.DLL+0x2e8d7]
C  [ntdll.dll+0x8c53c]


---------------  P R O C E S S  ---------------

Threads class SMR info:
_java_thread_list=0x00000228dd2d93a0, length=60, elements={
0x00000228bd2165d0, 0x00000228db059310, 0x00000228db059d60, 0x00000228db08de80,
0x00000228db09eb10, 0x00000228db09f560, 0x00000228db0a0750, 0x00000228db0a14d0,
0x00000228db0ac140, 0x00000228db1dc990, 0x00000228db352060, 0x00000228dce78cc0,
0x00000228dce51a30, 0x00000228dc14f5f0, 0x00000228dcf0a010, 0x00000228dcdcac60,
0x00000228dcf04f20, 0x00000228dcdc6440, 0x00000228dcce41e0, 0x00000228dcce27a0,
0x00000228dcce4f00, 0x00000228dcce2e30, 0x00000228dcce4870, 0x00000228dcce34c0,
0x00000228dcce2110, 0x00000228dcce1a80, 0x00000228dcce3b50, 0x00000228dd279160,
0x00000228dd276370, 0x00000228dd275ce0, 0x00000228dd278440, 0x00000228dd277090,
0x00000228dd279e80, 0x00000228dd277720, 0x00000228dd2797f0, 0x00000228dd276a00,
0x00000228dd278ad0, 0x00000228dd27aba0, 0x00000228dd277db0, 0x00000228dd27b8c0,
0x00000228dd27d300, 0x00000228dd27bf50, 0x00000228dd27cc70, 0x00000228dd8221a0,
0x00000228dd822830, 0x00000228dd821480, 0x00000228dd822ec0, 0x00000228dd823550,
0x00000228dd8200d0, 0x00000228dd823be0, 0x00000228dd821b10, 0x00000228dd820760,
0x00000228dd824270, 0x00000228dd820df0, 0x00000228dd826340, 0x00000228dd824900,
0x00000228dd8269d0, 0x00000228dd8276f0, 0x00000228dc149d10, 0x00000228e1b046c0
}

Java Threads: ( => current thread )
  0x00000228bd2165d0 JavaThread "main"                              [_thread_blocked, id=14600, stack(0x0000009b78e00000,0x0000009b78f00000) (1024K)]
  0x00000228db059310 JavaThread "Reference Handler"          daemon [_thread_blocked, id=16796, stack(0x0000009b79600000,0x0000009b79700000) (1024K)]
  0x00000228db059d60 JavaThread "Finalizer"                  daemon [_thread_blocked, id=20744, stack(0x0000009b79700000,0x0000009b79800000) (1024K)]
  0x00000228db08de80 JavaThread "Signal Dispatcher"          daemon [_thread_blocked, id=19668, stack(0x0000009b79800000,0x0000009b79900000) (1024K)]
  0x00000228db09eb10 JavaThread "Attach Listener"            daemon [_thread_blocked, id=21656, stack(0x0000009b79900000,0x0000009b79a00000) (1024K)]
  0x00000228db09f560 JavaThread "Service Thread"             daemon [_thread_blocked, id=12732, stack(0x0000009b79a00000,0x0000009b79b00000) (1024K)]
  0x00000228db0a0750 JavaThread "Monitor Deflation Thread"   daemon [_thread_blocked, id=18240, stack(0x0000009b79b00000,0x0000009b79c00000) (1024K)]
  0x00000228db0a14d0 JavaThread "C2 CompilerThread0"         daemon [_thread_in_native, id=19936, stack(0x0000009b79c00000,0x0000009b79d00000) (1024K)]
  0x00000228db0ac140 JavaThread "C1 CompilerThread0"         daemon [_thread_in_vm, id=16272, stack(0x0000009b79d00000,0x0000009b79e00000) (1024K)]
  0x00000228db1dc990 JavaThread "Common-Cleaner"             daemon [_thread_blocked, id=11352, stack(0x0000009b79e00000,0x0000009b79f00000) (1024K)]
  0x00000228db352060 JavaThread "Notification Thread"        daemon [_thread_blocked, id=18588, stack(0x0000009b79f00000,0x0000009b7a000000) (1024K)]
  0x00000228dce78cc0 JavaThread "Daemon health stats"               [_thread_blocked, id=7416, stack(0x0000009b7a700000,0x0000009b7a800000) (1024K)]
  0x00000228dce51a30 JavaThread "Incoming local TCP Connector on port 55238"        [_thread_in_native, id=19052, stack(0x0000009b7a800000,0x0000009b7a900000) (1024K)]
  0x00000228dc14f5f0 JavaThread "Daemon periodic checks"            [_thread_blocked, id=20608, stack(0x0000009b7a900000,0x0000009b7aa00000) (1024K)]
  0x00000228dcf0a010 JavaThread "Daemon"                            [_thread_blocked, id=19128, stack(0x0000009b7aa00000,0x0000009b7ab00000) (1024K)]
  0x00000228dcdcac60 JavaThread "Handler for socket connection from /127.0.0.1:55238 to /127.0.0.1:55239"        [_thread_in_native, id=9128, stack(0x0000009b7ab00000,0x0000009b7ac00000) (1024K)]
  0x00000228dcf04f20 JavaThread "Cancel handler"                    [_thread_blocked, id=23296, stack(0x0000009b7ac00000,0x0000009b7ad00000) (1024K)]
  0x00000228dcdc6440 JavaThread "Daemon worker"                     [_thread_in_Java, id=23108, stack(0x0000009b7ad00000,0x0000009b7ae00000) (1024K)]
  0x00000228dcce41e0 JavaThread "Asynchronous log dispatcher for DefaultDaemonConnection: socket connection from /127.0.0.1:55238 to /127.0.0.1:55239"        [_thread_blocked, id=13336, stack(0x0000009b7ae00000,0x0000009b7af00000) (1024K)]
  0x00000228dcce27a0 JavaThread "Stdin handler"                     [_thread_blocked, id=17596, stack(0x0000009b7af00000,0x0000009b7b000000) (1024K)]
  0x00000228dcce4f00 JavaThread "Daemon client event forwarder"        [_thread_blocked, id=15288, stack(0x0000009b7b000000,0x0000009b7b100000) (1024K)]
  0x00000228dcce2e30 JavaThread "Cache worker for journal cache (C:\Users\Asus\.gradle\caches\journal-1)"        [_thread_blocked, id=9468, stack(0x0000009b7b300000,0x0000009b7b400000) (1024K)]
  0x00000228dcce4870 JavaThread "File lock request listener"        [_thread_in_native, id=15544, stack(0x0000009b7b400000,0x0000009b7b500000) (1024K)]
  0x00000228dcce34c0 JavaThread "Cache worker for file hash cache (C:\Users\Asus\.gradle\caches\8.13\fileHashes)"        [_thread_blocked, id=9920, stack(0x0000009b7b500000,0x0000009b7b600000) (1024K)]
  0x00000228dcce2110 JavaThread "Cache worker for file hash cache (D:\Dicoding\Belajar Fundamental Aplikasi Android\GPT\4.3 Latihan Fragment + Navigation Component Advanced\.gradle\8.13\fileHashes)"        [_thread_blocked, id=22764, stack(0x0000009b7b700000,0x0000009b7b800000) (1024K)]
  0x00000228dcce1a80 JavaThread "Cache worker for Build Output Cleanup Cache (D:\Dicoding\Belajar Fundamental Aplikasi Android\GPT\4.3 Latihan Fragment + Navigation Component Advanced\.gradle\buildOutputCleanup)"        [_thread_blocked, id=1684, stack(0x0000009b7b800000,0x0000009b7b900000) (1024K)]
  0x00000228dcce3b50 JavaThread "File watcher server"        daemon [_thread_in_native, id=18816, stack(0x0000009b7b900000,0x0000009b7ba00000) (1024K)]
  0x00000228dd279160 JavaThread "File watcher consumer"      daemon [_thread_blocked, id=9096, stack(0x0000009b7ba00000,0x0000009b7bb00000) (1024K)]
  0x00000228dd276370 JavaThread "jar transforms"                    [_thread_blocked, id=16060, stack(0x0000009b7bb00000,0x0000009b7bc00000) (1024K)]
  0x00000228dd275ce0 JavaThread "jar transforms Thread 2"           [_thread_blocked, id=17208, stack(0x0000009b7bc00000,0x0000009b7bd00000) (1024K)]
  0x00000228dd278440 JavaThread "jar transforms Thread 3"           [_thread_blocked, id=4072, stack(0x0000009b7bd00000,0x0000009b7be00000) (1024K)]
  0x00000228dd277090 JavaThread "jar transforms Thread 4"           [_thread_blocked, id=23052, stack(0x0000009b7be00000,0x0000009b7bf00000) (1024K)]
  0x00000228dd279e80 JavaThread "jar transforms Thread 5"           [_thread_blocked, id=1476, stack(0x0000009b7bf00000,0x0000009b7c000000) (1024K)]
  0x00000228dd277720 JavaThread "jar transforms Thread 6"           [_thread_blocked, id=17092, stack(0x0000009b7c000000,0x0000009b7c100000) (1024K)]
  0x00000228dd2797f0 JavaThread "jar transforms Thread 7"           [_thread_blocked, id=9956, stack(0x0000009b7c100000,0x0000009b7c200000) (1024K)]
  0x00000228dd276a00 JavaThread "jar transforms Thread 8"           [_thread_blocked, id=6704, stack(0x0000009b7c200000,0x0000009b7c300000) (1024K)]
  0x00000228dd278ad0 JavaThread "Cache worker for checksums cache (D:\Dicoding\Belajar Fundamental Aplikasi Android\GPT\4.3 Latihan Fragment + Navigation Component Advanced\.gradle\8.13\checksums)"        [_thread_blocked, id=14168, stack(0x0000009b7c300000,0x0000009b7c400000) (1024K)]
  0x00000228dd27aba0 JavaThread "Cache worker for file content cache (C:\Users\Asus\.gradle\caches\8.13\fileContent)"        [_thread_blocked, id=16052, stack(0x0000009b7c400000,0x0000009b7c500000) (1024K)]
  0x00000228dd277db0 JavaThread "Cache worker for cache directory md-supplier (C:\Users\Asus\.gradle\caches\8.13\md-supplier)"        [_thread_blocked, id=20584, stack(0x0000009b7c500000,0x0000009b7c600000) (1024K)]
  0x00000228dd27b8c0 JavaThread "Cache worker for cache directory md-rule (C:\Users\Asus\.gradle\caches\8.13\md-rule)"        [_thread_blocked, id=20408, stack(0x0000009b7c600000,0x0000009b7c700000) (1024K)]
  0x00000228dd27d300 JavaThread "Unconstrained build operations"        [_thread_blocked, id=15112, stack(0x0000009b7c700000,0x0000009b7c800000) (1024K)]
  0x00000228dd27bf50 JavaThread "Unconstrained build operations Thread 2"        [_thread_blocked, id=20760, stack(0x0000009b7c800000,0x0000009b7c900000) (1024K)]
  0x00000228dd27cc70 JavaThread "Unconstrained build operations Thread 3"        [_thread_blocked, id=12780, stack(0x0000009b7c900000,0x0000009b7ca00000) (1024K)]
  0x00000228dd8221a0 JavaThread "Unconstrained build operations Thread 4"        [_thread_blocked, id=19428, stack(0x0000009b7ca00000,0x0000009b7cb00000) (1024K)]
  0x00000228dd822830 JavaThread "Unconstrained build operations Thread 5"        [_thread_blocked, id=15244, stack(0x0000009b7cb00000,0x0000009b7cc00000) (1024K)]
  0x00000228dd821480 JavaThread "Unconstrained build operations Thread 6"        [_thread_blocked, id=14936, stack(0x0000009b7cc00000,0x0000009b7cd00000) (1024K)]
  0x00000228dd822ec0 JavaThread "Unconstrained build operations Thread 7"        [_thread_blocked, id=7504, stack(0x0000009b7cd00000,0x0000009b7ce00000) (1024K)]
  0x00000228dd823550 JavaThread "Unconstrained build operations Thread 8"        [_thread_blocked, id=14952, stack(0x0000009b7ce00000,0x0000009b7cf00000) (1024K)]
  0x00000228dd8200d0 JavaThread "Unconstrained build operations Thread 9"        [_thread_blocked, id=14556, stack(0x0000009b7cf00000,0x0000009b7d000000) (1024K)]
  0x00000228dd823be0 JavaThread "Unconstrained build operations Thread 10"        [_thread_blocked, id=16224, stack(0x0000009b7d000000,0x0000009b7d100000) (1024K)]
  0x00000228dd821b10 JavaThread "Unconstrained build operations Thread 11"        [_thread_blocked, id=22352, stack(0x0000009b7d100000,0x0000009b7d200000) (1024K)]
  0x00000228dd820760 JavaThread "Unconstrained build operations Thread 12"        [_thread_blocked, id=13780, stack(0x0000009b7d200000,0x0000009b7d300000) (1024K)]
  0x00000228dd824270 JavaThread "Unconstrained build operations Thread 13"        [_thread_blocked, id=7832, stack(0x0000009b7d300000,0x0000009b7d400000) (1024K)]
  0x00000228dd820df0 JavaThread "Unconstrained build operations Thread 14"        [_thread_blocked, id=10360, stack(0x0000009b7d400000,0x0000009b7d500000) (1024K)]
  0x00000228dd826340 JavaThread "Unconstrained build operations Thread 15"        [_thread_blocked, id=18388, stack(0x0000009b7d500000,0x0000009b7d600000) (1024K)]
  0x00000228dd824900 JavaThread "Unconstrained build operations Thread 16"        [_thread_blocked, id=20076, stack(0x0000009b7d600000,0x0000009b7d700000) (1024K)]
  0x00000228dd8269d0 JavaThread "Unconstrained build operations Thread 17"        [_thread_blocked, id=20052, stack(0x0000009b7d700000,0x0000009b7d800000) (1024K)]
  0x00000228dd8276f0 JavaThread "Unconstrained build operations Thread 18"        [_thread_blocked, id=19524, stack(0x0000009b7d800000,0x0000009b7d900000) (1024K)]
=>0x00000228dc149d10 JavaThread "C2 CompilerThread1"         daemon [_thread_in_native, id=10620, stack(0x0000009b7a000000,0x0000009b7a100000) (1024K)]
  0x00000228e1b046c0 JavaThread "C2 CompilerThread2"         daemon [_thread_in_native, id=22056, stack(0x0000009b7b600000,0x0000009b7b700000) (1024K)]
Total: 60

Other Threads:
  0x00000228d6c3df60 VMThread "VM Thread"                           [id=4648, stack(0x0000009b79500000,0x0000009b79600000) (1024K)]
  0x00000228d6bd8010 WatcherThread "VM Periodic Task Thread"        [id=2780, stack(0x0000009b79400000,0x0000009b79500000) (1024K)]
  0x00000228bf584330 WorkerThread "GC Thread#0"                     [id=19852, stack(0x0000009b78f00000,0x0000009b79000000) (1024K)]
  0x00000228db93b120 WorkerThread "GC Thread#1"                     [id=544, stack(0x0000009b7a200000,0x0000009b7a300000) (1024K)]
  0x00000228db9a2910 WorkerThread "GC Thread#2"                     [id=2616, stack(0x0000009b7a300000,0x0000009b7a400000) (1024K)]
  0x00000228dc0b2bb0 WorkerThread "GC Thread#3"                     [id=21028, stack(0x0000009b7a400000,0x0000009b7a500000) (1024K)]
  0x00000228dc0b2f50 WorkerThread "GC Thread#4"                     [id=8196, stack(0x0000009b7a500000,0x0000009b7a600000) (1024K)]
  0x00000228dcacbe60 WorkerThread "GC Thread#5"                     [id=18248, stack(0x0000009b7a100000,0x0000009b7a200000) (1024K)]
  0x00000228dcc16d30 WorkerThread "GC Thread#6"                     [id=17632, stack(0x0000009b7a600000,0x0000009b7a700000) (1024K)]
  0x00000228dccb3360 WorkerThread "GC Thread#7"                     [id=6408, stack(0x0000009b7b100000,0x0000009b7b200000) (1024K)]
  0x00000228bf5950c0 ConcurrentGCThread "G1 Main Marker"            [id=22412, stack(0x0000009b79000000,0x0000009b79100000) (1024K)]
  0x00000228bf596650 WorkerThread "G1 Conc#0"                       [id=7628, stack(0x0000009b79100000,0x0000009b79200000) (1024K)]
  0x00000228dccb4580 WorkerThread "G1 Conc#1"                       [id=9752, stack(0x0000009b7b200000,0x0000009b7b300000) (1024K)]
  0x00000228d6a885b0 ConcurrentGCThread "G1 Refine#0"               [id=8556, stack(0x0000009b79200000,0x0000009b79300000) (1024K)]
  0x00000228d6a88dd0 ConcurrentGCThread "G1 Service"                [id=16676, stack(0x0000009b79300000,0x0000009b79400000) (1024K)]
Total: 15

Threads with active compile tasks:
C2 CompilerThread0  12935 8259       4       sun.security.util.math.intpoly.IntegerPolynomial::conditionalAssign (45 bytes)
C2 CompilerThread1  12935 8162   !   4       java.net.URLClassLoader::findClass (47 bytes)
C2 CompilerThread2  12936 8157   !   4       java.net.URLClassLoader$1::run (81 bytes)
Total: 3

VM state: not at safepoint (normal execution)

VM Mutex/Monitor currently owned by a thread: None

Heap address: 0x0000000080000000, size: 2048 MB, Compressed Oops mode: 32-bit

CDS archive(s) not mapped
Compressed class space mapped at: 0x0000000100000000-0x0000000140000000, reserved size: 1073741824
Narrow klass base: 0x0000000000000000, Narrow klass shift: 3, Narrow klass range: 0x140000000

GC Precious Log:
 CardTable entry size: 512
 Card Set container configuration: InlinePtr #cards 5 size 8 Array Of Cards #cards 12 size 40 Howl #buckets 4 coarsen threshold 1843 Howl Bitmap #cards 512 size 80 coarsen threshold 460 Card regions per heap region 1 cards per card region 2048
 CPUs: 8 total, 8 available
 Memory: 7990M
 Large Page Support: Disabled
 NUMA Support: Disabled
 Compressed Oops: Enabled (32-bit)
 Heap Region Size: 1M
 Heap Min Capacity: 8M
 Heap Initial Capacity: 126M
 Heap Max Capacity: 2G
 Pre-touch: Disabled
 Parallel Workers: 8
 Concurrent Workers: 2
 Concurrent Refinement Workers: 8
 Periodic GC: Disabled

Heap:
 garbage-first heap   total 176128K, used 119626K [0x0000000080000000, 0x0000000100000000)
  region size 1024K, 20 young (20480K), 8 survivors (8192K)
 Metaspace       used 84664K, committed 86592K, reserved 1179648K
  class space    used 11540K, committed 12480K, reserved 1048576K

Heap Regions: E=young(eden), S=young(survivor), O=old, HS=humongous(starts), HC=humongous(continues), CS=collection set, F=free, TAMS=top-at-mark-start, PB=parsable bottom
|   0|0x0000000080000000, 0x0000000080100000, 0x0000000080100000|100%|HS|  |TAMS 0x0000000080000000| PB 0x0000000080000000| Complete 
|   1|0x0000000080100000, 0x0000000080200000, 0x0000000080200000|100%|HC|  |TAMS 0x0000000080100000| PB 0x0000000080100000| Complete 
|   2|0x0000000080200000, 0x0000000080300000, 0x0000000080300000|100%|HC|  |TAMS 0x0000000080200000| PB 0x0000000080200000| Complete 
|   3|0x0000000080300000, 0x0000000080400000, 0x0000000080400000|100%| O|  |TAMS 0x0000000080300000| PB 0x0000000080300000| Untracked 
|   4|0x0000000080400000, 0x0000000080500000, 0x0000000080500000|100%| O|  |TAMS 0x0000000080400000| PB 0x0000000080400000| Untracked 
|   5|0x0000000080500000, 0x0000000080600000, 0x0000000080600000|100%| O|  |TAMS 0x0000000080500000| PB 0x0000000080500000| Untracked 
|   6|0x0000000080600000, 0x0000000080700000, 0x0000000080700000|100%|HS|  |TAMS 0x0000000080600000| PB 0x0000000080600000| Complete 
|   7|0x0000000080700000, 0x0000000080800000, 0x0000000080800000|100%| O|  |TAMS 0x0000000080700000| PB 0x0000000080700000| Untracked 
|   8|0x0000000080800000, 0x0000000080900000, 0x0000000080900000|100%| O|  |TAMS 0x0000000080800000| PB 0x0000000080800000| Untracked 
|   9|0x0000000080900000, 0x0000000080a00000, 0x0000000080a00000|100%| O|  |TAMS 0x0000000080900000| PB 0x0000000080900000| Untracked 
|  10|0x0000000080a00000, 0x0000000080b00000, 0x0000000080b00000|100%| O|  |TAMS 0x0000000080a00000| PB 0x0000000080a00000| Untracked 
|  11|0x0000000080b00000, 0x0000000080c00000, 0x0000000080c00000|100%| O|  |TAMS 0x0000000080b00000| PB 0x0000000080b00000| Untracked 
|  12|0x0000000080c00000, 0x0000000080d00000, 0x0000000080d00000|100%| O|  |TAMS 0x0000000080c00000| PB 0x0000000080c00000| Untracked 
|  13|0x0000000080d00000, 0x0000000080e00000, 0x0000000080e00000|100%| O|  |TAMS 0x0000000080d00000| PB 0x0000000080d00000| Untracked 
|  14|0x0000000080e00000, 0x0000000080f00000, 0x0000000080f00000|100%| O|  |TAMS 0x0000000080e00000| PB 0x0000000080e00000| Untracked 
|  15|0x0000000080f00000, 0x0000000081000000, 0x0000000081000000|100%| O|  |TAMS 0x0000000080f00000| PB 0x0000000080f00000| Untracked 
|  16|0x0000000081000000, 0x0000000081100000, 0x0000000081100000|100%|HS|  |TAMS 0x0000000081000000| PB 0x0000000081000000| Complete 
|  17|0x0000000081100000, 0x0000000081200000, 0x0000000081200000|100%| O|  |TAMS 0x0000000081100000| PB 0x0000000081100000| Untracked 
|  18|0x0000000081200000, 0x0000000081300000, 0x0000000081300000|100%| O|  |TAMS 0x0000000081200000| PB 0x0000000081200000| Untracked 
|  19|0x0000000081300000, 0x0000000081400000, 0x0000000081400000|100%| O|  |TAMS 0x0000000081300000| PB 0x0000000081300000| Untracked 
|  20|0x0000000081400000, 0x0000000081500000, 0x0000000081500000|100%| O|  |TAMS 0x0000000081400000| PB 0x0000000081400000| Untracked 
|  21|0x0000000081500000, 0x0000000081600000, 0x0000000081600000|100%| O|  |TAMS 0x0000000081500000| PB 0x0000000081500000| Untracked 
|  22|0x0000000081600000, 0x0000000081700000, 0x0000000081700000|100%|HS|  |TAMS 0x0000000081600000| PB 0x0000000081600000| Complete 
|  23|0x0000000081700000, 0x0000000081800000, 0x0000000081800000|100%|HC|  |TAMS 0x0000000081700000| PB 0x0000000081700000| Complete 
|  24|0x0000000081800000, 0x0000000081900000, 0x0000000081900000|100%|HC|  |TAMS 0x0000000081800000| PB 0x0000000081800000| Complete 
|  25|0x0000000081900000, 0x0000000081a00000, 0x0000000081a00000|100%|HC|  |TAMS 0x0000000081900000| PB 0x0000000081900000| Complete 
|  26|0x0000000081a00000, 0x0000000081b00000, 0x0000000081b00000|100%|HC|  |TAMS 0x0000000081a00000| PB 0x0000000081a00000| Complete 
|  27|0x0000000081b00000, 0x0000000081c00000, 0x0000000081c00000|100%|HC|  |TAMS 0x0000000081b00000| PB 0x0000000081b00000| Complete 
|  28|0x0000000081c00000, 0x0000000081d00000, 0x0000000081d00000|100%|HS|  |TAMS 0x0000000081c00000| PB 0x0000000081c00000| Complete 
|  29|0x0000000081d00000, 0x0000000081e00000, 0x0000000081e00000|100%|HS|  |TAMS 0x0000000081d00000| PB 0x0000000081d00000| Complete 
|  30|0x0000000081e00000, 0x0000000081f00000, 0x0000000081f00000|100%|HC|  |TAMS 0x0000000081e00000| PB 0x0000000081e00000| Complete 
|  31|0x0000000081f00000, 0x0000000082000000, 0x0000000082000000|100%|HC|  |TAMS 0x0000000081f00000| PB 0x0000000081f00000| Complete 
|  32|0x0000000082000000, 0x0000000082100000, 0x0000000082100000|100%|HC|  |TAMS 0x0000000082000000| PB 0x0000000082000000| Complete 
|  33|0x0000000082100000, 0x0000000082200000, 0x0000000082200000|100%|HS|  |TAMS 0x0000000082100000| PB 0x0000000082100000| Complete 
|  34|0x0000000082200000, 0x0000000082300000, 0x0000000082300000|100%|HC|  |TAMS 0x0000000082200000| PB 0x0000000082200000| Complete 
|  35|0x0000000082300000, 0x0000000082400000, 0x0000000082400000|100%|HS|  |TAMS 0x0000000082300000| PB 0x0000000082300000| Complete 
|  36|0x0000000082400000, 0x0000000082500000, 0x0000000082500000|100%|HS|  |TAMS 0x0000000082400000| PB 0x0000000082400000| Complete 
|  37|0x0000000082500000, 0x0000000082600000, 0x0000000082600000|100%|HS|  |TAMS 0x0000000082500000| PB 0x0000000082500000| Complete 
|  38|0x0000000082600000, 0x0000000082700000, 0x0000000082700000|100%|HC|  |TAMS 0x0000000082600000| PB 0x0000000082600000| Complete 
|  39|0x0000000082700000, 0x0000000082800000, 0x0000000082800000|100%| O|  |TAMS 0x0000000082700000| PB 0x0000000082700000| Untracked 
|  40|0x0000000082800000, 0x0000000082900000, 0x0000000082900000|100%| O|  |TAMS 0x0000000082800000| PB 0x0000000082800000| Untracked 
|  41|0x0000000082900000, 0x0000000082a00000, 0x0000000082a00000|100%| O|  |TAMS 0x0000000082900000| PB 0x0000000082900000| Untracked 
|  42|0x0000000082a00000, 0x0000000082b00000, 0x0000000082b00000|100%| O|  |TAMS 0x0000000082a00000| PB 0x0000000082a00000| Untracked 
|  43|0x0000000082b00000, 0x0000000082c00000, 0x0000000082c00000|100%| O|  |TAMS 0x0000000082b00000| PB 0x0000000082b00000| Untracked 
|  44|0x0000000082c00000, 0x0000000082d00000, 0x0000000082d00000|100%|HS|  |TAMS 0x0000000082c00000| PB 0x0000000082c00000| Complete 
|  45|0x0000000082d00000, 0x0000000082e00000, 0x0000000082e00000|100%|HC|  |TAMS 0x0000000082d00000| PB 0x0000000082d00000| Complete 
|  46|0x0000000082e00000, 0x0000000082f00000, 0x0000000082f00000|100%|HC|  |TAMS 0x0000000082e00000| PB 0x0000000082e00000| Complete 
|  47|0x0000000082f00000, 0x0000000083000000, 0x0000000083000000|100%|HC|  |TAMS 0x0000000082f00000| PB 0x0000000082f00000| Complete 
|  48|0x0000000083000000, 0x0000000083100000, 0x0000000083100000|100%|HC|  |TAMS 0x0000000083000000| PB 0x0000000083000000| Complete 
|  49|0x0000000083100000, 0x0000000083200000, 0x0000000083200000|100%|HC|  |TAMS 0x0000000083100000| PB 0x0000000083100000| Complete 
|  50|0x0000000083200000, 0x0000000083300000, 0x0000000083300000|100%|HS|  |TAMS 0x0000000083200000| PB 0x0000000083200000| Complete 
|  51|0x0000000083300000, 0x0000000083400000, 0x0000000083400000|100%|HC|  |TAMS 0x0000000083300000| PB 0x0000000083300000| Complete 
|  52|0x0000000083400000, 0x0000000083500000, 0x0000000083500000|100%|HC|  |TAMS 0x0000000083400000| PB 0x0000000083400000| Complete 
|  53|0x0000000083500000, 0x0000000083600000, 0x0000000083600000|100%|HC|  |TAMS 0x0000000083500000| PB 0x0000000083500000| Complete 
|  54|0x0000000083600000, 0x0000000083700000, 0x0000000083700000|100%| O|  |TAMS 0x0000000083600000| PB 0x0000000083600000| Untracked 
|  55|0x0000000083700000, 0x0000000083800000, 0x0000000083800000|100%| O|  |TAMS 0x0000000083700000| PB 0x0000000083700000| Untracked 
|  56|0x0000000083800000, 0x0000000083900000, 0x0000000083900000|100%| O|  |TAMS 0x0000000083800000| PB 0x0000000083800000| Untracked 
|  57|0x0000000083900000, 0x0000000083a00000, 0x0000000083a00000|100%| O|  |TAMS 0x0000000083900000| PB 0x0000000083900000| Untracked 
|  58|0x0000000083a00000, 0x0000000083b00000, 0x0000000083b00000|100%| O|  |TAMS 0x0000000083a00000| PB 0x0000000083a00000| Untracked 
|  59|0x0000000083b00000, 0x0000000083c00000, 0x0000000083c00000|100%| O|  |TAMS 0x0000000083b00000| PB 0x0000000083b00000| Untracked 
|  60|0x0000000083c00000, 0x0000000083d00000, 0x0000000083d00000|100%| O|  |TAMS 0x0000000083c00000| PB 0x0000000083c00000| Untracked 
|  61|0x0000000083d00000, 0x0000000083e00000, 0x0000000083e00000|100%| O|  |TAMS 0x0000000083d00000| PB 0x0000000083d00000| Untracked 
|  62|0x0000000083e00000, 0x0000000083f00000, 0x0000000083f00000|100%| O|  |TAMS 0x0000000083e00000| PB 0x0000000083e00000| Untracked 
|  63|0x0000000083f00000, 0x0000000084000000, 0x0000000084000000|100%|HS|  |TAMS 0x0000000083f00000| PB 0x0000000083f00000| Complete 
|  64|0x0000000084000000, 0x0000000084100000, 0x0000000084100000|100%|HS|  |TAMS 0x0000000084000000| PB 0x0000000084000000| Complete 
|  65|0x0000000084100000, 0x0000000084200000, 0x0000000084200000|100%|HC|  |TAMS 0x0000000084100000| PB 0x0000000084100000| Complete 
|  66|0x0000000084200000, 0x0000000084300000, 0x0000000084300000|100%| O|  |TAMS 0x0000000084200000| PB 0x0000000084200000| Untracked 
|  67|0x0000000084300000, 0x0000000084400000, 0x0000000084400000|100%| O|  |TAMS 0x0000000084300000| PB 0x0000000084300000| Untracked 
|  68|0x0000000084400000, 0x0000000084500000, 0x0000000084500000|100%|HS|  |TAMS 0x0000000084400000| PB 0x0000000084400000| Complete 
|  69|0x0000000084500000, 0x0000000084600000, 0x0000000084600000|100%|HC|  |TAMS 0x0000000084500000| PB 0x0000000084500000| Complete 
|  70|0x0000000084600000, 0x0000000084700000, 0x0000000084700000|100%|HC|  |TAMS 0x0000000084600000| PB 0x0000000084600000| Complete 
|  71|0x0000000084700000, 0x0000000084800000, 0x0000000084800000|100%|HC|  |TAMS 0x0000000084700000| PB 0x0000000084700000| Complete 
|  72|0x0000000084800000, 0x0000000084900000, 0x0000000084900000|100%|HC|  |TAMS 0x0000000084800000| PB 0x0000000084800000| Complete 
|  73|0x0000000084900000, 0x0000000084a00000, 0x0000000084a00000|100%|HC|  |TAMS 0x0000000084900000| PB 0x0000000084900000| Complete 
|  74|0x0000000084a00000, 0x0000000084b00000, 0x0000000084b00000|100%|HS|  |TAMS 0x0000000084a00000| PB 0x0000000084a00000| Complete 
|  75|0x0000000084b00000, 0x0000000084c00000, 0x0000000084c00000|100%| O|  |TAMS 0x0000000084b00000| PB 0x0000000084b00000| Untracked 
|  76|0x0000000084c00000, 0x0000000084d00000, 0x0000000084d00000|100%| O|  |TAMS 0x0000000084c00000| PB 0x0000000084c00000| Untracked 
|  77|0x0000000084d00000, 0x0000000084e00000, 0x0000000084e00000|100%| O|  |TAMS 0x0000000084d00000| PB 0x0000000084d00000| Untracked 
|  78|0x0000000084e00000, 0x0000000084e350a0, 0x0000000084f00000| 20%| O|  |TAMS 0x0000000084e00000| PB 0x0000000084e00000| Untracked 
|  79|0x0000000084f00000, 0x0000000085000000, 0x0000000085000000|100%| O|  |TAMS 0x0000000084f00000| PB 0x0000000084f00000| Untracked 
|  80|0x0000000085000000, 0x0000000085100000, 0x0000000085100000|100%| O|  |TAMS 0x0000000085000000| PB 0x0000000085000000| Untracked 
|  81|0x0000000085100000, 0x0000000085200000, 0x0000000085200000|100%| O|  |TAMS 0x0000000085100000| PB 0x0000000085100000| Untracked 
|  82|0x0000000085200000, 0x0000000085300000, 0x0000000085300000|100%| O|  |TAMS 0x0000000085200000| PB 0x0000000085200000| Untracked 
|  83|0x0000000085300000, 0x0000000085300000, 0x0000000085400000|  0%| F|  |TAMS 0x0000000085300000| PB 0x0000000085300000| Untracked 
|  84|0x0000000085400000, 0x0000000085400000, 0x0000000085500000|  0%| F|  |TAMS 0x0000000085400000| PB 0x0000000085400000| Untracked 
|  85|0x0000000085500000, 0x0000000085600000, 0x0000000085600000|100%|HS|  |TAMS 0x0000000085500000| PB 0x0000000085500000| Complete 
|  86|0x0000000085600000, 0x0000000085700000, 0x0000000085700000|100%|HC|  |TAMS 0x0000000085600000| PB 0x0000000085600000| Complete 
|  87|0x0000000085700000, 0x0000000085800000, 0x0000000085800000|100%|HC|  |TAMS 0x0000000085700000| PB 0x0000000085700000| Complete 
|  88|0x0000000085800000, 0x0000000085900000, 0x0000000085900000|100%|HC|  |TAMS 0x0000000085800000| PB 0x0000000085800000| Complete 
|  89|0x0000000085900000, 0x0000000085a00000, 0x0000000085a00000|100%|HC|  |TAMS 0x0000000085900000| PB 0x0000000085900000| Complete 
|  90|0x0000000085a00000, 0x0000000085b00000, 0x0000000085b00000|100%|HC|  |TAMS 0x0000000085a00000| PB 0x0000000085a00000| Complete 
|  91|0x0000000085b00000, 0x0000000085b00000, 0x0000000085c00000|  0%| F|  |TAMS 0x0000000085b00000| PB 0x0000000085b00000| Untracked 
|  92|0x0000000085c00000, 0x0000000085c00000, 0x0000000085d00000|  0%| F|  |TAMS 0x0000000085c00000| PB 0x0000000085c00000| Untracked 
|  93|0x0000000085d00000, 0x0000000085e00000, 0x0000000085e00000|100%| O|  |TAMS 0x0000000085d00000| PB 0x0000000085d00000| Untracked 
|  94|0x0000000085e00000, 0x0000000085f00000, 0x0000000085f00000|100%| O|  |TAMS 0x0000000085e00000| PB 0x0000000085e00000| Untracked 
|  95|0x0000000085f00000, 0x0000000086000000, 0x0000000086000000|100%| O|  |TAMS 0x0000000085f00000| PB 0x0000000085f00000| Untracked 
|  96|0x0000000086000000, 0x0000000086100000, 0x0000000086100000|100%| O|  |TAMS 0x0000000086000000| PB 0x0000000086000000| Untracked 
|  97|0x0000000086100000, 0x0000000086200000, 0x0000000086200000|100%| O|  |TAMS 0x0000000086100000| PB 0x0000000086100000| Untracked 
|  98|0x0000000086200000, 0x0000000086200000, 0x0000000086300000|  0%| F|  |TAMS 0x0000000086200000| PB 0x0000000086200000| Untracked 
|  99|0x0000000086300000, 0x0000000086300000, 0x0000000086400000|  0%| F|  |TAMS 0x0000000086300000| PB 0x0000000086300000| Untracked 
| 100|0x0000000086400000, 0x0000000086400000, 0x0000000086500000|  0%| F|  |TAMS 0x0000000086400000| PB 0x0000000086400000| Untracked 
| 101|0x0000000086500000, 0x0000000086500000, 0x0000000086600000|  0%| F|  |TAMS 0x0000000086500000| PB 0x0000000086500000| Untracked 
| 102|0x0000000086600000, 0x000000008669da30, 0x0000000086700000| 61%| S|CS|TAMS 0x0000000086600000| PB 0x0000000086600000| Complete 
| 103|0x0000000086700000, 0x0000000086800000, 0x0000000086800000|100%| S|CS|TAMS 0x0000000086700000| PB 0x0000000086700000| Complete 
| 104|0x0000000086800000, 0x0000000086900000, 0x0000000086900000|100%| S|CS|TAMS 0x0000000086800000| PB 0x0000000086800000| Complete 
| 105|0x0000000086900000, 0x0000000086a00000, 0x0000000086a00000|100%| S|CS|TAMS 0x0000000086900000| PB 0x0000000086900000| Complete 
| 106|0x0000000086a00000, 0x0000000086b00000, 0x0000000086b00000|100%| S|CS|TAMS 0x0000000086a00000| PB 0x0000000086a00000| Complete 
| 107|0x0000000086b00000, 0x0000000086c00000, 0x0000000086c00000|100%| S|CS|TAMS 0x0000000086b00000| PB 0x0000000086b00000| Complete 
| 108|0x0000000086c00000, 0x0000000086d00000, 0x0000000086d00000|100%| S|CS|TAMS 0x0000000086c00000| PB 0x0000000086c00000| Complete 
| 109|0x0000000086d00000, 0x0000000086e00000, 0x0000000086e00000|100%| S|CS|TAMS 0x0000000086d00000| PB 0x0000000086d00000| Complete 
| 110|0x0000000086e00000, 0x0000000086e00000, 0x0000000086f00000|  0%| F|  |TAMS 0x0000000086e00000| PB 0x0000000086e00000| Untracked 
| 111|0x0000000086f00000, 0x0000000086f00000, 0x0000000087000000|  0%| F|  |TAMS 0x0000000086f00000| PB 0x0000000086f00000| Untracked 
| 112|0x0000000087000000, 0x0000000087000000, 0x0000000087100000|  0%| F|  |TAMS 0x0000000087000000| PB 0x0000000087000000| Untracked 
| 113|0x0000000087100000, 0x0000000087100000, 0x0000000087200000|  0%| F|  |TAMS 0x0000000087100000| PB 0x0000000087100000| Untracked 
| 114|0x0000000087200000, 0x0000000087200000, 0x0000000087300000|  0%| F|  |TAMS 0x0000000087200000| PB 0x0000000087200000| Untracked 
| 115|0x0000000087300000, 0x0000000087300000, 0x0000000087400000|  0%| F|  |TAMS 0x0000000087300000| PB 0x0000000087300000| Untracked 
| 116|0x0000000087400000, 0x0000000087400000, 0x0000000087500000|  0%| F|  |TAMS 0x0000000087400000| PB 0x0000000087400000| Untracked 
| 117|0x0000000087500000, 0x0000000087500000, 0x0000000087600000|  0%| F|  |TAMS 0x0000000087500000| PB 0x0000000087500000| Untracked 
| 118|0x0000000087600000, 0x0000000087600000, 0x0000000087700000|  0%| F|  |TAMS 0x0000000087600000| PB 0x0000000087600000| Untracked 
| 119|0x0000000087700000, 0x0000000087700000, 0x0000000087800000|  0%| F|  |TAMS 0x0000000087700000| PB 0x0000000087700000| Untracked 
| 120|0x0000000087800000, 0x0000000087800000, 0x0000000087900000|  0%| F|  |TAMS 0x0000000087800000| PB 0x0000000087800000| Untracked 
| 121|0x0000000087900000, 0x0000000087900000, 0x0000000087a00000|  0%| F|  |TAMS 0x0000000087900000| PB 0x0000000087900000| Untracked 
| 122|0x0000000087a00000, 0x0000000087a00000, 0x0000000087b00000|  0%| F|  |TAMS 0x0000000087a00000| PB 0x0000000087a00000| Untracked 
| 123|0x0000000087b00000, 0x0000000087b00000, 0x0000000087c00000|  0%| F|  |TAMS 0x0000000087b00000| PB 0x0000000087b00000| Untracked 
| 124|0x0000000087c00000, 0x0000000087c00000, 0x0000000087d00000|  0%| F|  |TAMS 0x0000000087c00000| PB 0x0000000087c00000| Untracked 
| 125|0x0000000087d00000, 0x0000000087d00000, 0x0000000087e00000|  0%| F|  |TAMS 0x0000000087d00000| PB 0x0000000087d00000| Untracked 
| 126|0x0000000087e00000, 0x0000000087e00000, 0x0000000087f00000|  0%| F|  |TAMS 0x0000000087e00000| PB 0x0000000087e00000| Untracked 
| 127|0x0000000087f00000, 0x0000000087f00000, 0x0000000088000000|  0%| F|  |TAMS 0x0000000087f00000| PB 0x0000000087f00000| Untracked 
| 128|0x0000000088000000, 0x0000000088000000, 0x0000000088100000|  0%| F|  |TAMS 0x0000000088000000| PB 0x0000000088000000| Untracked 
| 129|0x0000000088100000, 0x0000000088100000, 0x0000000088200000|  0%| F|  |TAMS 0x0000000088100000| PB 0x0000000088100000| Untracked 
| 130|0x0000000088200000, 0x0000000088200000, 0x0000000088300000|  0%| F|  |TAMS 0x0000000088200000| PB 0x0000000088200000| Untracked 
| 131|0x0000000088300000, 0x0000000088300000, 0x0000000088400000|  0%| F|  |TAMS 0x0000000088300000| PB 0x0000000088300000| Untracked 
| 132|0x0000000088400000, 0x0000000088400000, 0x0000000088500000|  0%| F|  |TAMS 0x0000000088400000| PB 0x0000000088400000| Untracked 
| 133|0x0000000088500000, 0x0000000088500000, 0x0000000088600000|  0%| F|  |TAMS 0x0000000088500000| PB 0x0000000088500000| Untracked 
| 134|0x0000000088600000, 0x0000000088600000, 0x0000000088700000|  0%| F|  |TAMS 0x0000000088600000| PB 0x0000000088600000| Untracked 
| 135|0x0000000088700000, 0x0000000088700000, 0x0000000088800000|  0%| F|  |TAMS 0x0000000088700000| PB 0x0000000088700000| Untracked 
| 136|0x0000000088800000, 0x0000000088800000, 0x0000000088900000|  0%| F|  |TAMS 0x0000000088800000| PB 0x0000000088800000| Untracked 
| 137|0x0000000088900000, 0x0000000088900000, 0x0000000088a00000|  0%| F|  |TAMS 0x0000000088900000| PB 0x0000000088900000| Untracked 
| 138|0x0000000088a00000, 0x0000000088a00000, 0x0000000088b00000|  0%| F|  |TAMS 0x0000000088a00000| PB 0x0000000088a00000| Untracked 
| 139|0x0000000088b00000, 0x0000000088b00000, 0x0000000088c00000|  0%| F|  |TAMS 0x0000000088b00000| PB 0x0000000088b00000| Untracked 
| 140|0x0000000088c00000, 0x0000000088c00000, 0x0000000088d00000|  0%| F|  |TAMS 0x0000000088c00000| PB 0x0000000088c00000| Untracked 
| 141|0x0000000088d00000, 0x0000000088d00000, 0x0000000088e00000|  0%| F|  |TAMS 0x0000000088d00000| PB 0x0000000088d00000| Untracked 
| 142|0x0000000088e00000, 0x0000000088e00000, 0x0000000088f00000|  0%| F|  |TAMS 0x0000000088e00000| PB 0x0000000088e00000| Untracked 
| 143|0x0000000088f00000, 0x0000000088f00000, 0x0000000089000000|  0%| F|  |TAMS 0x0000000088f00000| PB 0x0000000088f00000| Untracked 
| 144|0x0000000089000000, 0x0000000089000000, 0x0000000089100000|  0%| F|  |TAMS 0x0000000089000000| PB 0x0000000089000000| Untracked 
| 145|0x0000000089100000, 0x0000000089100000, 0x0000000089200000|  0%| F|  |TAMS 0x0000000089100000| PB 0x0000000089100000| Untracked 
| 146|0x0000000089200000, 0x0000000089200000, 0x0000000089300000|  0%| F|  |TAMS 0x0000000089200000| PB 0x0000000089200000| Untracked 
| 147|0x0000000089300000, 0x0000000089300000, 0x0000000089400000|  0%| F|  |TAMS 0x0000000089300000| PB 0x0000000089300000| Untracked 
| 148|0x0000000089400000, 0x0000000089400000, 0x0000000089500000|  0%| F|  |TAMS 0x0000000089400000| PB 0x0000000089400000| Untracked 
| 149|0x0000000089500000, 0x0000000089500000, 0x0000000089600000|  0%| F|  |TAMS 0x0000000089500000| PB 0x0000000089500000| Untracked 
| 150|0x0000000089600000, 0x0000000089600000, 0x0000000089700000|  0%| F|  |TAMS 0x0000000089600000| PB 0x0000000089600000| Untracked 
| 151|0x0000000089700000, 0x0000000089700000, 0x0000000089800000|  0%| F|  |TAMS 0x0000000089700000| PB 0x0000000089700000| Untracked 
| 152|0x0000000089800000, 0x0000000089800000, 0x0000000089900000|  0%| F|  |TAMS 0x0000000089800000| PB 0x0000000089800000| Untracked 
| 153|0x0000000089900000, 0x0000000089900000, 0x0000000089a00000|  0%| F|  |TAMS 0x0000000089900000| PB 0x0000000089900000| Untracked 
| 154|0x0000000089a00000, 0x0000000089a00000, 0x0000000089b00000|  0%| F|  |TAMS 0x0000000089a00000| PB 0x0000000089a00000| Untracked 
| 155|0x0000000089b00000, 0x0000000089c00000, 0x0000000089c00000|100%| E|  |TAMS 0x0000000089b00000| PB 0x0000000089b00000| Complete 
| 156|0x0000000089c00000, 0x0000000089d00000, 0x0000000089d00000|100%| E|CS|TAMS 0x0000000089c00000| PB 0x0000000089c00000| Complete 
| 157|0x0000000089d00000, 0x0000000089e00000, 0x0000000089e00000|100%| E|CS|TAMS 0x0000000089d00000| PB 0x0000000089d00000| Complete 
| 158|0x0000000089e00000, 0x0000000089f00000, 0x0000000089f00000|100%| E|CS|TAMS 0x0000000089e00000| PB 0x0000000089e00000| Complete 
| 159|0x0000000089f00000, 0x000000008a000000, 0x000000008a000000|100%| E|CS|TAMS 0x0000000089f00000| PB 0x0000000089f00000| Complete 
| 160|0x000000008a000000, 0x000000008a100000, 0x000000008a100000|100%| E|CS|TAMS 0x000000008a000000| PB 0x000000008a000000| Complete 
| 161|0x000000008a100000, 0x000000008a200000, 0x000000008a200000|100%| E|CS|TAMS 0x000000008a100000| PB 0x000000008a100000| Complete 
| 162|0x000000008a200000, 0x000000008a300000, 0x000000008a300000|100%| E|CS|TAMS 0x000000008a200000| PB 0x000000008a200000| Complete 
| 163|0x000000008a300000, 0x000000008a400000, 0x000000008a400000|100%| E|CS|TAMS 0x000000008a300000| PB 0x000000008a300000| Complete 
| 164|0x000000008a400000, 0x000000008a500000, 0x000000008a500000|100%| E|CS|TAMS 0x000000008a400000| PB 0x000000008a400000| Complete 
|2041|0x00000000ff900000, 0x00000000ffa00000, 0x00000000ffa00000|100%| O|  |TAMS 0x00000000ff900000| PB 0x00000000ff900000| Untracked 
|2042|0x00000000ffa00000, 0x00000000ffb00000, 0x00000000ffb00000|100%| O|  |TAMS 0x00000000ffa00000| PB 0x00000000ffa00000| Untracked 
|2043|0x00000000ffb00000, 0x00000000ffc00000, 0x00000000ffc00000|100%| O|  |TAMS 0x00000000ffb00000| PB 0x00000000ffb00000| Untracked 
|2044|0x00000000ffc00000, 0x00000000ffd00000, 0x00000000ffd00000|100%| E|CS|TAMS 0x00000000ffc00000| PB 0x00000000ffc00000| Complete 
|2045|0x00000000ffd00000, 0x00000000ffe00000, 0x00000000ffe00000|100%| E|CS|TAMS 0x00000000ffd00000| PB 0x00000000ffd00000| Complete 
|2046|0x00000000ffe00000, 0x00000000fff00000, 0x00000000fff00000|100%| O|  |TAMS 0x00000000ffe00000| PB 0x00000000ffe00000| Untracked 
|2047|0x00000000fff00000, 0x0000000100000000, 0x0000000100000000|100%| O|  |TAMS 0x00000000fff00000| PB 0x00000000fff00000| Untracked 

Card table byte_map: [0x00000228d1db0000,0x00000228d21b0000] _byte_map_base: 0x00000228d19b0000

Marking Bits: (CMBitMap*) 0x00000228bf5847e0
 Bits: [0x00000228d21b0000, 0x00000228d41b0000)

Polling page: 0x00000228bd350000

Metaspace:

Usage:
  Non-class:     71.41 MB used.
      Class:     11.27 MB used.
       Both:     82.68 MB used.

Virtual space:
  Non-class space:      128.00 MB reserved,      72.38 MB ( 57%) committed,  2 nodes.
      Class space:        1.00 GB reserved,      12.19 MB (  1%) committed,  1 nodes.
             Both:        1.12 GB reserved,      84.56 MB (  7%) committed. 

Chunk freelists:
   Non-Class:  6.92 MB
       Class:  3.86 MB
        Both:  10.78 MB

MaxMetaspaceSize: unlimited
CompressedClassSpaceSize: 1.00 GB
Initial GC threshold: 21.00 MB
Current GC threshold: 115.31 MB
CDS: off
 - commit_granule_bytes: 65536.
 - commit_granule_words: 8192.
 - virtual_space_node_default_size: 8388608.
 - enlarge_chunks_in_place: 1.
 - use_allocation_guard: 0.


Internal statistics:

num_allocs_failed_limit: 6.
num_arena_births: 3400.
num_arena_deaths: 0.
num_vsnodes_births: 3.
num_vsnodes_deaths: 0.
num_space_committed: 1353.
num_space_uncommitted: 0.
num_chunks_returned_to_freelist: 6.
num_chunks_taken_from_freelist: 6777.
num_chunk_merges: 3.
num_chunk_splits: 4425.
num_chunks_enlarged: 2775.
num_inconsistent_stats: 0.

CodeHeap 'non-profiled nmethods': size=120000Kb used=4802Kb max_used=4802Kb free=115197Kb
 bounds [0x00000228ca150000, 0x00000228ca610000, 0x00000228d1680000]
CodeHeap 'profiled nmethods': size=120000Kb used=13485Kb max_used=13485Kb free=106514Kb
 bounds [0x00000228c2680000, 0x00000228c33b0000, 0x00000228c9bb0000]
CodeHeap 'non-nmethods': size=5760Kb used=2832Kb max_used=2865Kb free=2927Kb
 bounds [0x00000228c9bb0000, 0x00000228c9e90000, 0x00000228ca150000]
 total_blobs=8105 nmethods=7152 adapters=857
 compilation: enabled
              stopped_count=0, restarted_count=0
 full_count=0

Compilation events (20 events):
Event: 12.826 Thread 0x00000228db0a14d0 8223       4       sun.security.util.math.intpoly.IntegerPolynomial25519::carryReduce (639 bytes)
Event: 12.826 Thread 0x00000228db0ac140 nmethod 8217 0x00000228c3389710 code [0x00000228c3389900, 0x00000228c3389e08]
Event: 12.826 Thread 0x00000228db0ac140 8214       3       sun.security.util.math.intpoly.IntegerPolynomial$MutableElement::setProduct (6 bytes)
Event: 12.826 Thread 0x00000228db0ac140 nmethod 8214 0x00000228c3389f90 code [0x00000228c338a140, 0x00000228c338a280]
Event: 12.826 Thread 0x00000228db0ac140 8215       3       sun.security.util.math.intpoly.IntegerPolynomial$MutableElement::setDifference (6 bytes)
Event: 12.826 Thread 0x00000228db0ac140 nmethod 8215 0x00000228c338a310 code [0x00000228c338a4c0, 0x00000228c338a600]
Event: 12.826 Thread 0x00000228db0ac140 8218       3       sun.security.util.math.intpoly.IntegerPolynomial$MutableElement::setSum (6 bytes)
Event: 12.826 Thread 0x00000228db0ac140 nmethod 8218 0x00000228c338a690 code [0x00000228c338a840, 0x00000228c338a980]
Event: 12.826 Thread 0x00000228db0ac140 8226       3       sun.security.util.math.intpoly.IntegerPolynomial::conditionalSwap (56 bytes)
Event: 12.826 Thread 0x00000228db0ac140 nmethod 8226 0x00000228c338aa10 code [0x00000228c338abc0, 0x00000228c338adb8]
Event: 12.826 Thread 0x00000228db0ac140 8220       3       sun.security.util.math.intpoly.IntegerPolynomial$MutableElement::setSquare (5 bytes)
Event: 12.826 Thread 0x00000228db0ac140 nmethod 8220 0x00000228c338af10 code [0x00000228c338b0c0, 0x00000228c338b200]
Event: 12.826 Thread 0x00000228db0ac140 8221       3       sun.security.util.math.intpoly.IntegerPolynomial$MutableElement::setSquare (52 bytes)
Event: 12.827 Thread 0x00000228db0ac140 nmethod 8221 0x00000228c338b290 code [0x00000228c338b460, 0x00000228c338b750]
Event: 12.827 Thread 0x00000228db0ac140 8222       3       sun.security.util.math.intpoly.IntegerPolynomial25519::square (613 bytes)
Event: 12.827 Thread 0x00000228db0ac140 nmethod 8222 0x00000228c338b890 code [0x00000228c338ba60, 0x00000228c338c2c8]
Event: 12.827 Thread 0x00000228db0ac140 8224       3       sun.security.ec.XECOperations::cswap (9 bytes)
Event: 12.828 Thread 0x00000228db0ac140 nmethod 8224 0x00000228c338c510 code [0x00000228c338c6c0, 0x00000228c338c828]
Event: 12.828 Thread 0x00000228db0ac140 8225       3       sun.security.util.math.intpoly.IntegerPolynomial$MutableElement::conditionalSwapWith (65 bytes)
Event: 12.828 Thread 0x00000228db0ac140 nmethod 8225 0x00000228c338c910 code [0x00000228c338cac0, 0x00000228c338cd20]

GC Heap History (20 events):
Event: 7.912 GC heap before
{Heap before GC invocations=18 (full 0):
 garbage-first heap   total 125952K, used 110755K [0x0000000080000000, 0x0000000100000000)
  region size 1024K, 44 young (45056K), 4 survivors (4096K)
 Metaspace       used 56737K, committed 58368K, reserved 1114112K
  class space    used 7720K, committed 8512K, reserved 1048576K
}
Event: 7.919 GC heap after
{Heap after GC invocations=19 (full 0):
 garbage-first heap   total 125952K, used 73561K [0x0000000080000000, 0x0000000100000000)
  region size 1024K, 6 young (6144K), 6 survivors (6144K)
 Metaspace       used 56737K, committed 58368K, reserved 1114112K
  class space    used 7720K, committed 8512K, reserved 1048576K
}
Event: 7.924 GC heap before
{Heap before GC invocations=19 (full 0):
 garbage-first heap   total 125952K, used 73561K [0x0000000080000000, 0x0000000100000000)
  region size 1024K, 7 young (7168K), 6 survivors (6144K)
 Metaspace       used 56742K, committed 58368K, reserved 1114112K
  class space    used 7720K, committed 8512K, reserved 1048576K
}
Event: 7.930 GC heap after
{Heap after GC invocations=20 (full 0):
 garbage-first heap   total 125952K, used 74105K [0x0000000080000000, 0x0000000100000000)
  region size 1024K, 4 young (4096K), 4 survivors (4096K)
 Metaspace       used 56742K, committed 58368K, reserved 1114112K
  class space    used 7720K, committed 8512K, reserved 1048576K
}
Event: 8.557 GC heap before
{Heap before GC invocations=21 (full 0):
 garbage-first heap   total 128000K, used 123257K [0x0000000080000000, 0x0000000100000000)
  region size 1024K, 43 young (44032K), 4 survivors (4096K)
 Metaspace       used 60096K, committed 61696K, reserved 1114112K
  class space    used 8253K, committed 9024K, reserved 1048576K
}
Event: 8.564 GC heap after
{Heap after GC invocations=22 (full 0):
 garbage-first heap   total 132096K, used 87453K [0x0000000080000000, 0x0000000100000000)
  region size 1024K, 6 young (6144K), 6 survivors (6144K)
 Metaspace       used 60096K, committed 61696K, reserved 1114112K
  class space    used 8253K, committed 9024K, reserved 1048576K
}
Event: 8.842 GC heap before
{Heap before GC invocations=22 (full 0):
 garbage-first heap   total 132096K, used 118173K [0x0000000080000000, 0x0000000100000000)
  region size 1024K, 36 young (36864K), 6 survivors (6144K)
 Metaspace       used 60327K, committed 61888K, reserved 1114112K
  class space    used 8267K, committed 9024K, reserved 1048576K
}
Event: 8.852 GC heap after
{Heap after GC invocations=23 (full 0):
 garbage-first heap   total 132096K, used 89088K [0x0000000080000000, 0x0000000100000000)
  region size 1024K, 2 young (2048K), 2 survivors (2048K)
 Metaspace       used 60327K, committed 61888K, reserved 1114112K
  class space    used 8267K, committed 9024K, reserved 1048576K
}
Event: 9.020 GC heap before
{Heap before GC invocations=23 (full 0):
 garbage-first heap   total 132096K, used 121856K [0x0000000080000000, 0x0000000100000000)
  region size 1024K, 34 young (34816K), 2 survivors (2048K)
 Metaspace       used 60363K, committed 61952K, reserved 1114112K
  class space    used 8269K, committed 9024K, reserved 1048576K
}
Event: 9.024 GC heap after
{Heap after GC invocations=24 (full 0):
 garbage-first heap   total 158720K, used 89517K [0x0000000080000000, 0x0000000100000000)
  region size 1024K, 3 young (3072K), 3 survivors (3072K)
 Metaspace       used 60363K, committed 61952K, reserved 1114112K
  class space    used 8269K, committed 9024K, reserved 1048576K
}
Event: 9.246 GC heap before
{Heap before GC invocations=25 (full 0):
 garbage-first heap   total 158720K, used 142765K [0x0000000080000000, 0x0000000100000000)
  region size 1024K, 55 young (56320K), 3 survivors (3072K)
 Metaspace       used 60372K, committed 61952K, reserved 1114112K
  class space    used 8270K, committed 9024K, reserved 1048576K
}
Event: 9.251 GC heap after
{Heap after GC invocations=26 (full 0):
 garbage-first heap   total 158720K, used 90756K [0x0000000080000000, 0x0000000100000000)
  region size 1024K, 4 young (4096K), 4 survivors (4096K)
 Metaspace       used 60372K, committed 61952K, reserved 1114112K
  class space    used 8270K, committed 9024K, reserved 1048576K
}
Event: 10.342 GC heap before
{Heap before GC invocations=26 (full 0):
 garbage-first heap   total 158720K, used 154244K [0x0000000080000000, 0x0000000100000000)
  region size 1024K, 57 young (58368K), 4 survivors (4096K)
 Metaspace       used 66101K, committed 67776K, reserved 1114112K
  class space    used 8876K, committed 9728K, reserved 1048576K
}
Event: 10.351 GC heap after
{Heap after GC invocations=27 (full 0):
 garbage-first heap   total 164864K, used 101587K [0x0000000080000000, 0x0000000100000000)
  region size 1024K, 8 young (8192K), 8 survivors (8192K)
 Metaspace       used 66101K, committed 67776K, reserved 1114112K
  class space    used 8876K, committed 9728K, reserved 1048576K
}
Event: 10.817 GC heap before
{Heap before GC invocations=27 (full 0):
 garbage-first heap   total 164864K, used 146643K [0x0000000080000000, 0x0000000100000000)
  region size 1024K, 52 young (53248K), 8 survivors (8192K)
 Metaspace       used 68764K, committed 70464K, reserved 1114112K
  class space    used 9269K, committed 10112K, reserved 1048576K
}
Event: 10.825 GC heap after
{Heap after GC invocations=28 (full 0):
 garbage-first heap   total 164864K, used 103851K [0x0000000080000000, 0x0000000100000000)
  region size 1024K, 3 young (3072K), 3 survivors (3072K)
 Metaspace       used 68764K, committed 70464K, reserved 1114112K
  class space    used 9269K, committed 10112K, reserved 1048576K
}
Event: 11.576 GC heap before
{Heap before GC invocations=29 (full 0):
 garbage-first heap   total 176128K, used 149931K [0x0000000080000000, 0x0000000100000000)
  region size 1024K, 48 young (49152K), 3 survivors (3072K)
 Metaspace       used 74866K, committed 76672K, reserved 1179648K
  class space    used 10168K, committed 11072K, reserved 1048576K
}
Event: 11.582 GC heap after
{Heap after GC invocations=30 (full 0):
 garbage-first heap   total 176128K, used 105879K [0x0000000080000000, 0x0000000100000000)
  region size 1024K, 5 young (5120K), 5 survivors (5120K)
 Metaspace       used 74866K, committed 76672K, reserved 1179648K
  class space    used 10168K, committed 11072K, reserved 1048576K
}
Event: 12.480 GC heap before
{Heap before GC invocations=30 (full 0):
 garbage-first heap   total 176128K, used 159127K [0x0000000080000000, 0x0000000100000000)
  region size 1024K, 57 young (58368K), 5 survivors (5120K)
 Metaspace       used 82065K, committed 83904K, reserved 1179648K
  class space    used 11164K, committed 12096K, reserved 1048576K
}
Event: 12.488 GC heap after
{Heap after GC invocations=31 (full 0):
 garbage-first heap   total 176128K, used 108362K [0x0000000080000000, 0x0000000100000000)
  region size 1024K, 8 young (8192K), 8 survivors (8192K)
 Metaspace       used 82065K, committed 83904K, reserved 1179648K
  class space    used 11164K, committed 12096K, reserved 1048576K
}

Dll operation events (3 events):
Event: 0.010 Loaded shared library C:\Program Files\Android\Android Studio\jbr\bin\java.dll
Event: 0.016 Loaded shared library C:\Program Files\Android\Android Studio\jbr\bin\zip.dll
Event: 0.892 Loaded shared library C:\Program Files\Android\Android Studio\jbr\bin\verify.dll

Deoptimization events (20 events):
Event: 12.549 Thread 0x00000228dcdc6440 DEOPT PACKING pc=0x00000228ca18b3c4 sp=0x0000009b7adf6110
Event: 12.549 Thread 0x00000228dcdc6440 DEOPT UNPACKING pc=0x00000228c9c046a2 sp=0x0000009b7adf60a8 mode 2
Event: 12.553 Thread 0x00000228dcdc6440 Uncommon trap: trap_request=0xffffff45 fr.pc=0x00000228ca257614 relative=0x00000000000013d4
Event: 12.553 Thread 0x00000228dcdc6440 Uncommon trap: reason=unstable_if action=reinterpret pc=0x00000228ca257614 method=java.util.concurrent.ConcurrentHashMap.transfer([Ljava/util/concurrent/ConcurrentHashMap$Node;[Ljava/util/concurrent/ConcurrentHashMap$Node;)V @ 352 c2
Event: 12.553 Thread 0x00000228dcdc6440 DEOPT PACKING pc=0x00000228ca257614 sp=0x0000009b7adf5f90
Event: 12.553 Thread 0x00000228dcdc6440 DEOPT UNPACKING pc=0x00000228c9c046a2 sp=0x0000009b7adf5f28 mode 2
Event: 12.568 Thread 0x00000228dcdc6440 DEOPT PACKING pc=0x00000228c3371019 sp=0x0000009b7adf5d80
Event: 12.568 Thread 0x00000228dcdc6440 DEOPT UNPACKING pc=0x00000228c9c04e42 sp=0x0000009b7adf5290 mode 0
Event: 12.577 Thread 0x00000228dcdc6440 DEOPT PACKING pc=0x00000228ca5a2420 sp=0x0000009b7adf0b10
Event: 12.577 Thread 0x00000228dcdc6440 DEOPT UNPACKING pc=0x00000228c9c04e42 sp=0x0000009b7adefe20 mode 0
Event: 12.577 Thread 0x00000228dcdc6440 DEOPT PACKING pc=0x00000228ca5a2420 sp=0x0000009b7adf2280
Event: 12.577 Thread 0x00000228dcdc6440 DEOPT UNPACKING pc=0x00000228c9c04e42 sp=0x0000009b7adf1590 mode 0
Event: 12.790 Thread 0x00000228dcdc6440 Uncommon trap: trap_request=0xffffff45 fr.pc=0x00000228ca5fb2a8 relative=0x0000000000000108
Event: 12.790 Thread 0x00000228dcdc6440 Uncommon trap: reason=unstable_if action=reinterpret pc=0x00000228ca5fb2a8 method=jdk.internal.misc.Unsafe.convEndian(ZC)C @ 4 c2
Event: 12.791 Thread 0x00000228dcdc6440 DEOPT PACKING pc=0x00000228ca5fb2a8 sp=0x0000009b7adf3dc0
Event: 12.791 Thread 0x00000228dcdc6440 DEOPT UNPACKING pc=0x00000228c9c046a2 sp=0x0000009b7adf3b58 mode 2
Event: 12.794 Thread 0x00000228dcdc6440 Uncommon trap: trap_request=0xffffff45 fr.pc=0x00000228ca1ae9a8 relative=0x0000000000000248
Event: 12.794 Thread 0x00000228dcdc6440 Uncommon trap: reason=unstable_if action=reinterpret pc=0x00000228ca1ae9a8 method=java.util.regex.Pattern$BmpCharProperty.match(Ljava/util/regex/Matcher;ILjava/lang/CharSequence;)Z @ 39 c2
Event: 12.794 Thread 0x00000228dcdc6440 DEOPT PACKING pc=0x00000228ca1ae9a8 sp=0x0000009b7adf5920
Event: 12.794 Thread 0x00000228dcdc6440 DEOPT UNPACKING pc=0x00000228c9c046a2 sp=0x0000009b7adf58c0 mode 2

Classes loaded (20 events):
Event: 12.819 Loading class sun/security/ssl/DHKeyExchange$DHEKAGenerator done
Event: 12.819 Loading class sun/security/ssl/ECDHKeyExchange
Event: 12.819 Loading class sun/security/ssl/ECDHKeyExchange done
Event: 12.819 Loading class sun/security/ssl/ECDHKeyExchange$ECDHEPossessionGenerator
Event: 12.819 Loading class sun/security/ssl/ECDHKeyExchange$ECDHEPossessionGenerator done
Event: 12.819 Loading class sun/security/ssl/ECDHKeyExchange$ECDHKAGenerator
Event: 12.819 Loading class sun/security/ssl/ECDHKeyExchange$ECDHKAGenerator done
Event: 12.819 Loading class sun/security/ssl/ECDHKeyExchange$ECDHEKAGenerator
Event: 12.819 Loading class sun/security/ssl/ECDHKeyExchange$ECDHEKAGenerator done
Event: 12.819 Loading class sun/security/ssl/ECDHKeyExchange$ECDHEXDHKAGenerator
Event: 12.819 Loading class sun/security/ssl/ECDHKeyExchange$ECDHEXDHKAGenerator done
Event: 12.819 Loading class sun/security/ssl/XDHKeyExchange$XDHEPossession
Event: 12.820 Loading class sun/security/ssl/XDHKeyExchange$XDHEPossession done
Event: 12.822 Loading class sun/security/jca/JCAUtil$CachedSecureRandomHolder
Event: 12.822 Loading class sun/security/jca/JCAUtil$CachedSecureRandomHolder done
Event: 12.822 Loading class sun/security/util/math/intpoly/IntegerPolynomial$MutableElement
Event: 12.822 Loading class sun/security/util/math/MutableIntegerModuloP
Event: 12.822 Loading class sun/security/util/math/MutableIntegerModuloP done
Event: 12.822 Loading class sun/security/util/math/intpoly/IntegerPolynomial$MutableElement done
Event: 12.827 Loading class sun/security/util/math/IntegerModuloP$MultiplicativeInverser

Classes unloaded (0 events):
No events

Classes redefined (0 events):
No events

Internal exceptions (20 events):
Event: 11.774 Thread 0x00000228dcdc6440 Exception <a 'java/lang/NoSuchMethodError'{0x0000000089908998}: 'void java.lang.invoke.Invokers$Holder.invokeExact_MT(java.lang.Object, java.lang.Object, long, java.lang.Object)'> (0x0000000089908998) 
thrown [s\src\hotspot\share\interpreter\linkResolver.cpp, line 784]
Event: 11.787 Thread 0x00000228dcdc6440 Exception <a 'java/lang/ClassNotFoundException'{0x00000000898428c8}: org/gradle/api/internal/project/DefaultProject_DecoratedBeanInfo> (0x00000000898428c8) 
thrown [s\src\hotspot\share\classfile\systemDictionary.cpp, line 312]
Event: 11.788 Thread 0x00000228dcdc6440 Exception <a 'java/lang/ClassNotFoundException'{0x000000008984eae8}: org/gradle/api/internal/project/DefaultProjectBeanInfo> (0x000000008984eae8) 
thrown [s\src\hotspot\share\classfile\systemDictionary.cpp, line 312]
Event: 11.788 Thread 0x00000228dcdc6440 Exception <a 'java/lang/ClassNotFoundException'{0x000000008985adc0}: org/gradle/api/internal/project/DefaultProjectCustomizer> (0x000000008985adc0) 
thrown [s\src\hotspot\share\classfile\systemDictionary.cpp, line 312]
Event: 11.792 Thread 0x00000228dcdc6440 Exception <a 'java/lang/ClassNotFoundException'{0x0000000089719210}: org/gradle/api/internal/project/DefaultProject_DecoratedCustomizer> (0x0000000089719210) 
thrown [s\src\hotspot\share\classfile\systemDictionary.cpp, line 312]
Event: 11.931 Thread 0x00000228dcdc6440 Implicit null exception at 0x00000228ca3325c9 to 0x00000228ca3327ec
Event: 11.932 Thread 0x00000228dcdc6440 Exception <a 'java/lang/NoSuchMethodError'{0x0000000088fd5be8}: 'long java.lang.invoke.DirectMethodHandle$Holder.invokeStatic(java.lang.Object, long)'> (0x0000000088fd5be8) 
thrown [s\src\hotspot\share\interpreter\linkResolver.cpp, line 784]
Event: 12.000 Thread 0x00000228dcdc6440 Exception <a 'java/lang/NoSuchMethodError'{0x0000000088a467e0}: 'java.lang.Object java.lang.invoke.DirectMethodHandle$Holder.invokeVirtual(java.lang.Object, java.lang.Object, java.lang.Object, java.lang.Object, java.lang.Object, java.lang.Object, java.lang.Object, java.lang.Object, java.lang.Object, java.lang.Object, java.lang.Object, java.lang.Object, java.lang.Object, java.lang.Object, java.lang.Object, java.lang.Object, java.lang.Object)'> (0x0000000088a467e0) 
thrown [s\src\hotspot\share\interpreter\li
Event: 12.001 Thread 0x00000228dcdc6440 Exception <a 'java/lang/NoSuchMethodError'{0x0000000088a4c960}: 'java.lang.Object java.lang.invoke.DirectMethodHandle$Holder.invokeSpecial(java.lang.Object, java.lang.Object, java.lang.Object, java.lang.Object, java.lang.Object, java.lang.Object, java.lang.Object, java.lang.Object, java.lang.Object, java.lang.Object, java.lang.Object, java.lang.Object, java.lang.Object, java.lang.Object, java.lang.Object, java.lang.Object, java.lang.Object, java.lang.Object)'> (0x0000000088a4c960) 
thrown [s\src\hotspot\sh
Event: 12.001 Thread 0x00000228dcdc6440 Exception <a 'java/lang/NoSuchMethodError'{0x0000000088a52168}: 'java.lang.Object java.lang.invoke.DelegatingMethodHandle$Holder.reinvoke_L(java.lang.Object, java.lang.Object, java.lang.Object, java.lang.Object, java.lang.Object, java.lang.Object, java.lang.Object, java.lang.Object, java.lang.Object, java.lang.Object, java.lang.Object, java.lang.Object, java.lang.Object, java.lang.Object, java.lang.Object, java.lang.Object, java.lang.Object)'> (0x0000000088a52168) 
thrown [s\src\hotspot\share\interpreter\l
Event: 12.112 Thread 0x00000228dcdc6440 Exception <a 'java/lang/NoSuchMethodError'{0x0000000088697810}: static Lorg/gradle/api/internal/catalog/DefaultVersionCatalog;.<clinit>()V> (0x0000000088697810) 
thrown [s\src\hotspot\share\prims\jni.cpp, line 1139]
Event: 12.115 Thread 0x00000228dcdc6440 Exception <a 'java/lang/NoSuchMethodError'{0x00000000886d48f0}: static [Ljava/lang/Object;.<clinit>()V> (0x00000000886d48f0) 
thrown [s\src\hotspot\share\prims\jni.cpp, line 1139]
Event: 12.117 Thread 0x00000228dcdc6440 Exception <a 'java/lang/NoSuchMethodError'{0x00000000886ff440}: static Lorg/gradle/api/internal/catalog/DependencyModel;.<clinit>()V> (0x00000000886ff440) 
thrown [s\src\hotspot\share\prims\jni.cpp, line 1139]
Event: 12.117 Thread 0x00000228dcdc6440 Exception <a 'java/lang/NoSuchMethodError'{0x00000000885035b0}: static Lorg/gradle/api/internal/catalog/AbstractContextAwareModel;.<clinit>()V> (0x00000000885035b0) 
thrown [s\src\hotspot\share\prims\jni.cpp, line 1139]
Event: 12.118 Thread 0x00000228dcdc6440 Exception <a 'java/lang/NoSuchMethodError'{0x000000008851ebd0}: static Lorg/gradle/api/internal/artifacts/dependencies/AbstractVersionConstraint;.<clinit>()V> (0x000000008851ebd0) 
thrown [s\src\hotspot\share\prims\jni.cpp, line 1139]
Event: 12.122 Thread 0x00000228dcdc6440 Exception <a 'java/lang/NoSuchMethodError'{0x0000000088575138}: static Lorg/gradle/api/internal/catalog/PluginModel;.<clinit>()V> (0x0000000088575138) 
thrown [s\src\hotspot\share\prims\jni.cpp, line 1139]
Event: 12.124 Thread 0x00000228dcdc6440 Exception <a 'java/lang/NoSuchMethodError'{0x000000008858e670}: static Lorg/gradle/api/internal/catalog/VersionModel;.<clinit>()V> (0x000000008858e670) 
thrown [s\src\hotspot\share\prims\jni.cpp, line 1139]
Event: 12.194 Thread 0x00000228dcdc6440 Exception <a 'java/lang/NoSuchMethodError'{0x0000000088166bd8}: 'int java.lang.invoke.DirectMethodHandle$Holder.invokeSpecialIFC(java.lang.Object, java.lang.Object, java.lang.Object)'> (0x0000000088166bd8) 
thrown [s\src\hotspot\share\interpreter\linkResolver.cpp, line 784]
Event: 12.242 Thread 0x00000228dcdc6440 Exception <a 'java/lang/NoSuchMethodError'{0x0000000087ef8800}: 'void java.lang.invoke.DirectMethodHandle$Holder.invokeStatic(java.lang.Object, java.lang.Object, java.lang.Object, int, java.lang.Object)'> (0x0000000087ef8800) 
thrown [s\src\hotspot\share\interpreter\linkResolver.cpp, line 784]
Event: 12.343 Thread 0x00000228dcdc6440 Exception <a 'sun/nio/fs/WindowsException'{0x0000000087b8da78}> (0x0000000087b8da78) 
thrown [s\src\hotspot\share\prims\jni.cpp, line 535]

ZGC Phase Switch (0 events):
No events

VM Operations (20 events):
Event: 12.346 Executing VM operation: HandshakeAllThreads (Deoptimize)
Event: 12.346 Executing VM operation: HandshakeAllThreads (Deoptimize) done
Event: 12.355 Executing VM operation: HandshakeAllThreads (Deoptimize)
Event: 12.355 Executing VM operation: HandshakeAllThreads (Deoptimize) done
Event: 12.358 Executing VM operation: HandshakeAllThreads (Deoptimize)
Event: 12.358 Executing VM operation: HandshakeAllThreads (Deoptimize) done
Event: 12.413 Executing VM operation: HandshakeAllThreads (Deoptimize)
Event: 12.413 Executing VM operation: HandshakeAllThreads (Deoptimize) done
Event: 12.427 Executing VM operation: HandshakeAllThreads (Deoptimize)
Event: 12.427 Executing VM operation: HandshakeAllThreads (Deoptimize) done
Event: 12.479 Executing VM operation: G1CollectForAllocation (G1 Evacuation Pause)
Event: 12.488 Executing VM operation: G1CollectForAllocation (G1 Evacuation Pause) done
Event: 12.493 Executing VM operation: HandshakeAllThreads (Deoptimize)
Event: 12.493 Executing VM operation: HandshakeAllThreads (Deoptimize) done
Event: 12.576 Executing VM operation: HandshakeAllThreads (Deoptimize)
Event: 12.577 Executing VM operation: HandshakeAllThreads (Deoptimize) done
Event: 12.683 Executing VM operation: HandshakeAllThreads (Deoptimize)
Event: 12.684 Executing VM operation: HandshakeAllThreads (Deoptimize) done
Event: 12.798 Executing VM operation: HandshakeAllThreads (Deoptimize)
Event: 12.798 Executing VM operation: HandshakeAllThreads (Deoptimize) done

Memory protections (0 events):
No events

Nmethod flushes (20 events):
Event: 10.867 Thread 0x00000228d6c3df60 flushing  nmethod 0x00000228c29fe210
Event: 10.867 Thread 0x00000228d6c3df60 flushing  nmethod 0x00000228c2a91a90
Event: 10.867 Thread 0x00000228d6c3df60 flushing  nmethod 0x00000228c2abd810
Event: 10.867 Thread 0x00000228d6c3df60 flushing  nmethod 0x00000228c2ea4810
Event: 10.867 Thread 0x00000228d6c3df60 flushing  nmethod 0x00000228c2fd4510
Event: 10.867 Thread 0x00000228d6c3df60 flushing  nmethod 0x00000228c2fd4e90
Event: 10.867 Thread 0x00000228d6c3df60 flushing  nmethod 0x00000228c2fd7590
Event: 10.867 Thread 0x00000228d6c3df60 flushing  nmethod 0x00000228c2fd8d90
Event: 10.867 Thread 0x00000228d6c3df60 flushing  nmethod 0x00000228c2fd9810
Event: 10.867 Thread 0x00000228d6c3df60 flushing  nmethod 0x00000228c2fd9b90
Event: 10.867 Thread 0x00000228d6c3df60 flushing  nmethod 0x00000228c2fda590
Event: 10.867 Thread 0x00000228d6c3df60 flushing  nmethod 0x00000228c2fdaa10
Event: 10.867 Thread 0x00000228d6c3df60 flushing  nmethod 0x00000228c2fdb290
Event: 10.867 Thread 0x00000228d6c3df60 flushing  nmethod 0x00000228c2fdbb10
Event: 10.867 Thread 0x00000228d6c3df60 flushing  nmethod 0x00000228c2fdc110
Event: 10.867 Thread 0x00000228d6c3df60 flushing  nmethod 0x00000228c3027b10
Event: 10.867 Thread 0x00000228d6c3df60 flushing  nmethod 0x00000228c3028b90
Event: 10.867 Thread 0x00000228d6c3df60 flushing  nmethod 0x00000228c302b710
Event: 10.867 Thread 0x00000228d6c3df60 flushing  nmethod 0x00000228c302c010
Event: 10.867 Thread 0x00000228d6c3df60 flushing  nmethod 0x00000228c302d810

Events (20 events):
Event: 8.040 Thread 0x00000228dcdc6440 Thread added: 0x00000228dd821b10
Event: 8.073 Thread 0x00000228dcdc6440 Thread added: 0x00000228dd820760
Event: 8.073 Thread 0x00000228dcdc6440 Thread added: 0x00000228dd824270
Event: 8.074 Thread 0x00000228dcdc6440 Thread added: 0x00000228dd820df0
Event: 8.075 Thread 0x00000228dcdc6440 Thread added: 0x00000228dd826340
Event: 8.075 Thread 0x00000228dcdc6440 Thread added: 0x00000228dd824900
Event: 8.076 Thread 0x00000228dcdc6440 Thread added: 0x00000228dd8269d0
Event: 8.077 Thread 0x00000228dcdc6440 Thread added: 0x00000228dd8276f0
Event: 8.357 Thread 0x00000228dc14b180 Thread exited: 0x00000228dc14b180
Event: 8.515 Thread 0x00000228db0ac140 Thread added: 0x00000228dc14b180
Event: 10.249 Thread 0x00000228dc14b180 Thread exited: 0x00000228dc14b180
Event: 10.249 Thread 0x00000228dc14a3e0 Thread exited: 0x00000228dc14a3e0
Event: 10.497 Thread 0x00000228db0ac140 Thread added: 0x00000228dc14c5f0
Event: 11.174 Thread 0x00000228db0ac140 Thread added: 0x00000228dc14a3e0
Event: 11.635 Thread 0x00000228dc14a3e0 Thread exited: 0x00000228dc14a3e0
Event: 11.640 Thread 0x00000228dc14c5f0 Thread exited: 0x00000228dc14c5f0
Event: 11.789 Thread 0x00000228db0ac140 Thread added: 0x00000228dc149d10
Event: 12.062 Thread 0x00000228db0ac140 Thread added: 0x00000228e0adb620
Event: 12.350 Thread 0x00000228e0adb620 Thread exited: 0x00000228e0adb620
Event: 12.542 Thread 0x00000228db0a14d0 Thread added: 0x00000228e1b046c0


Dynamic libraries:
0x00007ff7d4440000 - 0x00007ff7d444a000 	C:\Program Files\Android\Android Studio\jbr\bin\java.exe
0x00007ff9cc1c0000 - 0x00007ff9cc427000 	C:\WINDOWS\SYSTEM32\ntdll.dll
0x00007ff9cb6e0000 - 0x00007ff9cb7a9000 	C:\WINDOWS\System32\KERNEL32.DLL
0x00007ff9c94f0000 - 0x00007ff9c98df000 	C:\WINDOWS\System32\KERNELBASE.dll
0x00007ff9c9ca0000 - 0x00007ff9c9deb000 	C:\WINDOWS\System32\ucrtbase.dll
0x00007ff99e1c0000 - 0x00007ff99e1d8000 	C:\Program Files\Android\Android Studio\jbr\bin\jli.dll
0x00007ff9c0b90000 - 0x00007ff9c0bab000 	C:\Program Files\Android\Android Studio\jbr\bin\VCRUNTIME140.dll
0x00007ff9cbb70000 - 0x00007ff9cbd35000 	C:\WINDOWS\System32\USER32.dll
0x00007ff9b24e0000 - 0x00007ff9b2773000 	C:\WINDOWS\WinSxS\amd64_microsoft.windows.common-controls_6595b64144ccf1df_6.0.26100.7309_none_3e05feeae336a044\COMCTL32.dll
0x00007ff9c9bc0000 - 0x00007ff9c9be7000 	C:\WINDOWS\System32\win32u.dll
0x00007ff9cb7b0000 - 0x00007ff9cb7db000 	C:\WINDOWS\System32\GDI32.dll
0x00007ff9caed0000 - 0x00007ff9caf79000 	C:\WINDOWS\System32\msvcrt.dll
0x00007ff9c93c0000 - 0x00007ff9c94ec000 	C:\WINDOWS\System32\gdi32full.dll
0x00007ff9c9310000 - 0x00007ff9c93b3000 	C:\WINDOWS\System32\msvcp_win.dll
0x00007ff9cab50000 - 0x00007ff9cab81000 	C:\WINDOWS\System32\IMM32.DLL
0x00007ff9c0cb0000 - 0x00007ff9c0cbc000 	C:\Program Files\Android\Android Studio\jbr\bin\vcruntime140_1.dll
0x00007ff92d370000 - 0x00007ff92d3fd000 	C:\Program Files\Android\Android Studio\jbr\bin\msvcp140.dll
0x00007ff904510000 - 0x00007ff90519b000 	C:\Program Files\Android\Android Studio\jbr\bin\server\jvm.dll
0x00007ff9ca2a0000 - 0x00007ff9ca354000 	C:\WINDOWS\System32\ADVAPI32.dll
0x00007ff9cb1a0000 - 0x00007ff9cb246000 	C:\WINDOWS\System32\sechost.dll
0x00007ff9cacd0000 - 0x00007ff9cade8000 	C:\WINDOWS\System32\RPCRT4.dll
0x00007ff9caf80000 - 0x00007ff9caff4000 	C:\WINDOWS\System32\WS2_32.dll
0x00007ff9c9170000 - 0x00007ff9c91ce000 	C:\WINDOWS\SYSTEM32\POWRPROF.dll
0x00007ff9aacc0000 - 0x00007ff9aacf5000 	C:\WINDOWS\SYSTEM32\WINMM.dll
0x00007ff9b8520000 - 0x00007ff9b852b000 	C:\WINDOWS\SYSTEM32\VERSION.dll
0x00007ff9c9150000 - 0x00007ff9c9164000 	C:\WINDOWS\SYSTEM32\UMPDC.dll
0x00007ff9c80c0000 - 0x00007ff9c80db000 	C:\WINDOWS\SYSTEM32\kernel.appcore.dll
0x00007ff9c0b80000 - 0x00007ff9c0b8a000 	C:\Program Files\Android\Android Studio\jbr\bin\jimage.dll
0x00007ff9c3960000 - 0x00007ff9c3ba2000 	C:\WINDOWS\SYSTEM32\DBGHELP.DLL
0x00007ff9cb7e0000 - 0x00007ff9cbb66000 	C:\WINDOWS\System32\combase.dll
0x00007ff9cab90000 - 0x00007ff9cac66000 	C:\WINDOWS\System32\OLEAUT32.dll
0x00007ff999590000 - 0x00007ff9995cc000 	C:\WINDOWS\SYSTEM32\dbgcore.DLL
0x00007ff9c9bf0000 - 0x00007ff9c9c95000 	C:\WINDOWS\System32\bcryptPrimitives.dll
0x00007ff9b6530000 - 0x00007ff9b653e000 	C:\Program Files\Android\Android Studio\jbr\bin\instrument.dll
0x00007ff9b9870000 - 0x00007ff9b9890000 	C:\Program Files\Android\Android Studio\jbr\bin\java.dll
0x00007ff9b8c00000 - 0x00007ff9b8c18000 	C:\Program Files\Android\Android Studio\jbr\bin\zip.dll
0x00007ff9ca360000 - 0x00007ff9caab3000 	C:\WINDOWS\System32\SHELL32.dll
0x00007ff9c9df0000 - 0x00007ff9c9f5a000 	C:\WINDOWS\System32\wintypes.dll
0x00007ff9c6ee0000 - 0x00007ff9c773e000 	C:\WINDOWS\SYSTEM32\windows.storage.dll
0x00007ff9cbd70000 - 0x00007ff9cbe65000 	C:\WINDOWS\System32\SHCORE.dll
0x00007ff9c9f60000 - 0x00007ff9c9fc6000 	C:\WINDOWS\System32\shlwapi.dll
0x00007ff9c9230000 - 0x00007ff9c9259000 	C:\WINDOWS\SYSTEM32\profapi.dll
0x00007ff9bac30000 - 0x00007ff9bac40000 	C:\Program Files\Android\Android Studio\jbr\bin\net.dll
0x00007ff9ba390000 - 0x00007ff9ba4b8000 	C:\WINDOWS\SYSTEM32\WINHTTP.dll
0x00007ff9c8630000 - 0x00007ff9c869b000 	C:\WINDOWS\system32\mswsock.dll
0x00007ff9b8b90000 - 0x00007ff9b8ba6000 	C:\Program Files\Android\Android Studio\jbr\bin\nio.dll
0x00007ff9b89b0000 - 0x00007ff9b89c0000 	C:\Program Files\Android\Android Studio\jbr\bin\verify.dll
0x00007ff9b0bd0000 - 0x00007ff9b0bf7000 	C:\Users\Asus\.gradle\native\1def1411415f61bf3af743bc5b6707747c0891f09f0c88961ee8f79bc544acac\windows-amd64\native-platform.dll
0x00007ff99bc20000 - 0x00007ff99bc98000 	C:\Users\Asus\.gradle\native\0.2.7\x86_64-windows-gnu\gradle-fileevents.dll
0x00007ff9b8b80000 - 0x00007ff9b8b89000 	C:\Program Files\Android\Android Studio\jbr\bin\management.dll
0x00007ff9b8b70000 - 0x00007ff9b8b7b000 	C:\Program Files\Android\Android Studio\jbr\bin\management_ext.dll
0x00007ff9c9fd0000 - 0x00007ff9c9fd8000 	C:\WINDOWS\System32\PSAPI.DLL
0x00007ff9c7b40000 - 0x00007ff9c7b74000 	C:\WINDOWS\SYSTEM32\IPHLPAPI.DLL
0x00007ff9cbef0000 - 0x00007ff9cbefa000 	C:\WINDOWS\System32\NSI.dll
0x00007ff9b8bf0000 - 0x00007ff9b8bf9000 	C:\Program Files\Android\Android Studio\jbr\bin\extnet.dll
0x00007ff9c88f0000 - 0x00007ff9c890b000 	C:\WINDOWS\SYSTEM32\CRYPTSP.dll
0x00007ff9c8020000 - 0x00007ff9c805a000 	C:\WINDOWS\system32\rsaenh.dll
0x00007ff9c86e0000 - 0x00007ff9c870b000 	C:\WINDOWS\SYSTEM32\USERENV.dll
0x00007ff9c9200000 - 0x00007ff9c922a000 	C:\WINDOWS\SYSTEM32\bcrypt.dll
0x00007ff9c8910000 - 0x00007ff9c891c000 	C:\WINDOWS\SYSTEM32\CRYPTBASE.dll
0x00007ff9a6a00000 - 0x00007ff9a6a08000 	C:\WINDOWS\system32\wshunix.dll
0x00007ff9c7b80000 - 0x00007ff9c7cac000 	C:\WINDOWS\SYSTEM32\DNSAPI.dll
0x00007ff9baf40000 - 0x00007ff9baf4b000 	C:\Windows\System32\rasadhlp.dll
0x00007ff9c02f0000 - 0x00007ff9c0376000 	C:\WINDOWS\System32\fwpuclnt.dll

dbghelp: loaded successfully - version: 4.0.5 - missing functions: none
symbol engine: initialized successfully - sym options: 0x614 - pdb path: .;C:\Program Files\Android\Android Studio\jbr\bin;C:\WINDOWS\SYSTEM32;C:\WINDOWS\WinSxS\amd64_microsoft.windows.common-controls_6595b64144ccf1df_6.0.26100.7309_none_3e05feeae336a044;C:\Program Files\Android\Android Studio\jbr\bin\server;C:\Users\Asus\.gradle\native\1def1411415f61bf3af743bc5b6707747c0891f09f0c88961ee8f79bc544acac\windows-amd64;C:\Users\Asus\.gradle\native\0.2.7\x86_64-windows-gnu

VM Arguments:
jvm_args: --add-opens=java.base/java.lang=ALL-UNNAMED --add-opens=java.base/java.lang.invoke=ALL-UNNAMED --add-opens=java.base/java.util=ALL-UNNAMED --add-opens=java.prefs/java.util.prefs=ALL-UNNAMED --add-exports=jdk.compiler/com.sun.tools.javac.api=ALL-UNNAMED --add-exports=jdk.compiler/com.sun.tools.javac.util=ALL-UNNAMED --add-opens=java.base/java.util=ALL-UNNAMED --add-opens=java.prefs/java.util.prefs=ALL-UNNAMED --add-opens=java.base/java.nio.charset=ALL-UNNAMED --add-opens=java.base/java.net=ALL-UNNAMED --add-opens=java.base/java.util.concurrent.atomic=ALL-UNNAMED --add-opens=java.xml/javax.xml.namespace=ALL-UNNAMED -Xmx2048m -Dfile.encoding=UTF-8 -Duser.country=US -Duser.language=en -Duser.variant -javaagent:C:\Users\Asus\.gradle\wrapper\dists\gradle-8.13-bin\5xuhj0ry160q40clulazy9h7d\gradle-8.13\lib\agents\gradle-instrumentation-agent-8.13.jar 
java_command: org.gradle.launcher.daemon.bootstrap.GradleDaemon 8.13
java_class_path (initial): C:\Users\Asus\.gradle\wrapper\dists\gradle-8.13-bin\5xuhj0ry160q40clulazy9h7d\gradle-8.13\lib\gradle-daemon-main-8.13.jar
Launcher Type: SUN_STANDARD

[Global flags]
     intx CICompilerCount                          = 4                                         {product} {ergonomic}
     uint ConcGCThreads                            = 2                                         {product} {ergonomic}
     uint G1ConcRefinementThreads                  = 8                                         {product} {ergonomic}
   size_t G1HeapRegionSize                         = 1048576                                   {product} {ergonomic}
    uintx GCDrainStackTargetSize                   = 64                                        {product} {ergonomic}
   size_t InitialHeapSize                          = 132120576                                 {product} {ergonomic}
   size_t MarkStackSize                            = 4194304                                   {product} {ergonomic}
   size_t MaxHeapSize                              = 2147483648                                {product} {command line}
   size_t MaxNewSize                               = 1287651328                                {product} {ergonomic}
   size_t MinHeapDeltaBytes                        = 1048576                                   {product} {ergonomic}
   size_t MinHeapSize                              = 8388608                                   {product} {ergonomic}
    uintx NonNMethodCodeHeapSize                   = 5839372                                {pd product} {ergonomic}
    uintx NonProfiledCodeHeapSize                  = 122909434                              {pd product} {ergonomic}
    uintx ProfiledCodeHeapSize                     = 122909434                              {pd product} {ergonomic}
    uintx ReservedCodeCacheSize                    = 251658240                              {pd product} {ergonomic}
     bool SegmentedCodeCache                       = true                                      {product} {ergonomic}
   size_t SoftMaxHeapSize                          = 2147483648                             {manageable} {ergonomic}
     bool UseCompressedOops                        = true                           {product lp64_product} {ergonomic}
     bool UseG1GC                                  = true                                      {product} {ergonomic}
     bool UseLargePagesIndividualAllocation        = false                                  {pd product} {ergonomic}

Logging:
Log output configuration:
 #0: stdout all=warning uptime,level,tags foldmultilines=false
 #1: stderr all=off uptime,level,tags foldmultilines=false

Environment Variables:
PATH=C:\Program Files\Common Files\Oracle\Java\javapath;C:\Python312\Scripts\;C:\Python312\;C:\Windows\system32;C:\Windows;C:\Windows\System32\Wbem;C:\Windows\System32\WindowsPowerShell\v1.0\;C:\Windows\System32\OpenSSH\;C:\Program Files (x86)\NVIDIA Corporation\PhysX\Common;C:\WINDOWS\system32;C:\WINDOWS;C:\WINDOWS\System32\Wbem;C:\WINDOWS\System32\WindowsPowerShell\v1.0\;C:\WINDOWS\System32\OpenSSH\;C:\php-8.3.9;C:\Program Files\nodejs\;C:\laragon\bin\nodejs\node-v20.15.1-win-x64;C:\ProgramData\chocolatey\bin;C:\composer;C:\Program Files\Git\cmd;C:\Program Files\Java\jdk-22\bin;C:\Program Files\Dart\dart-sdk\bin;C:\src\flutter\bin;C:\Dart\dart-sdk\bin;C:\gradle-9.0.0\bin;C:\Users\Asus\AppData\Local\Microsoft\WindowsApps;C:\Users\Asus\AppData\Local\Programs\Microsoft VS Code\bin;C:\Users\Asus\AppData\Roaming\npm;C:\Users\Asus\AppData\Roaming\Composer\vendor\bin;C:\src\flutter\bin;C:\Dart\dart-sdk\bin;
USERNAME=Asus
OS=Windows_NT
PROCESSOR_IDENTIFIER=Intel64 Family 6 Model 142 Stepping 12, GenuineIntel
TMP=C:\Users\Asus\AppData\Local\Temp
TEMP=C:\Users\Asus\AppData\Local\Temp




Periodic native trim disabled

JNI global refs:
JNI global refs: 27, weak refs: 0

JNI global refs memory usage: 835, weak refs: 833

Process memory usage:
Resident Set Size: 439144K (5% of 8182576K total physical memory with 921672K free physical memory)

OOME stack traces (most recent first):
Classloader memory used:
Loader org.gradle.internal.classloader.VisitableURLClassLoader                         : 43992K
Loader bootstrap                                                                       : 27264K
Loader org.gradle.initialization.MixInLegacyTypesClassLoader                           : 10358K
Loader org.gradle.internal.classloader.VisitableURLClassLoader                         : 924K
Loader jdk.internal.loader.ClassLoaders$PlatformClassLoader                            : 737K
Loader org.gradle.internal.classloader.VisitableURLClassLoader$InstrumentingVisitableURLClassLoader: 726K
Loader jdk.internal.reflect.DelegatingClassLoader                                      : 251K
Loader jdk.internal.loader.ClassLoaders$AppClassLoader                                 : 235K
Loader org.gradle.groovy.scripts.internal.DefaultScriptCompilationHandler$ScriptClassLoader: 90024B
Loader org.codehaus.groovy.runtime.callsite.CallSiteClassLoader                        : 49592B
Loader groovy.lang.GroovyClassLoader$InnerLoader                                       : 46928B

Classes loaded by more than one classloader:
Class org.gradle.api.GradleException                                                  : loaded 3 times (x 78B)
Class Program                                                                         : loaded 3 times (x 68B)
Class org.gradle.internal.classloader.ClassLoaderHierarchy                            : loaded 2 times (x 66B)
Class org.gradle.api.internal.classpath.ManifestUtil                                  : loaded 2 times (x 67B)
Class org.jetbrains.plugins.gradle.model.GradleExtensions                             : loaded 2 times (x 66B)
Class org.jetbrains.plugins.gradle.model.AnnotationProcessingModel                    : loaded 2 times (x 66B)
Class org.gradle.internal.operations.MultipleBuildOperationFailures                   : loaded 2 times (x 91B)
Class org.gradle.internal.classloader.DefaultClassLoaderFactory                       : loaded 2 times (x 78B)
Class kotlin.collections.AbstractList$Companion                                       : loaded 2 times (x 67B)
Class org.gradle.internal.classloader.ClassLoaderVisitor                              : loaded 2 times (x 72B)
Class org.gradle.api.internal.classpath.EffectiveClassPath                            : loaded 2 times (x 86B)
Class org.gradle.tooling.internal.gradle.DefaultProjectIdentifier                     : loaded 2 times (x 82B)
Class org.gradle.api.internal.DefaultClassPathProvider                                : loaded 2 times (x 72B)
Class [Lorg.gradle.api.internal.ClassPathProvider;                                    : loaded 2 times (x 65B)
Class org.gradle.api.internal.ClassPathProvider                                       : loaded 2 times (x 66B)
Class org.gradle.internal.service.UnknownServiceException                             : loaded 2 times (x 79B)
Class org.jetbrains.kotlin.idea.gradleTooling.KotlinDslScriptAdditionalTask           : loaded 2 times (x 66B)
Class org.gradle.internal.classpath.TransformedClassPath                              : loaded 2 times (x 92B)
Class org.gradle.internal.classloader.InstrumentingClassLoader                        : loaded 2 times (x 66B)
Class kotlin.enums.EnumEntriesList                                                    : loaded 2 times (x 219B)
Class org.gradle.internal.classloader.FilteringClassLoader                            : loaded 2 times (x 101B)
Class org.jetbrains.plugins.gradle.model.IntelliJSettings                             : loaded 2 times (x 66B)
Class org.gradle.internal.service.ServiceLocator                                      : loaded 2 times (x 66B)
Class org.gradle.tooling.model.UnsupportedMethodException                             : loaded 2 times (x 78B)
Class com.intellij.compose.ide.plugin.gradleTooling.rt.ComposeResourcesModel          : loaded 2 times (x 66B)
Class org.gradle.internal.InternalTransformer                                         : loaded 2 times (x 66B)
Class org.gradle.internal.time.DefaultTimer                                           : loaded 2 times (x 76B)
Class org.gradle.internal.classloader.ClasspathUtil$1                                 : loaded 2 times (x 72B)
Class org.gradle.api.internal.classpath.DefaultModuleRegistry$DefaultModule           : loaded 2 times (x 82B)
Class org.gradle.internal.time.DefaultCountdownTimer                                  : loaded 2 times (x 84B)
Class org.gradle.tooling.internal.gradle.DefaultBuildIdentifier                       : loaded 2 times (x 75B)
Class kotlin.Function                                                                 : loaded 2 times (x 66B)
Class org.gradle.api.internal.classpath.Module                                        : loaded 2 times (x 66B)
Class org.gradle.api.internal.classpath.UnknownModuleException                        : loaded 2 times (x 78B)
Class com.intellij.openapi.externalSystem.model.project.dependencies.ProjectDependencies: loaded 2 times (x 66B)
Class org.gradle.tooling.internal.gradle.GradleProjectIdentity                        : loaded 2 times (x 66B)
Class org.gradle.api.internal.DefaultClassPathRegistry                                : loaded 2 times (x 72B)
Class org.gradle.api.internal.ClassPathRegistry                                       : loaded 2 times (x 66B)
Class org.gradle.internal.classpath.DefaultClassPath$ImmutableUniqueList              : loaded 2 times (x 195B)
Class org.jetbrains.kotlin.idea.gradleTooling.KotlinSourceSetContainer                : loaded 2 times (x 66B)
Class Settings_gradle$1                                                               : loaded 2 times (x 70B)
Class org.gradle.internal.classpath.ClassPath                                         : loaded 2 times (x 66B)
Class org.gradle.api.UncheckedIOException                                             : loaded 2 times (x 78B)
Class org.jetbrains.kotlin.idea.gradleTooling.KotlinGradleModel                       : loaded 2 times (x 66B)
Class org.gradle.tooling.model.Model                                                  : loaded 2 times (x 66B)
Class kotlin.UninitializedPropertyAccessException                                     : loaded 2 times (x 78B)
Class org.jetbrains.plugins.gradle.model.IntelliJProjectSettings                      : loaded 2 times (x 66B)
Class org.gradle.internal.installation.GradleInstallation$1                           : loaded 2 times (x 71B)
Class org.gradle.api.internal.classpath.ModuleRegistry                                : loaded 2 times (x 66B)
Class org.jetbrains.plugins.gradle.model.VersionCatalogsModel                         : loaded 2 times (x 66B)
Class org.gradle.api.internal.classpath.DefaultModuleRegistry                         : loaded 2 times (x 82B)
Class org.gradle.internal.time.MonotonicClock                                         : loaded 2 times (x 73B)
Class org.gradle.internal.service.ServiceLookupException                              : loaded 2 times (x 78B)
Class org.gradle.internal.classloader.ClassLoaderFactory                              : loaded 2 times (x 66B)
Class org.gradle.internal.service.CachingServiceLocator                               : loaded 2 times (x 78B)
Class org.jetbrains.plugins.gradle.model.RepositoryModels                             : loaded 2 times (x 66B)
Class org.gradle.internal.time.TimeSource                                             : loaded 2 times (x 66B)
Class org.gradle.tooling.internal.gradle.GradleBuildIdentity                          : loaded 2 times (x 66B)
Class kotlin.enums.EnumEntries                                                        : loaded 2 times (x 66B)
Class org.gradle.internal.exceptions.ResolutionProvider                               : loaded 2 times (x 66B)
Class org.gradle.tooling.model.ProjectIdentifier                                      : loaded 2 times (x 66B)
Class org.gradle.internal.classloader.ClasspathUtil                                   : loaded 2 times (x 67B)
Class org.gradle.internal.time.TimeSource$1                                           : loaded 2 times (x 73B)
Class kotlin.jvm.internal.DefaultConstructorMarker                                    : loaded 2 times (x 67B)
Class org.gradle.api.specs.Spec                                                       : loaded 2 times (x 66B)
Class org.gradle.internal.time.Clock                                                  : loaded 2 times (x 66B)
Class kotlin.collections.AbstractList                                                 : loaded 2 times (x 193B)
Class kotlin.collections.AbstractCollection                                           : loaded 2 times (x 113B)
Class sync_studio_tooling3_cm0bchw72kq4gb588p8gzt712                                  : loaded 2 times (x 175B)
Class org.gradle.internal.classloader.VisitableURLClassLoader$InstrumentingVisitableURLClassLoader: loaded 2 times (x 119B)
Class org.gradle.internal.classloader.VisitableURLClassLoader$Spec                    : loaded 2 times (x 70B)
Class org.gradle.internal.classpath.DefaultClassPath                                  : loaded 2 times (x 86B)
Class org.gradle.internal.classloader.ClassLoaderSpec                                 : loaded 2 times (x 67B)
Class Settings_gradle$1$1                                                             : loaded 2 times (x 70B)
Class kotlin.Unit                                                                     : loaded 2 times (x 67B)
Class org.gradle.internal.classloader.VisitableURLClassLoader                         : loaded 2 times (x 113B)
Class Settings_gradle                                                                 : loaded 2 times (x 124B)
Class org.gradle.internal.Cast                                                        : loaded 2 times (x 67B)
Class org.gradle.api.Action                                                           : loaded 2 times (x 66B)
Class ijInit2_dfp6dzo1uw4j32ye4gz0i92sw                                               : loaded 2 times (x 175B)
Class kotlin.jvm.functions.Function1                                                  : loaded 2 times (x 66B)
Class org.gradle.internal.classpath.DefaultClassPath$ImmutableUniqueList$Builder      : loaded 2 times (x 71B)
Class kotlin.NotImplementedError                                                      : loaded 2 times (x 78B)
Class org.gradle.internal.exceptions.NonGradleCauseExceptionsHolder                   : loaded 2 times (x 66B)
Class org.jetbrains.plugins.gradle.tooling.ModelBuilderService$Parameter              : loaded 2 times (x 66B)
Class kotlin.enums.EnumEntriesKt                                                      : loaded 2 times (x 67B)
Class org.gradle.internal.IoActions                                                   : loaded 2 times (x 67B)
Class org.gradle.internal.classloader.SystemClassLoaderSpec                           : loaded 2 times (x 67B)
Class org.gradle.internal.exceptions.MultiCauseException                              : loaded 2 times (x 66B)
Class org.gradle.internal.time.CountdownTimer                                         : loaded 2 times (x 66B)
Class kotlin.jvm.internal.Intrinsics                                                  : loaded 2 times (x 67B)
Class org.gradle.tooling.model.ProjectModel                                           : loaded 2 times (x 66B)
Class kotlin.KotlinNullPointerException                                               : loaded 2 times (x 79B)
Class org.jetbrains.plugins.gradle.model.tests.ExternalTestsModel                     : loaded 2 times (x 66B)
Class org.gradle.internal.exceptions.DefaultMultiCauseException                       : loaded 2 times (x 91B)
Class org.gradle.internal.time.Time                                                   : loaded 2 times (x 67B)
Class JetGradlePlugin                                                                 : loaded 2 times (x 92B)
Class org.jetbrains.plugins.gradle.model.DependencyAccessorsModel                     : loaded 2 times (x 66B)
Class org.gradle.api.internal.classpath.GlobalCacheRootsProvider                      : loaded 2 times (x 66B)
Class org.jetbrains.kotlin.idea.gradleTooling.KotlinMPPGradleModel                    : loaded 2 times (x 66B)
Class org.gradle.tooling.model.BuildIdentifier                                        : loaded 2 times (x 66B)
Class org.jetbrains.kotlin.idea.gradleTooling.PrepareKotlinIdeImportTaskModel         : loaded 2 times (x 66B)
Class org.gradle.internal.time.Timer                                                  : loaded 2 times (x 66B)
Class kotlin.jvm.internal.markers.KMappedMarker                                       : loaded 2 times (x 66B)
Class org.gradle.internal.installation.CurrentGradleInstallationLocator               : loaded 2 times (x 67B)
Class org.gradle.internal.service.DefaultServiceLocator                               : loaded 2 times (x 79B)
Class org.gradle.util.GradleVersion                                                   : loaded 2 times (x 75B)
Class org.gradle.internal.installation.CurrentGradleInstallation                      : loaded 2 times (x 69B)
Class org.jetbrains.plugins.gradle.javaModel.JavaGradleManifestModel                  : loaded 2 times (x 66B)
Class org.gradle.util.internal.GUtil                                                  : loaded 2 times (x 67B)
Class org.gradle.internal.installation.GradleInstallation                             : loaded 2 times (x 71B)

---------------  S Y S T E M  ---------------

OS:
 Windows 11 , 64 bit Build 26100 (10.0.26100.7623)
OS uptime: 1 days 18:15 hours
Hyper-V role detected

CPU: total 8 (initial active 8) (4 cores per cpu, 2 threads per core) family 6 model 142 stepping 12 microcode 0xde, cx8, cmov, fxsr, ht, mmx, 3dnowpref, sse, sse2, sse3, ssse3, sse4.1, sse4.2, popcnt, lzcnt, tsc, tscinvbit, avx, avx2, aes, erms, clmul, bmi1, bmi2, adx, fma, vzeroupper, clflush, clflushopt, hv, rdtscp, f16c
Processor Information for processor 0
  Max Mhz: 2304, Current Mhz: 1803, Mhz Limit: 1797
Processor Information for processor 1
  Max Mhz: 2304, Current Mhz: 1502, Mhz Limit: 1797
Processor Information for processor 2
  Max Mhz: 2304, Current Mhz: 1803, Mhz Limit: 1797
Processor Information for processor 3
  Max Mhz: 2304, Current Mhz: 1502, Mhz Limit: 1797
Processor Information for processor 4
  Max Mhz: 2304, Current Mhz: 1803, Mhz Limit: 1797
Processor Information for processor 5
  Max Mhz: 2304, Current Mhz: 1502, Mhz Limit: 1797
Processor Information for processor 6
  Max Mhz: 2304, Current Mhz: 1803, Mhz Limit: 1797
Processor Information for processor 7
  Max Mhz: 2304, Current Mhz: 1502, Mhz Limit: 1797

Memory: 4k page, system-wide physical 7990M (911M free)
TotalPageFile size 16182M (AvailPageFile size 17M)
current process WorkingSet (physical memory assigned to process): 418M, peak: 428M
current process commit charge ("private bytes"): 450M, peak: 462M

vm_info: OpenJDK 64-Bit Server VM (21.0.6+-13391695-b895.109) for windows-amd64 JRE (21.0.6+-13391695-b895.109), built on 2025-04-22T21:19:17Z by "builder" with MS VC++ 16.10 / 16.11 (VS2019)

END.
