#
# There is insufficient memory for the Java Runtime Environment to continue.
# Native memory allocation (malloc) failed to allocate 1304976 bytes. Error detail: Chunk::new
# Possible reasons:
#   The system is out of physical RAM or swap space
#   This process is running with CompressedOops enabled, and the Java Heap may be blocking the growth of the native heap
# Possible solutions:
#   Reduce memory load on the system
#   Increase physical memory or swap space
#   Check if swap backing store is full
#   Decrease Java heap size (-Xmx/-Xms)
#   Decrease number of Java threads
#   Decrease Java thread stack sizes (-Xss)
#   Set larger code cache with -XX:ReservedCodeCacheSize=
#   JVM is running with Unscaled Compressed Oops mode in which the Java heap is
#     placed in the first 4GB address space. The Java Heap base address is the
#     maximum limit for the native heap growth. Please use -XX:HeapBaseMinAddress
#     to set the Java Heap base and to place the Java Heap above 4GB virtual address.
# This output file may be truncated or incomplete.
#
#  Out of Memory Error (arena.cpp:168), pid=828, tid=18448
#
# JRE version: OpenJDK Runtime Environment (21.0.6) (build 21.0.6+-13391695-b895.109)
# Java VM: OpenJDK 64-Bit Server VM (21.0.6+-13391695-b895.109, mixed mode, tiered, compressed oops, compressed class ptrs, g1 gc, windows-amd64)
# No core dump will be written. Minidumps are not enabled by default on client versions of Windows
#

---------------  S U M M A R Y ------------

Command Line: org.jetbrains.kotlin.cli.jvm.K2JVMCompiler @D:\Dicoding\Belajar Fundamental Aplikasi Android\GPT\4.3 Latihan Fragment + Navigation Component Advanced\app\build\20260118_6246164522656078392.compiler.options

Host: Intel(R) Core(TM) i7-10510U CPU @ 1.80GHz, 8 cores, 7G,  Windows 11 , 64 bit Build 26100 (10.0.26100.7623)
Time: Sun Jan 18 13:05:55 2026 SE Asia Standard Time elapsed time: 5.123050 seconds (0d 0h 0m 5s)

---------------  T H R E A D  ---------------

Current thread (0x00000215d596a9c0):  JavaThread "C2 CompilerThread0" daemon [_thread_in_native, id=18448, stack(0x00000055ccc00000,0x00000055ccd00000) (1024K)]


Current CompileTask:
C2:5123 3049   !   4       jdk.internal.loader.BuiltinClassLoader::findClassOnClassPathOrNull (64 bytes)

Stack: [0x00000055ccc00000,0x00000055ccd00000]
Native frames: (J=compiled Java code, j=interpreted, Vv=VM code, C=native code)
V  [jvm.dll+0x6d0639]
V  [jvm.dll+0x85eb03]
V  [jvm.dll+0x86105e]
V  [jvm.dll+0x861743]
V  [jvm.dll+0x27e6e6]
V  [jvm.dll+0xbff6d]
V  [jvm.dll+0xc04a3]
V  [jvm.dll+0x3b6171]
V  [jvm.dll+0x1de684]
V  [jvm.dll+0x247dd4]
V  [jvm.dll+0x247251]
V  [jvm.dll+0x1c5f04]
V  [jvm.dll+0x2569ac]
V  [jvm.dll+0x254ef6]
V  [jvm.dll+0x3f0e96]
V  [jvm.dll+0x806ed8]
V  [jvm.dll+0x6cef0d]
C  [ucrtbase.dll+0x37b0]
C  [KERNEL32.DLL+0x2e8d7]
C  [ntdll.dll+0x8c53c]


---------------  P R O C E S S  ---------------

Threads class SMR info:
_java_thread_list=0x00000215d5affcb0, length=12, elements={
0x00000215bbd34280, 0x00000215d5954640, 0x00000215d595dd70, 0x00000215d59669c0,
0x00000215d596b850, 0x00000215d5967d00, 0x00000215d5969b10, 0x00000215d596a9c0,
0x00000215d5983cd0, 0x00000215d5b2b7a0, 0x00000215d5b2e3d0, 0x00000215dbed6740
}

Java Threads: ( => current thread )
  0x00000215bbd34280 JavaThread "main"                              [_thread_blocked, id=14404, stack(0x00000055cbe00000,0x00000055cbf00000) (1024K)]
  0x00000215d5954640 JavaThread "Reference Handler"          daemon [_thread_blocked, id=10492, stack(0x00000055cc600000,0x00000055cc700000) (1024K)]
  0x00000215d595dd70 JavaThread "Finalizer"                  daemon [_thread_blocked, id=12364, stack(0x00000055cc700000,0x00000055cc800000) (1024K)]
  0x00000215d59669c0 JavaThread "Signal Dispatcher"          daemon [_thread_blocked, id=10428, stack(0x00000055cc800000,0x00000055cc900000) (1024K)]
  0x00000215d596b850 JavaThread "Attach Listener"            daemon [_thread_blocked, id=15008, stack(0x00000055cc900000,0x00000055cca00000) (1024K)]
  0x00000215d5967d00 JavaThread "Service Thread"             daemon [_thread_blocked, id=7992, stack(0x00000055cca00000,0x00000055ccb00000) (1024K)]
  0x00000215d5969b10 JavaThread "Monitor Deflation Thread"   daemon [_thread_blocked, id=16360, stack(0x00000055ccb00000,0x00000055ccc00000) (1024K)]
=>0x00000215d596a9c0 JavaThread "C2 CompilerThread0"         daemon [_thread_in_native, id=18448, stack(0x00000055ccc00000,0x00000055ccd00000) (1024K)]
  0x00000215d5983cd0 JavaThread "C1 CompilerThread0"         daemon [_thread_blocked, id=11480, stack(0x00000055ccd00000,0x00000055cce00000) (1024K)]
  0x00000215d5b2b7a0 JavaThread "Notification Thread"        daemon [_thread_blocked, id=4892, stack(0x00000055cce00000,0x00000055ccf00000) (1024K)]
  0x00000215d5b2e3d0 JavaThread "Common-Cleaner"             daemon [_thread_blocked, id=22644, stack(0x00000055ccf00000,0x00000055cd000000) (1024K)]
  0x00000215dbed6740 JavaThread "C2 CompilerThread1"         daemon [_thread_in_native, id=10824, stack(0x00000055cd000000,0x00000055cd100000) (1024K)]
Total: 12

Other Threads:
  0x00000215d58fa3a0 VMThread "VM Thread"                           [id=18256, stack(0x00000055cc500000,0x00000055cc600000) (1024K)]
  0x00000215d5734560 WatcherThread "VM Periodic Task Thread"        [id=14356, stack(0x00000055cc400000,0x00000055cc500000) (1024K)]
  0x00000215be1efc10 WorkerThread "GC Thread#0"                     [id=10532, stack(0x00000055cbf00000,0x00000055cc000000) (1024K)]
  0x00000215da588c60 WorkerThread "GC Thread#1"                     [id=20088, stack(0x00000055cd200000,0x00000055cd300000) (1024K)]
  0x00000215da582b60 WorkerThread "GC Thread#2"                     [id=22320, stack(0x00000055cd300000,0x00000055cd400000) (1024K)]
  0x00000215da5c59d0 WorkerThread "GC Thread#3"                     [id=5224, stack(0x00000055cd400000,0x00000055cd500000) (1024K)]
  0x00000215da5c5d70 WorkerThread "GC Thread#4"                     [id=21224, stack(0x00000055cd500000,0x00000055cd600000) (1024K)]
  0x00000215da5dc3a0 WorkerThread "GC Thread#5"                     [id=9232, stack(0x00000055cd600000,0x00000055cd700000) (1024K)]
  0x00000215da62d1b0 WorkerThread "GC Thread#6"                     [id=12272, stack(0x00000055cd100000,0x00000055cd200000) (1024K)]
  0x00000215da62e3d0 WorkerThread "GC Thread#7"                     [id=2364, stack(0x00000055cd700000,0x00000055cd800000) (1024K)]
  0x00000215be2004c0 ConcurrentGCThread "G1 Main Marker"            [id=20680, stack(0x00000055cc000000,0x00000055cc100000) (1024K)]
  0x00000215be202520 WorkerThread "G1 Conc#0"                       [id=16216, stack(0x00000055cc100000,0x00000055cc200000) (1024K)]
  0x00000215da62ce10 WorkerThread "G1 Conc#1"                       [id=7324, stack(0x00000055cd800000,0x00000055cd900000) (1024K)]
  0x00000215d56085b0 ConcurrentGCThread "G1 Refine#0"               [id=6172, stack(0x00000055cc200000,0x00000055cc300000) (1024K)]
  0x00000215d5608dd0 ConcurrentGCThread "G1 Service"                [id=7944, stack(0x00000055cc300000,0x00000055cc400000) (1024K)]
Total: 15

Threads with active compile tasks:
C2 CompilerThread0  5140 3049   !   4       jdk.internal.loader.BuiltinClassLoader::findClassOnClassPathOrNull (64 bytes)
C2 CompilerThread1  5140 3069  s    4       java.util.jar.JarFile::getInputStream (88 bytes)
Total: 2

VM state: at safepoint (normal execution)

VM Mutex/Monitor currently owned by a thread:  ([mutex/lock_event])
[0x00007ff8e98ce3a0] Threads_lock - owner thread: 0x00000215d58fa3a0
[0x00007ff8e98ce4a0] Heap_lock - owner thread: 0x00000215bbd34280

Heap address: 0x0000000083200000, size: 1998 MB, Compressed Oops mode: 32-bit

CDS archive(s) not mapped
Compressed class space mapped at: 0x0000000100000000-0x0000000140000000, reserved size: 1073741824
Narrow klass base: 0x0000000000000000, Narrow klass shift: 3, Narrow klass range: 0x140000000

GC Precious Log:
 CardTable entry size: 512
 Card Set container configuration: InlinePtr #cards 5 size 8 Array Of Cards #cards 12 size 40 Howl #buckets 4 coarsen threshold 1843 Howl Bitmap #cards 512 size 80 coarsen threshold 460 Card regions per heap region 1 cards per card region 2048
 CPUs: 8 total, 8 available
 Memory: 7990M
 Large Page Support: Disabled
 NUMA Support: Disabled
 Compressed Oops: Enabled (32-bit)
 Heap Region Size: 1M
 Heap Min Capacity: 8M
 Heap Initial Capacity: 126M
 Heap Max Capacity: 1998M
 Pre-touch: Disabled
 Parallel Workers: 8
 Concurrent Workers: 2
 Concurrent Refinement Workers: 8
 Periodic GC: Disabled

Heap:
 garbage-first heap   total 44032K, used 25600K [0x0000000083200000, 0x0000000100000000)
  region size 1024K, 3 young (3072K), 3 survivors (3072K)
 Metaspace       used 51086K, committed 51392K, reserved 1114112K
  class space    used 5898K, committed 6016K, reserved 1048576K

Heap Regions: E=young(eden), S=young(survivor), O=old, HS=humongous(starts), HC=humongous(continues), CS=collection set, F=free, TAMS=top-at-mark-start, PB=parsable bottom
|   0|0x0000000083200000, 0x0000000083300000, 0x0000000083300000|100%|HS|  |TAMS 0x0000000083200000| PB 0x0000000083200000| Complete 
|   1|0x0000000083300000, 0x0000000083400000, 0x0000000083400000|100%|HC|  |TAMS 0x0000000083300000| PB 0x0000000083300000| Complete 
|   2|0x0000000083400000, 0x0000000083500000, 0x0000000083500000|100%|HC|  |TAMS 0x0000000083400000| PB 0x0000000083400000| Complete 
|   3|0x0000000083500000, 0x0000000083600000, 0x0000000083600000|100%| O|  |TAMS 0x0000000083500000| PB 0x0000000083500000| Untracked 
|   4|0x0000000083600000, 0x0000000083700000, 0x0000000083700000|100%| O|  |TAMS 0x0000000083600000| PB 0x0000000083600000| Untracked 
|   5|0x0000000083700000, 0x0000000083800000, 0x0000000083800000|100%| O|  |TAMS 0x0000000083700000| PB 0x0000000083700000| Untracked 
|   6|0x0000000083800000, 0x0000000083900000, 0x0000000083900000|100%| O|  |TAMS 0x0000000083800000| PB 0x0000000083800000| Untracked 
|   7|0x0000000083900000, 0x0000000083a00000, 0x0000000083a00000|100%| O|  |TAMS 0x0000000083900000| PB 0x0000000083900000| Untracked 
|   8|0x0000000083a00000, 0x0000000083b00000, 0x0000000083b00000|100%| O|  |TAMS 0x0000000083a00000| PB 0x0000000083a00000| Untracked 
|   9|0x0000000083b00000, 0x0000000083c00000, 0x0000000083c00000|100%| O|  |TAMS 0x0000000083b00000| PB 0x0000000083b00000| Untracked 
|  10|0x0000000083c00000, 0x0000000083d00000, 0x0000000083d00000|100%| O|  |TAMS 0x0000000083c00000| PB 0x0000000083c00000| Untracked 
|  11|0x0000000083d00000, 0x0000000083e00000, 0x0000000083e00000|100%| O|  |TAMS 0x0000000083d00000| PB 0x0000000083d00000| Untracked 
|  12|0x0000000083e00000, 0x0000000083f00000, 0x0000000083f00000|100%| O|  |TAMS 0x0000000083e00000| PB 0x0000000083e00000| Untracked 
|  13|0x0000000083f00000, 0x0000000084000000, 0x0000000084000000|100%| O|  |TAMS 0x0000000083f00000| PB 0x0000000083f00000| Untracked 
|  14|0x0000000084000000, 0x0000000084100000, 0x0000000084100000|100%| O|  |TAMS 0x0000000084000000| PB 0x0000000084000000| Untracked 
|  15|0x0000000084100000, 0x0000000084200000, 0x0000000084200000|100%| O|  |TAMS 0x0000000084100000| PB 0x0000000084100000| Untracked 
|  16|0x0000000084200000, 0x0000000084300000, 0x0000000084300000|100%| O|  |TAMS 0x0000000084200000| PB 0x0000000084200000| Untracked 
|  17|0x0000000084300000, 0x0000000084400000, 0x0000000084400000|100%| O|  |TAMS 0x0000000084300000| PB 0x0000000084300000| Untracked 
|  18|0x0000000084400000, 0x0000000084500000, 0x0000000084500000|100%| O|  |TAMS 0x0000000084400000| PB 0x0000000084400000| Untracked 
|  19|0x0000000084500000, 0x0000000084600000, 0x0000000084600000|100%| O|  |TAMS 0x0000000084500000| PB 0x0000000084500000| Untracked 
|  20|0x0000000084600000, 0x0000000084700000, 0x0000000084700000|100%| O|  |TAMS 0x0000000084600000| PB 0x0000000084600000| Untracked 
|  21|0x0000000084700000, 0x0000000084700000, 0x0000000084800000|  0%| F|  |TAMS 0x0000000084700000| PB 0x0000000084700000| Untracked 
|  22|0x0000000084800000, 0x0000000084800000, 0x0000000084900000|  0%| F|  |TAMS 0x0000000084800000| PB 0x0000000084800000| Untracked 
|  23|0x0000000084900000, 0x0000000084a00000, 0x0000000084a00000|100%| O|  |TAMS 0x0000000084900000| PB 0x0000000084900000| Untracked 
|  24|0x0000000084a00000, 0x0000000084a00000, 0x0000000084b00000|  0%| F|  |TAMS 0x0000000084a00000| PB 0x0000000084a00000| Untracked 
|  25|0x0000000084b00000, 0x0000000084b00000, 0x0000000084c00000|  0%| F|  |TAMS 0x0000000084b00000| PB 0x0000000084b00000| Untracked 
|  26|0x0000000084c00000, 0x0000000084d00000, 0x0000000084d00000|100%| S|CS|TAMS 0x0000000084c00000| PB 0x0000000084c00000| Complete 
|  27|0x0000000084d00000, 0x0000000084e00000, 0x0000000084e00000|100%| S|CS|TAMS 0x0000000084d00000| PB 0x0000000084d00000| Complete 
|  28|0x0000000084e00000, 0x0000000084f00000, 0x0000000084f00000|100%| S|CS|TAMS 0x0000000084e00000| PB 0x0000000084e00000| Complete 
|  29|0x0000000084f00000, 0x0000000084f00000, 0x0000000085000000|  0%| F|  |TAMS 0x0000000084f00000| PB 0x0000000084f00000| Untracked 
|  30|0x0000000085000000, 0x0000000085000000, 0x0000000085100000|  0%| F|  |TAMS 0x0000000085000000| PB 0x0000000085000000| Untracked 
|  31|0x0000000085100000, 0x0000000085100000, 0x0000000085200000|  0%| F|  |TAMS 0x0000000085100000| PB 0x0000000085100000| Untracked 
|  32|0x0000000085200000, 0x0000000085200000, 0x0000000085300000|  0%| F|  |TAMS 0x0000000085200000| PB 0x0000000085200000| Untracked 
|  33|0x0000000085300000, 0x0000000085300000, 0x0000000085400000|  0%| F|  |TAMS 0x0000000085300000| PB 0x0000000085300000| Untracked 
|  34|0x0000000085400000, 0x0000000085400000, 0x0000000085500000|  0%| F|  |TAMS 0x0000000085400000| PB 0x0000000085400000| Untracked 
|  35|0x0000000085500000, 0x0000000085500000, 0x0000000085600000|  0%| F|  |TAMS 0x0000000085500000| PB 0x0000000085500000| Untracked 
|  36|0x0000000085600000, 0x0000000085600000, 0x0000000085700000|  0%| F|  |TAMS 0x0000000085600000| PB 0x0000000085600000| Untracked 
|  37|0x0000000085700000, 0x0000000085700000, 0x0000000085800000|  0%| F|  |TAMS 0x0000000085700000| PB 0x0000000085700000| Untracked 
|  38|0x0000000085800000, 0x0000000085800000, 0x0000000085900000|  0%| F|  |TAMS 0x0000000085800000| PB 0x0000000085800000| Untracked 
|  39|0x0000000085900000, 0x0000000085900000, 0x0000000085a00000|  0%| F|  |TAMS 0x0000000085900000| PB 0x0000000085900000| Untracked 
|  98|0x0000000089400000, 0x0000000089400000, 0x0000000089500000|  0%| F|  |TAMS 0x0000000089400000| PB 0x0000000089400000| Untracked 
|  99|0x0000000089500000, 0x0000000089500000, 0x0000000089600000|  0%| F|  |TAMS 0x0000000089500000| PB 0x0000000089500000| Untracked 
| 125|0x000000008af00000, 0x000000008af00000, 0x000000008b000000|  0%| F|  |TAMS 0x000000008af00000| PB 0x000000008af00000| Untracked 

Card table byte_map: [0x00000215d0a10000,0x00000215d0e00000] _byte_map_base: 0x00000215d05f7000

Marking Bits: (CMBitMap*) 0x00000215be1f0220
 Bits: [0x00000215d0e00000, 0x00000215d2d38000)

Polling page: 0x00000215bbf60000

Metaspace:

Usage:
  Non-class:     44.13 MB used.
      Class:      5.76 MB used.
       Both:     49.89 MB used.

Virtual space:
  Non-class space:       64.00 MB reserved,      44.31 MB ( 69%) committed,  1 nodes.
      Class space:        1.00 GB reserved,       5.88 MB ( <1%) committed,  1 nodes.
             Both:        1.06 GB reserved,      50.19 MB (  5%) committed. 

Chunk freelists:
   Non-Class:  3.36 MB
       Class:  10.08 MB
        Both:  13.44 MB

MaxMetaspaceSize: unlimited
CompressedClassSpaceSize: 1.00 GB
Initial GC threshold: 21.00 MB
Current GC threshold: 59.00 MB
CDS: off
 - commit_granule_bytes: 65536.
 - commit_granule_words: 8192.
 - virtual_space_node_default_size: 8388608.
 - enlarge_chunks_in_place: 1.
 - use_allocation_guard: 0.


Internal statistics:

num_allocs_failed_limit: 6.
num_arena_births: 234.
num_arena_deaths: 0.
num_vsnodes_births: 2.
num_vsnodes_deaths: 0.
num_space_committed: 803.
num_space_uncommitted: 0.
num_chunks_returned_to_freelist: 6.
num_chunks_taken_from_freelist: 1733.
num_chunk_merges: 6.
num_chunk_splits: 1423.
num_chunks_enlarged: 1301.
num_inconsistent_stats: 0.

CodeHeap 'non-profiled nmethods': size=120000Kb used=1470Kb max_used=1470Kb free=118529Kb
 bounds [0x00000215c8dc0000, 0x00000215c9030000, 0x00000215d02f0000]
CodeHeap 'profiled nmethods': size=120000Kb used=6025Kb max_used=6025Kb free=113974Kb
 bounds [0x00000215c12f0000, 0x00000215c18e0000, 0x00000215c8820000]
CodeHeap 'non-nmethods': size=5760Kb used=1568Kb max_used=1656Kb free=4191Kb
 bounds [0x00000215c8820000, 0x00000215c8a90000, 0x00000215c8dc0000]
 total_blobs=3641 nmethods=3005 adapters=540
 compilation: enabled
              stopped_count=0, restarted_count=0
 full_count=0

Compilation events (20 events):
Event: 4.084 Thread 0x00000215d5983cd0 3123       3       org.jetbrains.kotlin.com.intellij.lang.impl.MarkerOptionalData::isCollapsed (11 bytes)
Event: 4.085 Thread 0x00000215d5983cd0 nmethod 3123 0x00000215c18ccb90 code [0x00000215c18ccd40, 0x00000215c18ccec8]
Event: 4.085 Thread 0x00000215d5983cd0 3126       1       org.jetbrains.kotlin.com.intellij.psi.impl.source.tree.CompositeElement::getLastChildNode (5 bytes)
Event: 4.085 Thread 0x00000215d5983cd0 nmethod 3126 0x00000215c8f2f290 code [0x00000215c8f2f420, 0x00000215c8f2f4e8]
Event: 4.085 Thread 0x00000215d5983cd0 3127       1       org.jetbrains.kotlin.com.intellij.psi.impl.source.tree.TreeElement::getTreePrev (5 bytes)
Event: 4.085 Thread 0x00000215d5983cd0 nmethod 3127 0x00000215c8f2f590 code [0x00000215c8f2f720, 0x00000215c8f2f7e8]
Event: 4.085 Thread 0x00000215d5983cd0 3128       1       org.jetbrains.kotlin.com.intellij.psi.impl.source.tree.CompositeElement::setLastChildNode (6 bytes)
Event: 4.085 Thread 0x00000215d5983cd0 nmethod 3128 0x00000215c8f2f890 code [0x00000215c8f2fa20, 0x00000215c8f2fb30]
Event: 4.085 Thread 0x00000215d5983cd0 3130       3       org.jetbrains.kotlin.com.intellij.psi.impl.source.tree.TreeElement::clearRelativeOffsets (28 bytes)
Event: 4.085 Thread 0x00000215d5983cd0 nmethod 3130 0x00000215c18cd010 code [0x00000215c18cd1c0, 0x00000215c18cd3a8]
Event: 4.085 Thread 0x00000215d5983cd0 3117       3       java.lang.invoke.LambdaMetafactory::metafactory (71 bytes)
Event: 4.086 Thread 0x00000215d5983cd0 nmethod 3117 0x00000215c18cd490 code [0x00000215c18cd720, 0x00000215c18ce1d8]
Event: 4.086 Thread 0x00000215d5983cd0 3131       3       org.jetbrains.kotlin.com.intellij.psi.impl.source.tree.TreeElement::setTreePrev (10 bytes)
Event: 4.086 Thread 0x00000215d5983cd0 nmethod 3131 0x00000215c18ce710 code [0x00000215c18ce8c0, 0x00000215c18ceb78]
Event: 4.086 Thread 0x00000215d5983cd0 3132       3       org.jetbrains.kotlin.com.intellij.psi.impl.source.tree.TreeElement::setTreeParent (46 bytes)
Event: 4.087 Thread 0x00000215d5983cd0 nmethod 3132 0x00000215c18cec90 code [0x00000215c18ceee0, 0x00000215c18cf758]
Event: 4.088 Thread 0x00000215d5983cd0 3133       3       org.jetbrains.kotlin.com.intellij.psi.impl.source.tree.CompositeElement::rawAddChildrenWithoutNotifications (47 bytes)
Event: 4.088 Thread 0x00000215d5983cd0 nmethod 3133 0x00000215c18cfa10 code [0x00000215c18cfc40, 0x00000215c18d0198]
Event: 4.088 Thread 0x00000215d5983cd0 3134       3       org.jetbrains.kotlin.com.intellij.psi.impl.source.tree.TreeElement::rawRemoveUpToWithoutNotifications (247 bytes)
Event: 4.091 Thread 0x00000215d5983cd0 nmethod 3134 0x00000215c18d0390 code [0x00000215c18d0720, 0x00000215c18d1e28]

GC Heap History (20 events):
Event: 0.625 GC heap after
{Heap after GC invocations=1 (full 0):
 garbage-first heap   total 129024K, used 6250K [0x0000000083200000, 0x0000000100000000)
  region size 1024K, 3 young (3072K), 3 survivors (3072K)
 Metaspace       used 14056K, committed 14208K, reserved 1114112K
  class space    used 1326K, committed 1408K, reserved 1048576K
}
Event: 1.007 GC heap before
{Heap before GC invocations=1 (full 0):
 garbage-first heap   total 129024K, used 27754K [0x0000000083200000, 0x0000000100000000)
  region size 1024K, 26 young (26624K), 3 survivors (3072K)
 Metaspace       used 21358K, committed 21504K, reserved 1114112K
  class space    used 2166K, committed 2240K, reserved 1048576K
}
Event: 1.012 GC heap after
{Heap after GC invocations=2 (full 0):
 garbage-first heap   total 129024K, used 7551K [0x0000000083200000, 0x0000000100000000)
  region size 1024K, 2 young (2048K), 2 survivors (2048K)
 Metaspace       used 21358K, committed 21504K, reserved 1114112K
  class space    used 2166K, committed 2240K, reserved 1048576K
}
Event: 1.316 GC heap before
{Heap before GC invocations=3 (full 0):
 garbage-first heap   total 27648K, used 27007K [0x0000000083200000, 0x0000000100000000)
  region size 1024K, 21 young (21504K), 2 survivors (2048K)
 Metaspace       used 24983K, committed 25280K, reserved 1114112K
  class space    used 2623K, committed 2752K, reserved 1048576K
}
Event: 1.327 GC heap after
{Heap after GC invocations=4 (full 0):
 garbage-first heap   total 34816K, used 13312K [0x0000000083200000, 0x0000000100000000)
  region size 1024K, 7 young (7168K), 7 survivors (7168K)
 Metaspace       used 24983K, committed 25280K, reserved 1114112K
  class space    used 2623K, committed 2752K, reserved 1048576K
}
Event: 1.455 GC heap before
{Heap before GC invocations=4 (full 0):
 garbage-first heap   total 34816K, used 24576K [0x0000000083200000, 0x0000000100000000)
  region size 1024K, 18 young (18432K), 7 survivors (7168K)
 Metaspace       used 27383K, committed 27584K, reserved 1114112K
  class space    used 2910K, committed 3008K, reserved 1048576K
}
Event: 1.463 GC heap after
{Heap after GC invocations=5 (full 0):
 garbage-first heap   total 34816K, used 14084K [0x0000000083200000, 0x0000000100000000)
  region size 1024K, 2 young (2048K), 2 survivors (2048K)
 Metaspace       used 27383K, committed 27584K, reserved 1114112K
  class space    used 2910K, committed 3008K, reserved 1048576K
}
Event: 1.695 GC heap before
{Heap before GC invocations=5 (full 0):
 garbage-first heap   total 34816K, used 26372K [0x0000000083200000, 0x0000000100000000)
  region size 1024K, 14 young (14336K), 2 survivors (2048K)
 Metaspace       used 31521K, committed 31808K, reserved 1114112K
  class space    used 3711K, committed 3840K, reserved 1048576K
}
Event: 1.699 GC heap after
{Heap after GC invocations=6 (full 0):
 garbage-first heap   total 34816K, used 14941K [0x0000000083200000, 0x0000000100000000)
  region size 1024K, 1 young (1024K), 1 survivors (1024K)
 Metaspace       used 31521K, committed 31808K, reserved 1114112K
  class space    used 3711K, committed 3840K, reserved 1048576K
}
Event: 1.927 GC heap before
{Heap before GC invocations=6 (full 0):
 garbage-first heap   total 34816K, used 26205K [0x0000000083200000, 0x0000000100000000)
  region size 1024K, 13 young (13312K), 1 survivors (1024K)
 Metaspace       used 34339K, committed 34560K, reserved 1114112K
  class space    used 4137K, committed 4224K, reserved 1048576K
}
Event: 1.930 GC heap after
{Heap after GC invocations=7 (full 0):
 garbage-first heap   total 34816K, used 16384K [0x0000000083200000, 0x0000000100000000)
  region size 1024K, 2 young (2048K), 2 survivors (2048K)
 Metaspace       used 34339K, committed 34560K, reserved 1114112K
  class space    used 4137K, committed 4224K, reserved 1048576K
}
Event: 2.036 GC heap before
{Heap before GC invocations=7 (full 0):
 garbage-first heap   total 34816K, used 21504K [0x0000000083200000, 0x0000000100000000)
  region size 1024K, 9 young (9216K), 2 survivors (2048K)
 Metaspace       used 35761K, committed 35968K, reserved 1114112K
  class space    used 4285K, committed 4352K, reserved 1048576K
}
Event: 2.040 GC heap after
{Heap after GC invocations=8 (full 0):
 garbage-first heap   total 44032K, used 16735K [0x0000000083200000, 0x0000000100000000)
  region size 1024K, 1 young (1024K), 1 survivors (1024K)
 Metaspace       used 35761K, committed 35968K, reserved 1114112K
  class space    used 4285K, committed 4352K, reserved 1048576K
}
Event: 2.494 GC heap before
{Heap before GC invocations=9 (full 0):
 garbage-first heap   total 44032K, used 35167K [0x0000000083200000, 0x0000000100000000)
  region size 1024K, 20 young (20480K), 1 survivors (1024K)
 Metaspace       used 40994K, committed 41344K, reserved 1114112K
  class space    used 4826K, committed 4992K, reserved 1048576K
}
Event: 2.501 GC heap after
{Heap after GC invocations=10 (full 0):
 garbage-first heap   total 44032K, used 17467K [0x0000000083200000, 0x0000000100000000)
  region size 1024K, 2 young (2048K), 2 survivors (2048K)
 Metaspace       used 40994K, committed 41344K, reserved 1114112K
  class space    used 4826K, committed 4992K, reserved 1048576K
}
Event: 3.001 GC heap before
{Heap before GC invocations=10 (full 0):
 garbage-first heap   total 44032K, used 35899K [0x0000000083200000, 0x0000000100000000)
  region size 1024K, 21 young (21504K), 2 survivors (2048K)
 Metaspace       used 45894K, committed 46208K, reserved 1114112K
  class space    used 5355K, committed 5504K, reserved 1048576K
}
Event: 3.008 GC heap after
{Heap after GC invocations=11 (full 0):
 garbage-first heap   total 44032K, used 18257K [0x0000000083200000, 0x0000000100000000)
  region size 1024K, 3 young (3072K), 3 survivors (3072K)
 Metaspace       used 45894K, committed 46208K, reserved 1114112K
  class space    used 5355K, committed 5504K, reserved 1048576K
}
Event: 3.597 GC heap before
{Heap before GC invocations=11 (full 0):
 garbage-first heap   total 44032K, used 36689K [0x0000000083200000, 0x0000000100000000)
  region size 1024K, 21 young (21504K), 3 survivors (3072K)
 Metaspace       used 47961K, committed 48256K, reserved 1114112K
  class space    used 5537K, committed 5696K, reserved 1048576K
}
Event: 3.613 GC heap after
{Heap after GC invocations=12 (full 0):
 garbage-first heap   total 44032K, used 22284K [0x0000000083200000, 0x0000000100000000)
  region size 1024K, 3 young (3072K), 3 survivors (3072K)
 Metaspace       used 47961K, committed 48256K, reserved 1114112K
  class space    used 5537K, committed 5696K, reserved 1048576K
}
Event: 4.098 GC heap before
{Heap before GC invocations=12 (full 0):
 garbage-first heap   total 44032K, used 36620K [0x0000000083200000, 0x0000000100000000)
  region size 1024K, 17 young (17408K), 3 survivors (3072K)
 Metaspace       used 51086K, committed 51392K, reserved 1114112K
  class space    used 5898K, committed 6016K, reserved 1048576K
}

Dll operation events (3 events):
Event: 0.013 Loaded shared library C:\Program Files\Android\Android Studio\jbr\bin\java.dll
Event: 0.021 Loaded shared library C:\Program Files\Android\Android Studio\jbr\bin\zip.dll
Event: 1.363 Loaded shared library C:\Program Files\Android\Android Studio\jbr\bin\verify.dll

Deoptimization events (20 events):
Event: 4.019 Thread 0x00000215bbd34280 Uncommon trap: trap_request=0xffffffde fr.pc=0x00000215c8ea8b34 relative=0x00000000000004b4
Event: 4.019 Thread 0x00000215bbd34280 Uncommon trap: reason=class_check action=maybe_recompile pc=0x00000215c8ea8b34 method=org.jetbrains.kotlin.com.intellij.lang.java.lexer.BasicJavaLexer.charAt(I)C @ 21 c2
Event: 4.019 Thread 0x00000215bbd34280 DEOPT PACKING pc=0x00000215c8ea8b34 sp=0x00000055cbefc0f0
Event: 4.019 Thread 0x00000215bbd34280 DEOPT UNPACKING pc=0x00000215c88746a2 sp=0x00000055cbefc008 mode 2
Event: 4.019 Thread 0x00000215bbd34280 Uncommon trap: trap_request=0xffffffc6 fr.pc=0x00000215c8ea7a10 relative=0x00000000000001b0
Event: 4.019 Thread 0x00000215bbd34280 Uncommon trap: reason=bimorphic_or_optimized_type_check action=maybe_recompile pc=0x00000215c8ea7a10 method=java.lang.Character.codePointAt(Ljava/lang/CharSequence;I)I @ 2 c2
Event: 4.019 Thread 0x00000215bbd34280 DEOPT PACKING pc=0x00000215c8ea7a10 sp=0x00000055cbefc090
Event: 4.019 Thread 0x00000215bbd34280 DEOPT UNPACKING pc=0x00000215c88746a2 sp=0x00000055cbefc018 mode 2
Event: 4.019 Thread 0x00000215bbd34280 Uncommon trap: trap_request=0xffffffc6 fr.pc=0x00000215c8ea7a10 relative=0x00000000000001b0
Event: 4.019 Thread 0x00000215bbd34280 Uncommon trap: reason=bimorphic_or_optimized_type_check action=maybe_recompile pc=0x00000215c8ea7a10 method=java.lang.Character.codePointAt(Ljava/lang/CharSequence;I)I @ 2 c2
Event: 4.019 Thread 0x00000215bbd34280 DEOPT PACKING pc=0x00000215c8ea7a10 sp=0x00000055cbefc090
Event: 4.019 Thread 0x00000215bbd34280 DEOPT UNPACKING pc=0x00000215c88746a2 sp=0x00000055cbefc018 mode 2
Event: 4.019 Thread 0x00000215bbd34280 Uncommon trap: trap_request=0xffffffc6 fr.pc=0x00000215c8ea7a10 relative=0x00000000000001b0
Event: 4.019 Thread 0x00000215bbd34280 Uncommon trap: reason=bimorphic_or_optimized_type_check action=maybe_recompile pc=0x00000215c8ea7a10 method=java.lang.Character.codePointAt(Ljava/lang/CharSequence;I)I @ 2 c2
Event: 4.019 Thread 0x00000215bbd34280 DEOPT PACKING pc=0x00000215c8ea7a10 sp=0x00000055cbefc090
Event: 4.019 Thread 0x00000215bbd34280 DEOPT UNPACKING pc=0x00000215c88746a2 sp=0x00000055cbefc018 mode 2
Event: 4.019 Thread 0x00000215bbd34280 Uncommon trap: trap_request=0xffffffc6 fr.pc=0x00000215c8ea7a10 relative=0x00000000000001b0
Event: 4.019 Thread 0x00000215bbd34280 Uncommon trap: reason=bimorphic_or_optimized_type_check action=maybe_recompile pc=0x00000215c8ea7a10 method=java.lang.Character.codePointAt(Ljava/lang/CharSequence;I)I @ 2 c2
Event: 4.019 Thread 0x00000215bbd34280 DEOPT PACKING pc=0x00000215c8ea7a10 sp=0x00000055cbefc090
Event: 4.019 Thread 0x00000215bbd34280 DEOPT UNPACKING pc=0x00000215c88746a2 sp=0x00000055cbefc018 mode 2

Classes loaded (20 events):
Event: 4.004 Loading class java/util/stream/Node$OfInt done
Event: 4.004 Loading class java/util/stream/Nodes$EmptyNode$OfInt done
Event: 4.004 Loading class java/util/stream/Nodes$EmptyNode$OfLong
Event: 4.004 Loading class java/util/stream/Node$OfLong
Event: 4.004 Loading class java/util/stream/Node$OfLong done
Event: 4.004 Loading class java/util/stream/Nodes$EmptyNode$OfLong done
Event: 4.004 Loading class java/util/stream/Nodes$EmptyNode$OfDouble
Event: 4.004 Loading class java/util/stream/Node$OfDouble
Event: 4.005 Loading class java/util/stream/Node$OfDouble done
Event: 4.005 Loading class java/util/stream/Nodes$EmptyNode$OfDouble done
Event: 4.005 Loading class java/util/stream/Nodes$FixedNodeBuilder
Event: 4.005 Loading class java/util/stream/Node$Builder
Event: 4.005 Loading class java/util/stream/Node$Builder done
Event: 4.005 Loading class java/util/stream/Nodes$ArrayNode
Event: 4.005 Loading class java/util/stream/Nodes$ArrayNode done
Event: 4.005 Loading class java/util/stream/Nodes$FixedNodeBuilder done
Event: 4.005 Loading class java/util/stream/ReferencePipeline$3$1
Event: 4.005 Loading class java/util/stream/Sink$ChainedReference
Event: 4.005 Loading class java/util/stream/Sink$ChainedReference done
Event: 4.005 Loading class java/util/stream/ReferencePipeline$3$1 done

Classes unloaded (0 events):
No events

Classes redefined (0 events):
No events

Internal exceptions (20 events):
Event: 1.024 Thread 0x00000215bbd34280 Exception <a 'java/lang/NoSuchMethodError'{0x000000008afd0618}: 'void java.lang.invoke.DirectMethodHandle$Holder.invokeStatic(java.lang.Object, java.lang.Object, java.lang.Object, java.lang.Object)'> (0x000000008afd0618) 
thrown [s\src\hotspot\share\interpreter\linkResolver.cpp, line 784]
Event: 1.054 Thread 0x00000215bbd34280 Exception <a 'java/lang/NoSuchMethodError'{0x00000000848657f0}: 'java.lang.Object java.lang.invoke.DirectMethodHandle$Holder.invokeInterface(java.lang.Object, java.lang.Object)'> (0x00000000848657f0) 
thrown [s\src\hotspot\share\interpreter\linkResolver.cpp, line 784]
Event: 1.098 Thread 0x00000215bbd34280 Exception <a 'java/lang/NoSuchMethodError'{0x00000000846d2a70}: 'void java.lang.invoke.DirectMethodHandle$Holder.invokeStaticInit(java.lang.Object, java.lang.Object)'> (0x00000000846d2a70) 
thrown [s\src\hotspot\share\interpreter\linkResolver.cpp, line 784]
Event: 1.130 Thread 0x00000215bbd34280 Exception <a 'java/lang/NoSuchMethodError'{0x00000000844b8a70}: 'int java.lang.invoke.DirectMethodHandle$Holder.invokeVirtual(java.lang.Object, java.lang.Object, java.lang.Object)'> (0x00000000844b8a70) 
thrown [s\src\hotspot\share\interpreter\linkResolver.cpp, line 784]
Event: 1.155 Thread 0x00000215bbd34280 Exception <a 'java/lang/NoSuchMethodError'{0x0000000084295908}: 'void java.lang.invoke.Invokers$Holder.invokeExact_MT(java.lang.Object, int, java.lang.Object)'> (0x0000000084295908) 
thrown [s\src\hotspot\share\interpreter\linkResolver.cpp, line 784]
Event: 1.179 Thread 0x00000215bbd34280 Exception <a 'java/lang/NoSuchMethodError'{0x000000008406e6b8}: 'void java.lang.invoke.DirectMethodHandle$Holder.invokeVirtual(java.lang.Object, java.lang.Object)'> (0x000000008406e6b8) 
thrown [s\src\hotspot\share\interpreter\linkResolver.cpp, line 784]
Event: 1.191 Thread 0x00000215bbd34280 Exception <a 'java/lang/NoSuchMethodError'{0x00000000840ec578}: 'long java.lang.invoke.DirectMethodHandle$Holder.invokeStatic(java.lang.Object, java.lang.Object, int)'> (0x00000000840ec578) 
thrown [s\src\hotspot\share\interpreter\linkResolver.cpp, line 784]
Event: 1.191 Thread 0x00000215bbd34280 Exception <a 'java/lang/NoSuchMethodError'{0x00000000840f7560}: 'java.lang.Object java.lang.invoke.DelegatingMethodHandle$Holder.reinvoke_L(java.lang.Object, int, long, java.lang.Object, java.lang.Object, int, java.lang.Object)'> (0x00000000840f7560) 
thrown [s\src\hotspot\share\interpreter\linkResolver.cpp, line 784]
Event: 1.195 Thread 0x00000215bbd34280 Exception <a 'java/lang/NoSuchMethodError'{0x0000000083f1eb10}: 'java.lang.Object java.lang.invoke.DirectMethodHandle$Holder.invokeStatic(java.lang.Object, java.lang.Object, int)'> (0x0000000083f1eb10) 
thrown [s\src\hotspot\share\interpreter\linkResolver.cpp, line 784]
Event: 1.196 Thread 0x00000215bbd34280 Exception <a 'java/lang/NoSuchMethodError'{0x0000000083f2a170}: 'void java.lang.invoke.DelegatingMethodHandle$Holder.delegate(java.lang.Object, java.lang.Object, int, java.lang.Object)'> (0x0000000083f2a170) 
thrown [s\src\hotspot\share\interpreter\linkResolver.cpp, line 784]
Event: 1.374 Thread 0x00000215bbd34280 Exception <a 'java/lang/NoSuchMethodError'{0x00000000847b20a8}: 'java.lang.Object java.lang.invoke.DirectMethodHandle$Holder.invokeStatic(java.lang.Object, java.lang.Object, int, java.lang.Object)'> (0x00000000847b20a8) 
thrown [s\src\hotspot\share\interpreter\linkResolver.cpp, line 784]
Event: 1.474 Thread 0x00000215bbd34280 Exception <a 'java/lang/NoSuchMethodError'{0x000000008affd180}: 'java.lang.Object java.lang.invoke.DirectMethodHandle$Holder.newInvokeSpecial(java.lang.Object, java.lang.Object, java.lang.Object, java.lang.Object, java.lang.Object, java.lang.Object)'> (0x000000008affd180) 
thrown [s\src\hotspot\share\interpreter\linkResolver.cpp, line 784]
Event: 1.921 Thread 0x00000215bbd34280 Exception <a 'java/lang/NoSuchMethodError'{0x0000000084887dd0}: 'java.lang.Object java.lang.invoke.DirectMethodHandle$Holder.newInvokeSpecial(java.lang.Object, java.lang.Object, java.lang.Object, java.lang.Object, java.lang.Object, java.lang.Object, java.lang.Object)'> (0x0000000084887dd0) 
thrown [s\src\hotspot\share\interpreter\linkResolver.cpp, line 784]
Event: 2.204 Thread 0x00000215bbd34280 Exception <a 'java/lang/NoSuchMethodError'{0x000000008534cbf8}: 'java.lang.Object java.lang.invoke.DirectMethodHandle$Holder.invokeVirtual(java.lang.Object, java.lang.Object, java.lang.Object)'> (0x000000008534cbf8) 
thrown [s\src\hotspot\share\interpreter\linkResolver.cpp, line 784]
Event: 2.247 Thread 0x00000215bbd34280 Exception <a 'java/lang/NoSuchMethodError'{0x00000000852d64b8}: 'java.lang.Object java.lang.invoke.DirectMethodHandle$Holder.newInvokeSpecial(java.lang.Object, java.lang.Object, int)'> (0x00000000852d64b8) 
thrown [s\src\hotspot\share\interpreter\linkResolver.cpp, line 784]
Event: 2.427 Thread 0x00000215bbd34280 Exception <a 'java/lang/NoSuchMethodError'{0x0000000084abc9a0}: 'int java.lang.invoke.DirectMethodHandle$Holder.invokeStaticInit(java.lang.Object, int)'> (0x0000000084abc9a0) 
thrown [s\src\hotspot\share\interpreter\linkResolver.cpp, line 784]
Event: 3.011 Thread 0x00000215bbd34280 Exception <a 'java/lang/NoSuchMethodError'{0x000000008af137e8}: 'java.lang.Object java.lang.invoke.DirectMethodHandle$Holder.newInvokeSpecial(java.lang.Object, java.lang.Object, java.lang.Object, int, java.lang.Object)'> (0x000000008af137e8) 
thrown [s\src\hotspot\share\interpreter\linkResolver.cpp, line 784]
Event: 3.442 Thread 0x00000215bbd34280 Implicit null exception at 0x00000215c8eac120 to 0x00000215c8eac388
Event: 3.444 Thread 0x00000215bbd34280 Implicit null exception at 0x00000215c8dfbcc0 to 0x00000215c8dfbd42
Event: 3.780 Thread 0x00000215bbd34280 Exception <a 'java/lang/NoSuchMethodError'{0x00000000855ca898}: 'java.lang.Object java.lang.invoke.Invokers$Holder.invokeExact_MT(java.lang.Object, java.lang.Object, java.lang.Object, java.lang.Object, java.lang.Object, java.lang.Object)'> (0x00000000855ca898) 
thrown [s\src\hotspot\share\interpreter\linkResolver.cpp, line 784]

ZGC Phase Switch (0 events):
No events

VM Operations (20 events):
Event: 2.501 Executing VM operation: G1CollectForAllocation (G1 Evacuation Pause) done
Event: 2.753 Executing VM operation: HandshakeAllThreads (Deoptimize)
Event: 2.753 Executing VM operation: HandshakeAllThreads (Deoptimize) done
Event: 2.886 Executing VM operation: HandshakeAllThreads (Deoptimize)
Event: 2.886 Executing VM operation: HandshakeAllThreads (Deoptimize) done
Event: 3.001 Executing VM operation: G1CollectForAllocation (G1 Evacuation Pause)
Event: 3.008 Executing VM operation: G1CollectForAllocation (G1 Evacuation Pause) done
Event: 3.441 Executing VM operation: HandshakeAllThreads (Deoptimize)
Event: 3.441 Executing VM operation: HandshakeAllThreads (Deoptimize) done
Event: 3.527 Executing VM operation: HandshakeAllThreads (Deoptimize)
Event: 3.528 Executing VM operation: HandshakeAllThreads (Deoptimize) done
Event: 3.561 Executing VM operation: ICBufferFull
Event: 3.561 Executing VM operation: ICBufferFull done
Event: 3.597 Executing VM operation: G1CollectForAllocation (G1 Evacuation Pause)
Event: 3.613 Executing VM operation: G1CollectForAllocation (G1 Evacuation Pause) done
Event: 3.741 Executing VM operation: HandshakeAllThreads (Deoptimize)
Event: 3.741 Executing VM operation: HandshakeAllThreads (Deoptimize) done
Event: 3.780 Executing VM operation: HandshakeAllThreads (Deoptimize)
Event: 3.780 Executing VM operation: HandshakeAllThreads (Deoptimize) done
Event: 4.098 Executing VM operation: G1CollectForAllocation (G1 Evacuation Pause)

Memory protections (0 events):
No events

Nmethod flushes (20 events):
Event: 2.054 Thread 0x00000215d58fa3a0 flushing  nmethod 0x00000215c1333790
Event: 2.054 Thread 0x00000215d58fa3a0 flushing  nmethod 0x00000215c1334910
Event: 2.054 Thread 0x00000215d58fa3a0 flushing  nmethod 0x00000215c1340410
Event: 2.054 Thread 0x00000215d58fa3a0 flushing  nmethod 0x00000215c1343890
Event: 2.054 Thread 0x00000215d58fa3a0 flushing  nmethod 0x00000215c1354710
Event: 2.054 Thread 0x00000215d58fa3a0 flushing  nmethod 0x00000215c1355810
Event: 2.054 Thread 0x00000215d58fa3a0 flushing  nmethod 0x00000215c1356390
Event: 2.054 Thread 0x00000215d58fa3a0 flushing  nmethod 0x00000215c1356a90
Event: 2.054 Thread 0x00000215d58fa3a0 flushing  nmethod 0x00000215c1363590
Event: 2.054 Thread 0x00000215d58fa3a0 flushing  nmethod 0x00000215c1363990
Event: 2.054 Thread 0x00000215d58fa3a0 flushing  nmethod 0x00000215c1364b90
Event: 2.054 Thread 0x00000215d58fa3a0 flushing  nmethod 0x00000215c1367290
Event: 2.054 Thread 0x00000215d58fa3a0 flushing  nmethod 0x00000215c1368490
Event: 2.054 Thread 0x00000215d58fa3a0 flushing  nmethod 0x00000215c1368810
Event: 2.054 Thread 0x00000215d58fa3a0 flushing  nmethod 0x00000215c137d710
Event: 2.054 Thread 0x00000215d58fa3a0 flushing  nmethod 0x00000215c137eb10
Event: 2.054 Thread 0x00000215d58fa3a0 flushing  nmethod 0x00000215c1380810
Event: 2.054 Thread 0x00000215d58fa3a0 flushing  nmethod 0x00000215c1384610
Event: 2.054 Thread 0x00000215d58fa3a0 flushing  nmethod 0x00000215c1387210
Event: 2.054 Thread 0x00000215d58fa3a0 flushing  nmethod 0x00000215c1387710

Events (20 events):
Event: 0.090 Thread 0x00000215bbd34280 Thread added: 0x00000215d595dd70
Event: 0.091 Thread 0x00000215bbd34280 Thread added: 0x00000215d59669c0
Event: 0.091 Thread 0x00000215bbd34280 Thread added: 0x00000215d596b850
Event: 0.092 Thread 0x00000215bbd34280 Thread added: 0x00000215d5967d00
Event: 0.092 Thread 0x00000215bbd34280 Thread added: 0x00000215d5969b10
Event: 0.092 Thread 0x00000215bbd34280 Thread added: 0x00000215d596a9c0
Event: 0.092 Thread 0x00000215bbd34280 Thread added: 0x00000215d5983cd0
Event: 0.136 Thread 0x00000215bbd34280 Thread added: 0x00000215d5b2b7a0
Event: 0.140 Thread 0x00000215bbd34280 Thread added: 0x00000215d5b2e3d0
Event: 0.146 Loaded shared library C:\Program Files\Android\Android Studio\jbr\bin\net.dll
Event: 0.147 Loaded shared library C:\Program Files\Android\Android Studio\jbr\bin\nio.dll
Event: 0.165 Thread 0x00000215d596a9c0 Thread added: 0x00000215d5985ee0
Event: 0.165 Thread 0x00000215d596a9c0 Thread added: 0x00000215d5985810
Event: 0.174 Loaded shared library C:\Program Files\Android\Android Studio\jbr\bin\zip.dll
Event: 0.206 Loaded shared library C:\Program Files\Android\Android Studio\jbr\bin\jimage.dll
Event: 0.994 Thread 0x00000215d5985810 Thread exited: 0x00000215d5985810
Event: 1.306 Thread 0x00000215d5985ee0 Thread added: 0x00000215d5983600
Event: 1.743 Thread 0x00000215d5983600 Thread exited: 0x00000215d5983600
Event: 2.218 Thread 0x00000215d5985ee0 Thread exited: 0x00000215d5985ee0
Event: 2.777 Thread 0x00000215d5983cd0 Thread added: 0x00000215dbed6740


Dynamic libraries:
0x00007ff680530000 - 0x00007ff68053a000 	C:\Program Files\Android\Android Studio\jbr\bin\java.exe
0x00007ff9cc1c0000 - 0x00007ff9cc427000 	C:\WINDOWS\SYSTEM32\ntdll.dll
0x00007ff9cb6e0000 - 0x00007ff9cb7a9000 	C:\WINDOWS\System32\KERNEL32.DLL
0x00007ff9c94f0000 - 0x00007ff9c98df000 	C:\WINDOWS\System32\KERNELBASE.dll
0x00007ff9c9ca0000 - 0x00007ff9c9deb000 	C:\WINDOWS\System32\ucrtbase.dll
0x00007ff9ad8d0000 - 0x00007ff9ad8e8000 	C:\Program Files\Android\Android Studio\jbr\bin\jli.dll
0x00007ff9b99f0000 - 0x00007ff9b9a0b000 	C:\Program Files\Android\Android Studio\jbr\bin\VCRUNTIME140.dll
0x00007ff9b24e0000 - 0x00007ff9b2773000 	C:\WINDOWS\WinSxS\amd64_microsoft.windows.common-controls_6595b64144ccf1df_6.0.26100.7309_none_3e05feeae336a044\COMCTL32.dll
0x00007ff9caed0000 - 0x00007ff9caf79000 	C:\WINDOWS\System32\msvcrt.dll
0x00007ff9cb7b0000 - 0x00007ff9cb7db000 	C:\WINDOWS\System32\GDI32.dll
0x00007ff9c9bc0000 - 0x00007ff9c9be7000 	C:\WINDOWS\System32\win32u.dll
0x00007ff9c93c0000 - 0x00007ff9c94ec000 	C:\WINDOWS\System32\gdi32full.dll
0x00007ff9c9310000 - 0x00007ff9c93b3000 	C:\WINDOWS\System32\msvcp_win.dll
0x00007ff9cbb70000 - 0x00007ff9cbd35000 	C:\WINDOWS\System32\USER32.dll
0x00007ff9cab50000 - 0x00007ff9cab81000 	C:\WINDOWS\System32\IMM32.DLL
0x00007ff9c0b60000 - 0x00007ff9c0b6c000 	C:\Program Files\Android\Android Studio\jbr\bin\vcruntime140_1.dll
0x00007ff979790000 - 0x00007ff97981d000 	C:\Program Files\Android\Android Studio\jbr\bin\msvcp140.dll
0x00007ff8e8d20000 - 0x00007ff8e99ab000 	C:\Program Files\Android\Android Studio\jbr\bin\server\jvm.dll
0x00007ff9ca2a0000 - 0x00007ff9ca354000 	C:\WINDOWS\System32\ADVAPI32.dll
0x00007ff9cb1a0000 - 0x00007ff9cb246000 	C:\WINDOWS\System32\sechost.dll
0x00007ff9cacd0000 - 0x00007ff9cade8000 	C:\WINDOWS\System32\RPCRT4.dll
0x00007ff9caf80000 - 0x00007ff9caff4000 	C:\WINDOWS\System32\WS2_32.dll
0x00007ff9c9170000 - 0x00007ff9c91ce000 	C:\WINDOWS\SYSTEM32\POWRPROF.dll
0x00007ff9b8520000 - 0x00007ff9b852b000 	C:\WINDOWS\SYSTEM32\VERSION.dll
0x00007ff9aacc0000 - 0x00007ff9aacf5000 	C:\WINDOWS\SYSTEM32\WINMM.dll
0x00007ff9c9150000 - 0x00007ff9c9164000 	C:\WINDOWS\SYSTEM32\UMPDC.dll
0x00007ff9c80c0000 - 0x00007ff9c80db000 	C:\WINDOWS\SYSTEM32\kernel.appcore.dll
0x00007ff9bad20000 - 0x00007ff9bad2a000 	C:\Program Files\Android\Android Studio\jbr\bin\jimage.dll
0x00007ff9c3960000 - 0x00007ff9c3ba2000 	C:\WINDOWS\SYSTEM32\DBGHELP.DLL
0x00007ff9cb7e0000 - 0x00007ff9cbb66000 	C:\WINDOWS\System32\combase.dll
0x00007ff9cab90000 - 0x00007ff9cac66000 	C:\WINDOWS\System32\OLEAUT32.dll
0x00007ff999590000 - 0x00007ff9995cc000 	C:\WINDOWS\SYSTEM32\dbgcore.DLL
0x00007ff9c9bf0000 - 0x00007ff9c9c95000 	C:\WINDOWS\System32\bcryptPrimitives.dll
0x00007ff9b9890000 - 0x00007ff9b98b0000 	C:\Program Files\Android\Android Studio\jbr\bin\java.dll
0x00007ff9b9870000 - 0x00007ff9b9888000 	C:\Program Files\Android\Android Studio\jbr\bin\zip.dll
0x00007ff9ca360000 - 0x00007ff9caab3000 	C:\WINDOWS\System32\SHELL32.dll
0x00007ff9c9df0000 - 0x00007ff9c9f5a000 	C:\WINDOWS\System32\wintypes.dll
0x00007ff9c6ee0000 - 0x00007ff9c773e000 	C:\WINDOWS\SYSTEM32\windows.storage.dll
0x00007ff9cbd70000 - 0x00007ff9cbe65000 	C:\WINDOWS\System32\SHCORE.dll
0x00007ff9c9f60000 - 0x00007ff9c9fc6000 	C:\WINDOWS\System32\shlwapi.dll
0x00007ff9c9230000 - 0x00007ff9c9259000 	C:\WINDOWS\SYSTEM32\profapi.dll
0x00007ff9bab80000 - 0x00007ff9bab90000 	C:\Program Files\Android\Android Studio\jbr\bin\net.dll
0x00007ff9ba390000 - 0x00007ff9ba4b8000 	C:\WINDOWS\SYSTEM32\WINHTTP.dll
0x00007ff9c8630000 - 0x00007ff9c869b000 	C:\WINDOWS\system32\mswsock.dll
0x00007ff9b68a0000 - 0x00007ff9b68b6000 	C:\Program Files\Android\Android Studio\jbr\bin\nio.dll
0x00007ff9b7b70000 - 0x00007ff9b7b80000 	C:\Program Files\Android\Android Studio\jbr\bin\verify.dll

dbghelp: loaded successfully - version: 4.0.5 - missing functions: none
symbol engine: initialized successfully - sym options: 0x614 - pdb path: .;C:\Program Files\Android\Android Studio\jbr\bin;C:\WINDOWS\SYSTEM32;C:\WINDOWS\WinSxS\amd64_microsoft.windows.common-controls_6595b64144ccf1df_6.0.26100.7309_none_3e05feeae336a044;C:\Program Files\Android\Android Studio\jbr\bin\server

VM Arguments:
java_command: org.jetbrains.kotlin.cli.jvm.K2JVMCompiler @D:\Dicoding\Belajar Fundamental Aplikasi Android\GPT\4.3 Latihan Fragment + Navigation Component Advanced\app\build\20260118_6246164522656078392.compiler.options
java_class_path (initial): C:\Users\Asus\Downloads\gradle\gradle-9.0.0\caches\modules-2\files-2.1\org.jetbrains.kotlin\kotlin-compiler-embeddable\2.0.21\79346ed53db48b18312a472602eb5c057070c54d\kotlin-compiler-embeddable-2.0.21.jar;C:\Users\Asus\Downloads\gradle\gradle-9.0.0\caches\modules-2\files-2.1\org.jetbrains.kotlin\kotlin-stdlib\2.0.21\618b539767b4899b4660a83006e052b63f1db551\kotlin-stdlib-2.0.21.jar;C:\Users\Asus\Downloads\gradle\gradle-9.0.0\caches\modules-2\files-2.1\org.jetbrains.kotlin\kotlin-script-runtime\2.0.21\c9b044380ad41f89aa89aa896c2d32a8c0b2129d\kotlin-script-runtime-2.0.21.jar;C:\Users\Asus\Downloads\gradle\gradle-9.0.0\caches\modules-2\files-2.1\org.jetbrains.kotlin\kotlin-reflect\1.6.10\1cbe9c92c12a94eea200d23c2bbaedaf3daf5132\kotlin-reflect-1.6.10.jar;C:\Users\Asus\Downloads\gradle\gradle-9.0.0\caches\modules-2\files-2.1\org.jetbrains.kotlin\kotlin-daemon-embeddable\2.0.21\c9e933b23287de9b5a17e2116b4657bb91aea72c\kotlin-daemon-embeddable-2.0.21.jar;C:\Users\Asus\Downloads\gradle\gradle-9.0.0\caches\modules-2\files-2.1\org.jetbrains.intellij.deps\trove4j\1.0.20200330\3afb14d5f9ceb459d724e907a21145e8ff394f02\trove4j-1.0.20200330.jar;C:\Users\Asus\Downloads\gradle\gradle-9.0.0\caches\modules-2\files-2.1\org.jetbrains.kotlinx\kotlinx-coroutines-core-jvm\1.6.4\2c997cd1c0ef33f3e751d3831929aeff1390cb30\kotlinx-coroutines-core-jvm-1.6.4.jar;C:\Users\Asus\Downloads\gradle\gradle-9.0.0\caches\modules-2\files-2.1\org.jetbrains\annotations\13.0\919f0dfe192fb4e063e7dacadee7f8bb9a2672a9\annotations-13.0.jar
Launcher Type: SUN_STANDARD

[Global flags]
     intx CICompilerCount                          = 4                                         {product} {ergonomic}
     uint ConcGCThreads                            = 2                                         {product} {ergonomic}
     uint G1ConcRefinementThreads                  = 8                                         {product} {ergonomic}
   size_t G1HeapRegionSize                         = 1048576                                   {product} {ergonomic}
    uintx GCDrainStackTargetSize                   = 64                                        {product} {ergonomic}
   size_t InitialHeapSize                          = 132120576                                 {product} {ergonomic}
   size_t MarkStackSize                            = 4194304                                   {product} {ergonomic}
   size_t MaxHeapSize                              = 2095054848                                {product} {ergonomic}
   size_t MaxNewSize                               = 1256194048                                {product} {ergonomic}
   size_t MinHeapDeltaBytes                        = 1048576                                   {product} {ergonomic}
   size_t MinHeapSize                              = 8388608                                   {product} {ergonomic}
    uintx NonNMethodCodeHeapSize                   = 5839372                                {pd product} {ergonomic}
    uintx NonProfiledCodeHeapSize                  = 122909434                              {pd product} {ergonomic}
    uintx ProfiledCodeHeapSize                     = 122909434                              {pd product} {ergonomic}
    uintx ReservedCodeCacheSize                    = 251658240                              {pd product} {ergonomic}
     bool SegmentedCodeCache                       = true                                      {product} {ergonomic}
   size_t SoftMaxHeapSize                          = 2095054848                             {manageable} {ergonomic}
     bool UseCompressedOops                        = true                           {product lp64_product} {ergonomic}
     bool UseG1GC                                  = true                                      {product} {ergonomic}
     bool UseLargePagesIndividualAllocation        = false                                  {pd product} {ergonomic}

Logging:
Log output configuration:
 #0: stdout all=warning uptime,level,tags foldmultilines=false
 #1: stderr all=off uptime,level,tags foldmultilines=false

Environment Variables:
PATH=C:\Program Files\Common Files\Oracle\Java\javapath;C:\Python312\Scripts\;C:\Python312\;C:\Windows\system32;C:\Windows;C:\Windows\System32\Wbem;C:\Windows\System32\WindowsPowerShell\v1.0\;C:\Windows\System32\OpenSSH\;C:\Program Files (x86)\NVIDIA Corporation\PhysX\Common;C:\WINDOWS\system32;C:\WINDOWS;C:\WINDOWS\System32\Wbem;C:\WINDOWS\System32\WindowsPowerShell\v1.0\;C:\WINDOWS\System32\OpenSSH\;C:\php-8.3.9;C:\Program Files\nodejs\;C:\laragon\bin\nodejs\node-v20.15.1-win-x64;C:\ProgramData\chocolatey\bin;C:\composer;C:\Program Files\Git\cmd;C:\Program Files\Java\jdk-22\bin;C:\Program Files\Dart\dart-sdk\bin;C:\src\flutter\bin;C:\Dart\dart-sdk\bin;C:\gradle-9.0.0\bin;C:\Users\Asus\AppData\Local\Microsoft\WindowsApps;C:\Users\Asus\AppData\Local\Programs\Microsoft VS Code\bin;C:\Users\Asus\AppData\Roaming\npm;C:\Users\Asus\AppData\Roaming\Composer\vendor\bin;C:\src\flutter\bin;C:\Dart\dart-sdk\bin;
USERNAME=Asus
OS=Windows_NT
PROCESSOR_IDENTIFIER=Intel64 Family 6 Model 142 Stepping 12, GenuineIntel
TMP=C:\Users\Asus\AppData\Local\Temp
TEMP=C:\Users\Asus\AppData\Local\Temp




Periodic native trim disabled

JNI global refs:
JNI global refs: 8, weak refs: 2

JNI global refs memory usage: 835, weak refs: 833

Process memory usage:
Resident Set Size: 202004K (2% of 8182576K total physical memory with 563308K free physical memory)

OOME stack traces (most recent first):
Classloader memory used:
Loader jdk.internal.loader.ClassLoaders$AppClassLoader                                 : 40399K
Loader bootstrap                                                                       : 10537K
Loader java.net.URLClassLoader                                                         : 150K

---------------  S Y S T E M  ---------------

OS:
 Windows 11 , 64 bit Build 26100 (10.0.26100.7623)
OS uptime: 3 days 11:28 hours
Hyper-V role detected

CPU: total 8 (initial active 8) (4 cores per cpu, 2 threads per core) family 6 model 142 stepping 12 microcode 0xde, cx8, cmov, fxsr, ht, mmx, 3dnowpref, sse, sse2, sse3, ssse3, sse4.1, sse4.2, popcnt, lzcnt, tsc, tscinvbit, avx, avx2, aes, erms, clmul, bmi1, bmi2, adx, fma, vzeroupper, clflush, clflushopt, hv, rdtscp, f16c
Processor Information for the first 8 processors :
  Max Mhz: 2304, Current Mhz: 1803, Mhz Limit: 1797

Memory: 4k page, system-wide physical 7990M (553M free)
TotalPageFile size 16182M (AvailPageFile size 12M)
current process WorkingSet (physical memory assigned to process): 197M, peak: 197M
current process commit charge ("private bytes"): 238M, peak: 239M

vm_info: OpenJDK 64-Bit Server VM (21.0.6+-13391695-b895.109) for windows-amd64 JRE (21.0.6+-13391695-b895.109), built on 2025-04-22T21:19:17Z by "builder" with MS VC++ 16.10 / 16.11 (VS2019)

END.
